Archive member included to satisfy reference by file (symbol)

c:/nxp/mcuxpressoide_11.1.0_3209/ide/plugins/com.nxp.mcuxpresso.tools.win32_11.1.0.201909161352/tools/bin/../lib/gcc/arm-none-eabi/8.3.1/thumb/v6-m/nofp\libgcc.a(_udivsi3.o)
                              ./freertos/fsl_tickless_lptmr.o (__aeabi_uidiv)
c:/nxp/mcuxpressoide_11.1.0_3209/ide/plugins/com.nxp.mcuxpresso.tools.win32_11.1.0.201909161352/tools/bin/../lib/gcc/arm-none-eabi/8.3.1/thumb/v6-m/nofp\libgcc.a(_divsi3.o)
                              ./drivers/fsl_tpm.o (__aeabi_idiv)
c:/nxp/mcuxpressoide_11.1.0_3209/ide/plugins/com.nxp.mcuxpresso.tools.win32_11.1.0.201909161352/tools/bin/../lib/gcc/arm-none-eabi/8.3.1/thumb/v6-m/nofp\libgcc.a(_dvmd_tls.o)
                              c:/nxp/mcuxpressoide_11.1.0_3209/ide/plugins/com.nxp.mcuxpresso.tools.win32_11.1.0.201909161352/tools/bin/../lib/gcc/arm-none-eabi/8.3.1/thumb/v6-m/nofp\libgcc.a(_udivsi3.o) (__aeabi_idiv0)
c:/nxp/mcuxpressoide_11.1.0_3209/ide/plugins/com.nxp.mcuxpresso.tools.win32_11.1.0.201909161352/tools/bin/../lib/gcc/arm-none-eabi/8.3.1/../../../../arm-none-eabi/lib/thumb/v6-m/nofp\libc_nano.a(lib_a-init.o)
                              ./startup/startup_mkl25z4.o (__libc_init_array)
c:/nxp/mcuxpressoide_11.1.0_3209/ide/plugins/com.nxp.mcuxpresso.tools.win32_11.1.0.201909161352/tools/bin/../lib/gcc/arm-none-eabi/8.3.1/../../../../arm-none-eabi/lib/thumb/v6-m/nofp\libc_nano.a(lib_a-malloc.o)
                              ./source/cpp_config.o (malloc)
c:/nxp/mcuxpressoide_11.1.0_3209/ide/plugins/com.nxp.mcuxpresso.tools.win32_11.1.0.201909161352/tools/bin/../lib/gcc/arm-none-eabi/8.3.1/../../../../arm-none-eabi/lib/thumb/v6-m/nofp\libc_nano.a(lib_a-memcpy-stub.o)
                              ./freertos/queue.o (memcpy)
c:/nxp/mcuxpressoide_11.1.0_3209/ide/plugins/com.nxp.mcuxpresso.tools.win32_11.1.0.201909161352/tools/bin/../lib/gcc/arm-none-eabi/8.3.1/../../../../arm-none-eabi/lib/thumb/v6-m/nofp\libc_nano.a(lib_a-memset.o)
                              ./freertos/tasks.o (memset)
c:/nxp/mcuxpressoide_11.1.0_3209/ide/plugins/com.nxp.mcuxpresso.tools.win32_11.1.0.201909161352/tools/bin/../lib/gcc/arm-none-eabi/8.3.1/../../../../arm-none-eabi/lib/thumb/v6-m/nofp\libc_nano.a(lib_a-nano-freer.o)
                              c:/nxp/mcuxpressoide_11.1.0_3209/ide/plugins/com.nxp.mcuxpresso.tools.win32_11.1.0.201909161352/tools/bin/../lib/gcc/arm-none-eabi/8.3.1/../../../../arm-none-eabi/lib/thumb/v6-m/nofp\libc_nano.a(lib_a-malloc.o) (_free_r)
c:/nxp/mcuxpressoide_11.1.0_3209/ide/plugins/com.nxp.mcuxpresso.tools.win32_11.1.0.201909161352/tools/bin/../lib/gcc/arm-none-eabi/8.3.1/../../../../arm-none-eabi/lib/thumb/v6-m/nofp\libc_nano.a(lib_a-nano-mallocr.o)
                              c:/nxp/mcuxpressoide_11.1.0_3209/ide/plugins/com.nxp.mcuxpresso.tools.win32_11.1.0.201909161352/tools/bin/../lib/gcc/arm-none-eabi/8.3.1/../../../../arm-none-eabi/lib/thumb/v6-m/nofp\libc_nano.a(lib_a-malloc.o) (_malloc_r)
c:/nxp/mcuxpressoide_11.1.0_3209/ide/plugins/com.nxp.mcuxpresso.tools.win32_11.1.0.201909161352/tools/bin/../lib/gcc/arm-none-eabi/8.3.1/../../../../arm-none-eabi/lib/thumb/v6-m/nofp\libc_nano.a(lib_a-printf.o)
                              ./source/MKL25Z128xxx4_Elevator.o (printf)
c:/nxp/mcuxpressoide_11.1.0_3209/ide/plugins/com.nxp.mcuxpresso.tools.win32_11.1.0.201909161352/tools/bin/../lib/gcc/arm-none-eabi/8.3.1/../../../../arm-none-eabi/lib/thumb/v6-m/nofp\libc_nano.a(lib_a-sbrkr.o)
                              c:/nxp/mcuxpressoide_11.1.0_3209/ide/plugins/com.nxp.mcuxpresso.tools.win32_11.1.0.201909161352/tools/bin/../lib/gcc/arm-none-eabi/8.3.1/../../../../arm-none-eabi/lib/thumb/v6-m/nofp\libc_nano.a(lib_a-nano-mallocr.o) (_sbrk_r)
c:/nxp/mcuxpressoide_11.1.0_3209/ide/plugins/com.nxp.mcuxpresso.tools.win32_11.1.0.201909161352/tools/bin/../lib/gcc/arm-none-eabi/8.3.1/../../../../arm-none-eabi/lib/thumb/v6-m/nofp\libc_nano.a(lib_a-findfp.o)
                              c:/nxp/mcuxpressoide_11.1.0_3209/ide/plugins/com.nxp.mcuxpresso.tools.win32_11.1.0.201909161352/tools/bin/../lib/gcc/arm-none-eabi/8.3.1/../../../../arm-none-eabi/lib/thumb/v6-m/nofp\libc_nano.a(lib_a-printf.o) (__sinit)
c:/nxp/mcuxpressoide_11.1.0_3209/ide/plugins/com.nxp.mcuxpresso.tools.win32_11.1.0.201909161352/tools/bin/../lib/gcc/arm-none-eabi/8.3.1/../../../../arm-none-eabi/lib/thumb/v6-m/nofp\libc_nano.a(lib_a-fwalk.o)
                              c:/nxp/mcuxpressoide_11.1.0_3209/ide/plugins/com.nxp.mcuxpresso.tools.win32_11.1.0.201909161352/tools/bin/../lib/gcc/arm-none-eabi/8.3.1/../../../../arm-none-eabi/lib/thumb/v6-m/nofp\libc_nano.a(lib_a-findfp.o) (_fwalk)
c:/nxp/mcuxpressoide_11.1.0_3209/ide/plugins/com.nxp.mcuxpresso.tools.win32_11.1.0.201909161352/tools/bin/../lib/gcc/arm-none-eabi/8.3.1/../../../../arm-none-eabi/lib/thumb/v6-m/nofp\libc_nano.a(lib_a-impure.o)
[...]
Memory Configuration

Name             Origin             Length             Attributes
PROGRAM_FLASH    0x00000000         0x00020000         xr
SRAM             0x1ffff000         0x00004000         xrw
*default*        0x00000000         0xffffffff

Linker script and memory map

LOAD ./utilities/fsl_debug_console.o
LOAD ./startup/startup_mkl25z4.o
LOAD ./source/Ringbuffer/RingBuffer.o
LOAD ./source/Ringbuffer/RingBufferWrapper.o
LOAD ./source/MKL25Z128xxx4_Elevator.o
LOAD ./source/cpp_config.o
LOAD ./source/mtb.o
LOAD ./source/semihost_hardfault.o
LOAD ./freertos/croutine.o
LOAD ./freertos/event_groups.o
LOAD ./freertos/fsl_tickless_lptmr.o
LOAD ./freertos/fsl_tickless_systick.o
LOAD ./freertos/heap_4.o
LOAD ./freertos/list.o
LOAD ./freertos/port.o
LOAD ./freertos/queue.o
LOAD ./freertos/tasks.o
LOAD ./freertos/timers.o
LOAD ./drivers/fsl_adc16.o
LOAD ./drivers/fsl_clock.o
LOAD ./drivers/fsl_cmp.o
LOAD ./drivers/fsl_common.o
LOAD ./drivers/fsl_cop.o
LOAD ./drivers/fsl_dac.o
LOAD ./drivers/fsl_dma.o
LOAD ./drivers/fsl_dmamux.o
LOAD ./drivers/fsl_flash.o
LOAD ./drivers/fsl_gpio.o
LOAD ./drivers/fsl_i2c.o
LOAD ./drivers/fsl_i2c_dma.o
LOAD ./drivers/fsl_i2c_freertos.o
LOAD ./drivers/fsl_llwu.o
LOAD ./drivers/fsl_lpsci.o
LOAD ./drivers/fsl_lpsci_dma.o
LOAD ./drivers/fsl_lpsci_freertos.o
LOAD ./drivers/fsl_lptmr.o
LOAD ./drivers/fsl_pit.o
LOAD ./drivers/fsl_pmc.o
LOAD ./drivers/fsl_rcm.o
LOAD ./drivers/fsl_rtc.o
LOAD ./drivers/fsl_sim.o
LOAD ./drivers/fsl_smc.o
LOAD ./drivers/fsl_spi.o
LOAD ./drivers/fsl_spi_dma.o
LOAD ./drivers/fsl_spi_freertos.o
LOAD ./drivers/fsl_tpm.o
LOAD ./drivers/fsl_tsi_v4.o
LOAD ./drivers/fsl_uart.o
LOAD ./drivers/fsl_uart_dma.o
LOAD ./drivers/fsl_uart_freertos.o
LOAD ./board/board.o
LOAD ./board/clock_config.o
LOAD ./board/peripherals.o
LOAD ./board/pin_mux.o
LOAD ./CMSIS_driver/fsl_i2c_cmsis.o
LOAD ./CMSIS_driver/fsl_lpsci_cmsis.o
LOAD ./CMSIS_driver/fsl_spi_cmsis.o
LOAD ./CMSIS_driver/fsl_uart_cmsis.o
LOAD ./CMSIS/system_MKL25Z4.o
START GROUP
LOAD c:/nxp/mcuxpressoide_11.1.0_3209/ide/plugins/com.nxp.mcuxpresso.tools.win32_11.1.0.201909161352/tools/bin/../lib/gcc/arm-none-eabi/8.3.1/thumb/v6-m/nofp\libgcc.a
LOAD c:/nxp/mcuxpressoide_11.1.0_3209/ide/plugins/com.nxp.mcuxpresso.tools.win32_11.1.0.201909161352/tools/bin/../lib/gcc/arm-none-eabi/8.3.1/../../../../arm-none-eabi/lib/thumb/v6-m/nofp\libc_nano.a
LOAD c:/nxp/mcuxpressoide_11.1.0_3209/ide/plugins/com.nxp.mcuxpresso.tools.win32_11.1.0.201909161352/tools/bin/../lib/gcc/arm-none-eabi/8.3.1/../../../../arm-none-eabi/lib/thumb/v6-m/nofp\libstdc++_nano.a
LOAD c:/nxp/mcuxpressoide_11.1.0_3209/ide/plugins/com.nxp.mcuxpresso.tools.win32_11.1.0.201909161352/tools/bin/../lib/gcc/arm-none-eabi/8.3.1/../../../../arm-none-eabi/lib/thumb/v6-m/nofp\libm.a
LOAD c:/nxp/mcuxpressoide_11.1.0_3209/ide/plugins/com.nxp.mcuxpresso.tools.win32_11.1.0.201909161352/tools/bin/../lib/gcc/arm-none-eabi/8.3.1/../../../../arm-none-eabi/lib/thumb/v6-m/nofp\libcr_newlib_semihost.a
LOAD c:/nxp/mcuxpressoide_11.1.0_3209/ide/plugins/com.nxp.mcuxpresso.tools.win32_11.1.0.201909161352/tools/bin/../lib/gcc/arm-none-eabi/8.3.1/thumb/v6-m/nofp\crti.o
LOAD c:/nxp/mcuxpressoide_11.1.0_3209/ide/plugins/com.nxp.mcuxpresso.tools.win32_11.1.0.201909161352/tools/bin/../lib/gcc/arm-none-eabi/8.3.1/thumb/v6-m/nofp\crtn.o
LOAD c:/nxp/mcuxpressoide_11.1.0_3209/ide/plugins/com.nxp.mcuxpresso.tools.win32_11.1.0.201909161352/tools/bin/../lib/gcc/arm-none-eabi/8.3.1/thumb/v6-m/nofp\crtbegin.o
LOAD c:/nxp/mcuxpressoide_11.1.0_3209/ide/plugins/com.nxp.mcuxpresso.tools.win32_11.1.0.201909161352/tools/bin/../lib/gcc/arm-none-eabi/8.3.1/thumb/v6-m/nofp\crtend.o
END GROUP
                0x00000000                __base_PROGRAM_FLASH = 0x0
                0x00000000                __base_Flash = 0x0
                0x00020000                __top_PROGRAM_FLASH = 0x20000
                0x00020000                __top_Flash = 0x20000
                0x1ffff000                __base_SRAM = 0x1ffff000
                0x1ffff000                __base_RAM = 0x1ffff000
                0x20003000                __top_SRAM = 0x20003000
                0x20003000                __top_RAM = 0x20003000

.text           0x00000000     0x4448
 FILL mask 0xff
                0x00000000                __vectors_start__ = ABSOLUTE (.)
 *(SORT_BY_ALIGNMENT(.isr_vector))
 .isr_vector    0x00000000       0xc0 ./startup/startup_mkl25z4.o
                0x00000000                g_pfnVectors
                0x00000000                __Vectors
                0x000000c0                . = ALIGN (0x4)
                0x000000c0                __section_table_start = .
                0x000000c0                __data_section_table = .
                0x000000c0        0x4 LONG 0x4448 LOADADDR (.data)
                0x000000c4        0x4 LONG 0x1ffff080 ADDR (.data)
                0x000000c8        0x4 LONG 0x1e4 SIZEOF (.data)
                0x000000cc                __data_section_table_end = .
                0x000000cc                __bss_section_table = .
                0x000000cc        0x4 LONG 0x1ffff264 ADDR (.bss)
                0x000000d0        0x4 LONG 0x27c SIZEOF (.bss)
                0x000000d4                __bss_section_table_end = .
                0x000000d4                __section_table_end = .
 *(SORT_BY_ALIGNMENT(.after_vectors*))
 .after_vectors.reset
                0x000000d4       0x50 ./startup/startup_mkl25z4.o
                0x000000d4                ResetISR
 .after_vectors.init_data
                0x00000124       0x12 ./startup/startup_mkl25z4.o
                0x00000124                data_init(unsigned int, unsigned int, unsigned int)
 .after_vectors.init_bss
                0x00000136       0x10 ./startup/startup_mkl25z4.o
                0x00000136                bss_init(unsigned int, unsigned int)
 .after_vectors
                0x00000146      0x10c ./startup/startup_mkl25z4.o
                0x00000146                NMI_Handler
                0x00000150                PORTD_DriverIRQHandler
                0x00000150                LPTMR0_DriverIRQHandler
                0x00000150                Reserved39_DriverIRQHandler
                0x00000150                PIT_DriverIRQHandler
                0x00000150                CMP0_DriverIRQHandler
                0x00000150                ADC0_DriverIRQHandler
                0x00000150                TPM0_DriverIRQHandler
                0x00000150                TPM2_DriverIRQHandler
                0x00000150                RTC_DriverIRQHandler
                0x00000150                TPM1_DriverIRQHandler
                0x00000150                TSI0_DriverIRQHandler
                0x00000150                RTC_Seconds_DriverIRQHandler
                0x00000150                PORTA_DriverIRQHandler
                0x00000150                LLWU_DriverIRQHandler
                0x00000150                MCG_DriverIRQHandler
                0x00000150                Reserved45_DriverIRQHandler
                0x00000150                Reserved20_DriverIRQHandler
                0x00000150                DAC0_DriverIRQHandler
                0x00000150                FTFA_DriverIRQHandler
                0x00000150                IntDefaultHandler
                0x00000150                USB0_DriverIRQHandler
                0x00000150                LVD_LVW_DriverIRQHandler
                0x00000152                DMA0_IRQHandler
                0x0000015a                DMA1_IRQHandler
                0x00000162                DMA2_IRQHandler
                0x0000016a                DMA3_IRQHandler
                0x00000172                Reserved20_IRQHandler
                0x0000017a                FTFA_IRQHandler
                0x00000182                LVD_LVW_IRQHandler
                0x0000018a                LLWU_IRQHandler
                0x00000192                I2C0_IRQHandler
                0x0000019a                I2C1_IRQHandler
                0x000001a2                SPI0_IRQHandler
                0x000001aa                SPI1_IRQHandler
                0x000001ba                UART1_IRQHandler
                0x000001c2                UART2_IRQHandler
                0x000001ca                ADC0_IRQHandler
                0x000001d2                CMP0_IRQHandler
                0x000001da                TPM0_IRQHandler
                0x000001e2                TPM1_IRQHandler
                0x000001ea                TPM2_IRQHandler
                0x000001f2                RTC_IRQHandler
                0x000001fa                RTC_Seconds_IRQHandler
                0x00000202                PIT_IRQHandler
                0x0000020a                Reserved39_IRQHandler
                0x00000212                USB0_IRQHandler
                0x0000021a                DAC0_IRQHandler
                0x00000222                TSI0_IRQHandler
                0x0000022a                MCG_IRQHandler
                0x00000232                LPTMR0_IRQHandler
                0x0000023a                Reserved45_IRQHandler
                0x00000242                PORTA_IRQHandler
                0x0000024a                PORTD_IRQHandler
                0x00000400                . = 0x400
 *fill*         0x00000252      0x1ae ff
                0x00000400                PROVIDE (__FLASH_CONFIG_START__ = .)
 *(SORT_BY_ALIGNMENT(.FlashConfig))
 .FlashConfig   0x00000400       0x10 ./startup/startup_mkl25z4.o
                0x00000410                PROVIDE (__FLASH_CONFIG_END__ = .)
                0x00000001                ASSERT (! ((__FLASH_CONFIG_START__ == __FLASH_CONFIG_END__)), Linker Flash Config Support Enabled, but no .FlashConfig section provided within application)
 *(SORT_BY_ALIGNMENT(.text*))
 .text.PendSV_Handler
                0x00000410       0x48 ./freertos/port.o
                0x00000410                PendSV_Handler
 .text.DbgConsole_Init
                0x00000458       0xf0 ./utilities/fsl_debug_console.o
                0x00000458                DbgConsole_Init
 .text.RbufferNumOfElements
                0x00000548       0x34 ./source/Ringbuffer/RingBuffer.o
                0x00000548                RbufferNumOfElements
 .text._ZN17RingBufferWrapperC2EPhj
                0x0000057c       0x30 ./source/Ringbuffer/RingBufferWrapper.o
                0x0000057c                RingBufferWrapper::RingBufferWrapper(unsigned char*, unsigned int)
                0x0000057c                RingBufferWrapper::RingBufferWrapper(unsigned char*, unsigned int)
 .text._ZN17RingBufferWrapperD2Ev
                0x000005ac       0x28 ./source/Ringbuffer/RingBufferWrapper.o
                0x000005ac                RingBufferWrapper::~RingBufferWrapper()
                0x000005ac                RingBufferWrapper::~RingBufferWrapper()
 .text.NVIC_EnableIRQ
                0x000005d4       0x2c ./source/MKL25Z128xxx4_Elevator.o
 .text.CLOCK_SetLpsci0Clock
                0x00000600       0x38 ./source/MKL25Z128xxx4_Elevator.o
 .text._Z8get_crc8PKhh
                0x00000638       0x68 ./source/MKL25Z128xxx4_Elevator.o
                0x00000638                get_crc8(unsigned char const*, unsigned char)
 .text.UART0_IRQHandler
                0x000006a0       0x5c ./source/MKL25Z128xxx4_Elevator.o
                0x000006a0                UART0_IRQHandler
 .text.main     0x000006fc      0x17c ./source/MKL25Z128xxx4_Elevator.o
                0x000006fc                main
 .text._Z41__static_initialization_and_destruction_0ii
                0x00000878       0x6c ./source/MKL25Z128xxx4_Elevator.o
 .text._GLOBAL__sub_I_g_tipString
                0x000008e4       0x18 ./source/MKL25Z128xxx4_Elevator.o
 .text.HardFault_Handler
                0x000008fc       0x30 ./source/semihost_hardfault.o
                0x000008fc                HardFault_Handler
 .text.vPortYield
                0x0000092c       0x20 ./freertos/port.o
                0x0000092c                vPortYield
 .text.vPortEnterCritical
                0x0000094c       0x24 ./freertos/port.o
                0x0000094c                vPortEnterCritical
 .text.vPortExitCritical
                0x00000970       0x30 ./freertos/port.o
                0x00000970                vPortExitCritical
 .text.SysTick_Handler
                0x000009a0       0x34 ./freertos/port.o
                0x000009a0                SysTick_Handler
 .text.xTaskIncrementTick
                0x000009d4      0x14c ./freertos/tasks.o
                0x000009d4                xTaskIncrementTick
 .text.vTaskSwitchContext
                0x00000b20       0xa4 ./freertos/tasks.o
                0x00000b20                vTaskSwitchContext
 .text.prvResetNextTaskUnblockTime
                0x00000bc4       0x48 ./freertos/tasks.o
 .text.xTaskGenericNotify
                0x00000c0c      0x118 ./freertos/tasks.o
                0x00000c0c                xTaskGenericNotify
 .text.xTaskGenericNotifyFromISR
                0x00000d24      0x154 ./freertos/tasks.o
                0x00000d24                xTaskGenericNotifyFromISR
 .text.CLOCK_SetEr32kClock
                0x00000e78       0x34 ./drivers/fsl_clock.o
 .text.CLOCK_SetPllFllSelClock
                0x00000eac       0x38 ./drivers/fsl_clock.o
 .text.CLOCK_GetMcgExtClkFreq
                0x00000ee4       0x34 ./drivers/fsl_clock.o
 .text.CLOCK_GetFllExtRefClkFreq
                0x00000f18       0xa4 ./drivers/fsl_clock.o
 .text.CLOCK_GetInternalRefClkSelectFreq
                0x00000fbc       0x40 ./drivers/fsl_clock.o
 .text.CLOCK_GetFllRefClkFreq
                0x00000ffc       0x2c ./drivers/fsl_clock.o
 .text.CLOCK_GetOscRangeFromFreq
                0x00001028       0x4c ./drivers/fsl_clock.o
 .text.CLOCK_GetOsc0ErClkFreq
                0x00001074       0x4c ./drivers/fsl_clock.o
                0x00001074                CLOCK_GetOsc0ErClkFreq
 .text.CLOCK_GetEr32kClkFreq
                0x000010c0       0x84 ./drivers/fsl_clock.o
                0x000010c0                CLOCK_GetEr32kClkFreq
 .text.CLOCK_GetPllFllSelClkFreq
                0x00001144       0x4c ./drivers/fsl_clock.o
                0x00001144                CLOCK_GetPllFllSelClkFreq
 .text.CLOCK_GetFreq
                0x00001190       0xe0 ./drivers/fsl_clock.o
                0x00001190                CLOCK_GetFreq
 .text.CLOCK_SetSimConfig
                0x00001270       0x38 ./drivers/fsl_clock.o
                0x00001270                CLOCK_SetSimConfig
 .text.CLOCK_GetOutClkFreq
                0x000012a8       0x68 ./drivers/fsl_clock.o
                0x000012a8                CLOCK_GetOutClkFreq
 .text.CLOCK_GetFllFreq
                0x00001310       0x84 ./drivers/fsl_clock.o
                0x00001310                CLOCK_GetFllFreq
 .text.CLOCK_GetInternalRefClkFreq
                0x00001394       0x28 ./drivers/fsl_clock.o
                0x00001394                CLOCK_GetInternalRefClkFreq
 .text.CLOCK_GetPll0Freq
                0x000013bc       0x80 ./drivers/fsl_clock.o
                0x000013bc                CLOCK_GetPll0Freq
 .text.CLOCK_SetInternalRefClkConfig
                0x0000143c      0x124 ./drivers/fsl_clock.o
                0x0000143c                CLOCK_SetInternalRefClkConfig
 .text.CLOCK_EnablePll0
                0x00001560       0xa0 ./drivers/fsl_clock.o
                0x00001560                CLOCK_EnablePll0
 .text.CLOCK_InitOsc0
                0x00001600       0x94 ./drivers/fsl_clock.o
                0x00001600                CLOCK_InitOsc0
 .text.CLOCK_SetPbeMode
                0x00001694       0xc0 ./drivers/fsl_clock.o
                0x00001694                CLOCK_SetPbeMode
 .text.CLOCK_BootToPeeMode
                0x00001754       0x80 ./drivers/fsl_clock.o
                0x00001754                CLOCK_BootToPeeMode
 .text.__assert_func
                0x000017d4       0x28 ./drivers/fsl_common.o
                0x000017d4                __assert_func
 .text.DMA_ClearChannelStatusFlags
                0x000017fc       0x64 ./drivers/fsl_dma.o
 .text.DMA_HandleIRQ
                0x00001860       0x60 ./drivers/fsl_dma.o
                0x00001860                DMA_HandleIRQ
 .text.DMA0_DriverIRQHandler
                0x000018c0       0x18 ./drivers/fsl_dma.o
                0x000018c0                DMA0_DriverIRQHandler
 .text.DMA1_DriverIRQHandler
                0x000018d8       0x18 ./drivers/fsl_dma.o
                0x000018d8                DMA1_DriverIRQHandler
 .text.DMA2_DriverIRQHandler
                0x000018f0       0x18 ./drivers/fsl_dma.o
                0x000018f0                DMA2_DriverIRQHandler
 .text.DMA3_DriverIRQHandler
                0x00001908       0x18 ./drivers/fsl_dma.o
                0x00001908                DMA3_DriverIRQHandler
 .text.I2C_TransferCommonIRQHandler
                0x00001920       0x54 ./drivers/fsl_i2c.o
 .text.I2C0_DriverIRQHandler
                0x00001974       0x20 ./drivers/fsl_i2c.o
                0x00001974                I2C0_DriverIRQHandler
 .text.I2C1_DriverIRQHandler
                0x00001994       0x20 ./drivers/fsl_i2c.o
                0x00001994                I2C1_DriverIRQHandler
 .text.CLOCK_EnableClock
                0x000019b4       0x34 ./drivers/fsl_lpsci.o
 .text.LPSCI_GetInstance
                0x000019e8       0x54 ./drivers/fsl_lpsci.o
                0x000019e8                LPSCI_GetInstance
 .text.LPSCI_Init
                0x00001a3c      0x268 ./drivers/fsl_lpsci.o
                0x00001a3c                LPSCI_Init
 .text.LPSCI_GetDefaultConfig
                0x00001ca4       0x54 ./drivers/fsl_lpsci.o
                0x00001ca4                LPSCI_GetDefaultConfig
 .text.LPSCI_EnableInterrupts
                0x00001cf8       0x58 ./drivers/fsl_lpsci.o
                0x00001cf8                LPSCI_EnableInterrupts
 .text.LPSCI_ClearStatusFlags
                0x00001d50       0x94 ./drivers/fsl_lpsci.o
                0x00001d50                LPSCI_ClearStatusFlags
 .text.LPSCI_WriteBlocking
                0x00001de4       0x5c ./drivers/fsl_lpsci.o
                0x00001de4                LPSCI_WriteBlocking
 .text.LPSCI_ReadBlocking
                0x00001e40       0xd0 ./drivers/fsl_lpsci.o
                0x00001e40                LPSCI_ReadBlocking
 .text.UART0_DriverIRQHandler
                0x00001f10       0x24 ./drivers/fsl_lpsci.o
                0x00001f10                UART0_DriverIRQHandler
 .text.SPI_CommonIRQHandler
                0x00001f34       0x54 ./drivers/fsl_spi.o
 .text.SPI0_DriverIRQHandler
                0x00001f88       0x40 ./drivers/fsl_spi.o
                0x00001f88                SPI0_DriverIRQHandler
 .text.SPI1_DriverIRQHandler
                0x00001fc8       0x40 ./drivers/fsl_spi.o
                0x00001fc8                SPI1_DriverIRQHandler
 .text.CLOCK_EnableClock
                0x00002008       0x34 ./drivers/fsl_uart.o
 .text.UART_GetInstance
                0x0000203c       0x60 ./drivers/fsl_uart.o
                0x0000203c                UART_GetInstance
 .text.UART_Init
                0x0000209c      0x1f0 ./drivers/fsl_uart.o
                0x0000209c                UART_Init
 .text.UART_GetDefaultConfig
                0x0000228c       0x54 ./drivers/fsl_uart.o
                0x0000228c                UART_GetDefaultConfig
 .text.UART_ReadBlocking
                0x000022e0       0xa8 ./drivers/fsl_uart.o
                0x000022e0                UART_ReadBlocking
 .text.UART1_DriverIRQHandler
                0x00002388       0x24 ./drivers/fsl_uart.o
                0x00002388                UART1_DriverIRQHandler
 .text.UART2_DriverIRQHandler
                0x000023ac       0x24 ./drivers/fsl_uart.o
                0x000023ac                UART2_DriverIRQHandler
 .text.CLOCK_SetLpsci0Clock
                0x000023d0       0x38 ./board/board.o
 .text.BOARD_InitDebugConsole
                0x00002408       0x30 ./board/board.o
                0x00002408                BOARD_InitDebugConsole
 .text.CLOCK_SetSimSafeDivs
                0x00002438       0x20 ./board/clock_config.o
 .text.CLOCK_SetXtal0Freq
                0x00002458       0x1c ./board/clock_config.o
 .text.CLOCK_CONFIG_SetFllExtRefDiv
                0x00002474       0x3c ./board/clock_config.o
 .text.BOARD_BootClockRUN
                0x000024b0       0x64 ./board/clock_config.o
                0x000024b0                BOARD_BootClockRUN
 .text.CLOCK_EnableClock
                0x00002514       0x34 ./board/pin_mux.o
 .text.PORT_SetPinMux
                0x00002548       0x40 ./board/pin_mux.o
 .text.BOARD_InitPins
                0x00002588       0x4c ./board/pin_mux.o
                0x00002588                BOARD_InitPins
 .text.SystemInit
                0x000025d4       0x18 ./CMSIS/system_MKL25Z4.o
                0x000025d4                SystemInit
 .text          0x000025ec      0x114 c:/nxp/mcuxpressoide_11.1.0_3209/ide/plugins/com.nxp.mcuxpresso.tools.win32_11.1.0.201909161352/tools/bin/../lib/gcc/arm-none-eabi/8.3.1/thumb/v6-m/nofp\libgcc.a(_udivsi3.o)
                0x000025ec                __aeabi_uidiv
                0x000025ec                __udivsi3
                0x000026f8                __aeabi_uidivmod
 .text          0x00002700        0x4 c:/nxp/mcuxpressoide_11.1.0_3209/ide/plugins/com.nxp.mcuxpresso.tools.win32_11.1.0.201909161352/tools/bin/../lib/gcc/arm-none-eabi/8.3.1/thumb/v6-m/nofp\libgcc.a(_dvmd_tls.o)
                0x00002700                __aeabi_idiv0
                0x00002700                __aeabi_ldiv0
 .text.__libc_init_array
                0x00002704       0x48 c:/nxp/mcuxpressoide_11.1.0_3209/ide/plugins/com.nxp.mcuxpresso.tools.win32_11.1.0.201909161352/tools/bin/../lib/gcc/arm-none-eabi/8.3.1/../../../../arm-none-eabi/lib/thumb/v6-m/nofp\libc_nano.a(lib_a-init.o)
                0x00002704                __libc_init_array
 .text.free     0x0000274c       0x14 c:/nxp/mcuxpressoide_11.1.0_3209/ide/plugins/com.nxp.mcuxpresso.tools.win32_11.1.0.201909161352/tools/bin/../lib/gcc/arm-none-eabi/8.3.1/../../../../arm-none-eabi/lib/thumb/v6-m/nofp\libc_nano.a(lib_a-malloc.o)
                0x0000274c                free
 .text._free_r  0x00002760       0x94 c:/nxp/mcuxpressoide_11.1.0_3209/ide/plugins/com.nxp.mcuxpresso.tools.win32_11.1.0.201909161352/tools/bin/../lib/gcc/arm-none-eabi/8.3.1/../../../../arm-none-eabi/lib/thumb/v6-m/nofp\libc_nano.a(lib_a-nano-freer.o)
                0x00002760                _free_r
 .text._malloc_r
                0x000027f4       0xbc c:/nxp/mcuxpressoide_11.1.0_3209/ide/plugins/com.nxp.mcuxpresso.tools.win32_11.1.0.201909161352/tools/bin/../lib/gcc/arm-none-eabi/8.3.1/../../../../arm-none-eabi/lib/thumb/v6-m/nofp\libc_nano.a(lib_a-nano-mallocr.o)
                0x000027f4                _malloc_r
 .text.printf   0x000028b0       0x34 c:/nxp/mcuxpressoide_11.1.0_3209/ide/plugins/com.nxp.mcuxpresso.tools.win32_11.1.0.201909161352/tools/bin/../lib/gcc/arm-none-eabi/8.3.1/../../../../arm-none-eabi/lib/thumb/v6-m/nofp\libc_nano.a(lib_a-printf.o)
                0x000028b0                iprintf
                0x000028b0                printf
 .text._sbrk_r  0x000028e4       0x24 c:/nxp/mcuxpressoide_11.1.0_3209/ide/plugins/com.nxp.mcuxpresso.tools.win32_11.1.0.201909161352/tools/bin/../lib/gcc/arm-none-eabi/8.3.1/../../../../arm-none-eabi/lib/thumb/v6-m/nofp\libc_nano.a(lib_a-sbrkr.o)
                0x000028e4                _sbrk_r
 .text.std      0x00002908       0x48 c:/nxp/mcuxpressoide_11.1.0_3209/ide/plugins/com.nxp.mcuxpresso.tools.win32_11.1.0.201909161352/tools/bin/../lib/gcc/arm-none-eabi/8.3.1/../../../../arm-none-eabi/lib/thumb/v6-m/nofp\libc_nano.a(lib_a-findfp.o)
 .text._cleanup_r
                0x00002950       0x10 c:/nxp/mcuxpressoide_11.1.0_3209/ide/plugins/com.nxp.mcuxpresso.tools.win32_11.1.0.201909161352/tools/bin/../lib/gcc/arm-none-eabi/8.3.1/../../../../arm-none-eabi/lib/thumb/v6-m/nofp\libc_nano.a(lib_a-findfp.o)
                0x00002950                _cleanup_r
 .text.__sfp_lock_acquire
                0x00002960       0x10 c:/nxp/mcuxpressoide_11.1.0_3209/ide/plugins/com.nxp.mcuxpresso.tools.win32_11.1.0.201909161352/tools/bin/../lib/gcc/arm-none-eabi/8.3.1/../../../../arm-none-eabi/lib/thumb/v6-m/nofp\libc_nano.a(lib_a-findfp.o)
                0x00002960                __sfp_lock_acquire
 .text.__sfp_lock_release
                0x00002970       0x10 c:/nxp/mcuxpressoide_11.1.0_3209/ide/plugins/com.nxp.mcuxpresso.tools.win32_11.1.0.201909161352/tools/bin/../lib/gcc/arm-none-eabi/8.3.1/../../../../arm-none-eabi/lib/thumb/v6-m/nofp\libc_nano.a(lib_a-findfp.o)
                0x00002970                __sfp_lock_release
 .text.__sinit_lock_acquire
                0x00002980       0x10 c:/nxp/mcuxpressoide_11.1.0_3209/ide/plugins/com.nxp.mcuxpresso.tools.win32_11.1.0.201909161352/tools/bin/../lib/gcc/arm-none-eabi/8.3.1/../../../../arm-none-eabi/lib/thumb/v6-m/nofp\libc_nano.a(lib_a-findfp.o)
                0x00002980                __sinit_lock_acquire
 .text.__sinit_lock_release
                0x00002990       0x10 c:/nxp/mcuxpressoide_11.1.0_3209/ide/plugins/com.nxp.mcuxpresso.tools.win32_11.1.0.201909161352/tools/bin/../lib/gcc/arm-none-eabi/8.3.1/../../../../arm-none-eabi/lib/thumb/v6-m/nofp\libc_nano.a(lib_a-findfp.o)
                0x00002990                __sinit_lock_release
 .text.__sinit  0x000029a0       0x70 c:/nxp/mcuxpressoide_11.1.0_3209/ide/plugins/com.nxp.mcuxpresso.tools.win32_11.1.0.201909161352/tools/bin/../lib/gcc/arm-none-eabi/8.3.1/../../../../arm-none-eabi/lib/thumb/v6-m/nofp\libc_nano.a(lib_a-findfp.o)
                0x000029a0                __sinit
 .text.__sfp    0x00002a10       0x90 c:/nxp/mcuxpressoide_11.1.0_3209/ide/plugins/com.nxp.mcuxpresso.tools.win32_11.1.0.201909161352/tools/bin/../lib/gcc/arm-none-eabi/8.3.1/../../../../arm-none-eabi/lib/thumb/v6-m/nofp\libc_nano.a(lib_a-findfp.o)
                0x00002a10                __sfp
 .text.__malloc_lock
                0x00002aa0       0x10 c:/nxp/mcuxpressoide_11.1.0_3209/ide/plugins/com.nxp.mcuxpresso.tools.win32_11.1.0.201909161352/tools/bin/../lib/gcc/arm-none-eabi/8.3.1/../../../../arm-none-eabi/lib/thumb/v6-m/nofp\libc_nano.a(lib_a-mlock.o)
                0x00002aa0                __malloc_lock
 .text.__malloc_unlock
                0x00002ab0       0x10 c:/nxp/mcuxpressoide_11.1.0_3209/ide/plugins/com.nxp.mcuxpresso.tools.win32_11.1.0.201909161352/tools/bin/../lib/gcc/arm-none-eabi/8.3.1/../../../../arm-none-eabi/lib/thumb/v6-m/nofp\libc_nano.a(lib_a-mlock.o)
                0x00002ab0                __malloc_unlock
 .text._vfprintf_r
                0x00002ac0      0x26c c:/nxp/mcuxpressoide_11.1.0_3209/ide/plugins/com.nxp.mcuxpresso.tools.win32_11.1.0.201909161352/tools/bin/../lib/gcc/arm-none-eabi/8.3.1/../../../../arm-none-eabi/lib/thumb/v6-m/nofp\libc_nano.a(lib_a-nano-vfprintf.o)
                0x00002ac0                _vfprintf_r
                0x00002ac0                _vfiprintf_r
 .text._printf_i
                0x00002d2c      0x214 c:/nxp/mcuxpressoide_11.1.0_3209/ide/plugins/com.nxp.mcuxpresso.tools.win32_11.1.0.201909161352/tools/bin/../lib/gcc/arm-none-eabi/8.3.1/../../../../arm-none-eabi/lib/thumb/v6-m/nofp\libc_nano.a(lib_a-nano-vfprintf_i.o)
                0x00002d2c                _printf_i
 .text.__sread  0x00002f40       0x28 c:/nxp/mcuxpressoide_11.1.0_3209/ide/plugins/com.nxp.mcuxpresso.tools.win32_11.1.0.201909161352/tools/bin/../lib/gcc/arm-none-eabi/8.3.1/../../../../arm-none-eabi/lib/thumb/v6-m/nofp\libc_nano.a(lib_a-stdio.o)
                0x00002f40                __sread
 .text.__swrite
                0x00002f68       0x38 c:/nxp/mcuxpressoide_11.1.0_3209/ide/plugins/com.nxp.mcuxpresso.tools.win32_11.1.0.201909161352/tools/bin/../lib/gcc/arm-none-eabi/8.3.1/../../../../arm-none-eabi/lib/thumb/v6-m/nofp\libc_nano.a(lib_a-stdio.o)
                0x00002f68                __swrite
 .text.__sseek  0x00002fa0       0x2c c:/nxp/mcuxpressoide_11.1.0_3209/ide/plugins/com.nxp.mcuxpresso.tools.win32_11.1.0.201909161352/tools/bin/../lib/gcc/arm-none-eabi/8.3.1/../../../../arm-none-eabi/lib/thumb/v6-m/nofp\libc_nano.a(lib_a-stdio.o)
                0x00002fa0                __sseek
 .text.__swbuf_r
                0x00002fcc       0xac c:/nxp/mcuxpressoide_11.1.0_3209/ide/plugins/com.nxp.mcuxpresso.tools.win32_11.1.0.201909161352/tools/bin/../lib/gcc/arm-none-eabi/8.3.1/../../../../arm-none-eabi/lib/thumb/v6-m/nofp\libc_nano.a(lib_a-wbuf.o)
                0x00002fcc                __swbuf_r
 .text._write_r
                0x00003078       0x28 c:/nxp/mcuxpressoide_11.1.0_3209/ide/plugins/com.nxp.mcuxpresso.tools.win32_11.1.0.201909161352/tools/bin/../lib/gcc/arm-none-eabi/8.3.1/../../../../arm-none-eabi/lib/thumb/v6-m/nofp\libc_nano.a(lib_a-writer.o)
                0x00003078                _write_r
 .text.__swsetup_r
                0x000030a0       0xec c:/nxp/mcuxpressoide_11.1.0_3209/ide/plugins/com.nxp.mcuxpresso.tools.win32_11.1.0.201909161352/tools/bin/../lib/gcc/arm-none-eabi/8.3.1/../../../../arm-none-eabi/lib/thumb/v6-m/nofp\libc_nano.a(lib_a-wsetup.o)
                0x000030a0                __swsetup_r
 .text._close_r
                0x0000318c       0x24 c:/nxp/mcuxpressoide_11.1.0_3209/ide/plugins/com.nxp.mcuxpresso.tools.win32_11.1.0.201909161352/tools/bin/../lib/gcc/arm-none-eabi/8.3.1/../../../../arm-none-eabi/lib/thumb/v6-m/nofp\libc_nano.a(lib_a-closer.o)
                0x0000318c                _close_r
 .text.__sflush_r
                0x000031b0      0x114 c:/nxp/mcuxpressoide_11.1.0_3209/ide/plugins/com.nxp.mcuxpresso.tools.win32_11.1.0.201909161352/tools/bin/../lib/gcc/arm-none-eabi/8.3.1/../../../../arm-none-eabi/lib/thumb/v6-m/nofp\libc_nano.a(lib_a-fflush.o)
                0x000031b0                __sflush_r
 .text._fflush_r
                0x000032c4       0x80 c:/nxp/mcuxpressoide_11.1.0_3209/ide/plugins/com.nxp.mcuxpresso.tools.win32_11.1.0.201909161352/tools/bin/../lib/gcc/arm-none-eabi/8.3.1/../../../../arm-none-eabi/lib/thumb/v6-m/nofp\libc_nano.a(lib_a-fflush.o)
                0x000032c4                _fflush_r
 .text._lseek_r
                0x00003344       0x28 c:/nxp/mcuxpressoide_11.1.0_3209/ide/plugins/com.nxp.mcuxpresso.tools.win32_11.1.0.201909161352/tools/bin/../lib/gcc/arm-none-eabi/8.3.1/../../../../arm-none-eabi/lib/thumb/v6-m/nofp\libc_nano.a(lib_a-lseekr.o)
                0x00003344                _lseek_r
 .text.__swhatbuf_r
                0x0000336c       0x50 c:/nxp/mcuxpressoide_11.1.0_3209/ide/plugins/com.nxp.mcuxpresso.tools.win32_11.1.0.201909161352/tools/bin/../lib/gcc/arm-none-eabi/8.3.1/../../../../arm-none-eabi/lib/thumb/v6-m/nofp\libc_nano.a(lib_a-makebuf.o)
                0x0000336c                __swhatbuf_r
 .text.__smakebuf_r
                0x000033bc       0x88 c:/nxp/mcuxpressoide_11.1.0_3209/ide/plugins/com.nxp.mcuxpresso.tools.win32_11.1.0.201909161352/tools/bin/../lib/gcc/arm-none-eabi/8.3.1/../../../../arm-none-eabi/lib/thumb/v6-m/nofp\libc_nano.a(lib_a-makebuf.o)
                0x000033bc                __smakebuf_r
 .text._read_r  0x00003444       0x28 c:/nxp/mcuxpressoide_11.1.0_3209/ide/plugins/com.nxp.mcuxpresso.tools.win32_11.1.0.201909161352/tools/bin/../lib/gcc/arm-none-eabi/8.3.1/../../../../arm-none-eabi/lib/thumb/v6-m/nofp\libc_nano.a(lib_a-readr.o)
                0x00003444                _read_r
 .text._fstat_r
                0x0000346c       0x24 c:/nxp/mcuxpressoide_11.1.0_3209/ide/plugins/com.nxp.mcuxpresso.tools.win32_11.1.0.201909161352/tools/bin/../lib/gcc/arm-none-eabi/8.3.1/../../../../arm-none-eabi/lib/thumb/v6-m/nofp\libc_nano.a(lib_a-fstatr.o)
                0x0000346c                _fstat_r
 .text._isatty_r
                0x00003490       0x24 c:/nxp/mcuxpressoide_11.1.0_3209/ide/plugins/com.nxp.mcuxpresso.tools.win32_11.1.0.201909161352/tools/bin/../lib/gcc/arm-none-eabi/8.3.1/../../../../arm-none-eabi/lib/thumb/v6-m/nofp\libc_nano.a(lib_a-isattyr.o)
                0x00003490                _isatty_r
 .text._sbrk    0x000034b4       0x40 c:/nxp/mcuxpressoide_11.1.0_3209/ide/plugins/com.nxp.mcuxpresso.tools.win32_11.1.0.201909161352/tools/bin/../lib/gcc/arm-none-eabi/8.3.1/../../../../arm-none-eabi/lib/thumb/v6-m/nofp\libcr_newlib_semihost.a(_cr_sbrk.o)
                0x000034b4                _sbrk
 .text.initialise_monitor_handles
                0x000034f4       0xa0 c:/nxp/mcuxpressoide_11.1.0_3209/ide/plugins/com.nxp.mcuxpresso.tools.win32_11.1.0.201909161352/tools/bin/../lib/gcc/arm-none-eabi/8.3.1/../../../../arm-none-eabi/lib/thumb/v6-m/nofp\libcr_newlib_semihost.a(syscalls.o)
 .text.findslot
                0x00003594       0x24 c:/nxp/mcuxpressoide_11.1.0_3209/ide/plugins/com.nxp.mcuxpresso.tools.win32_11.1.0.201909161352/tools/bin/../lib/gcc/arm-none-eabi/8.3.1/../../../../arm-none-eabi/lib/thumb/v6-m/nofp\libcr_newlib_semihost.a(syscalls.o)
 .text._close   0x000035b8       0x4c c:/nxp/mcuxpressoide_11.1.0_3209/ide/plugins/com.nxp.mcuxpresso.tools.win32_11.1.0.201909161352/tools/bin/../lib/gcc/arm-none-eabi/8.3.1/../../../../arm-none-eabi/lib/thumb/v6-m/nofp\libcr_newlib_semihost.a(syscalls.o)
                0x000035b8                _close
 .text.__check_heap_overflow
                0x00003604       0x14 c:/nxp/mcuxpressoide_11.1.0_3209/ide/plugins/com.nxp.mcuxpresso.tools.win32_11.1.0.201909161352/tools/bin/../lib/gcc/arm-none-eabi/8.3.1/../../../../arm-none-eabi/lib/thumb/v6-m/nofp\libcr_newlib_semihost.a(_cr_check_heap.o)
                0x00003604                __check_heap_overflow
 .text          0x00003618       0x48 c:/nxp/mcuxpressoide_11.1.0_3209/ide/plugins/com.nxp.mcuxpresso.tools.win32_11.1.0.201909161352/tools/bin/../lib/gcc/arm-none-eabi/8.3.1/thumb/v6-m/nofp\crtbegin.o
 .text.__errno  0x00003660        0xc c:/nxp/mcuxpressoide_11.1.0_3209/ide/plugins/com.nxp.mcuxpresso.tools.win32_11.1.0.201909161352/tools/bin/../lib/gcc/arm-none-eabi/8.3.1/../../../../arm-none-eabi/lib/thumb/v6-m/nofp\libc_nano.a(lib_a-errno.o)
                0x00003660                __errno
 .text.UART_EnableTx
                0x0000366c       0x40 ./utilities/fsl_debug_console.o
 .text.UART_EnableRx
                0x000036ac       0x40 ./utilities/fsl_debug_console.o
 .text.LPSCI_EnableTx
                0x000036ec       0x40 ./utilities/fsl_debug_console.o
 .text.LPSCI_EnableRx
                0x0000372c       0x40 ./utilities/fsl_debug_console.o
 .text.incrementAddress
                0x0000376c       0x36 ./source/Ringbuffer/RingBuffer.o
                0x0000376c                incrementAddress
 .text.RbufferRead
                0x000037a2       0x68 ./source/Ringbuffer/RingBuffer.o
                0x000037a2                RbufferRead
 .text.RbufferInit
                0x0000380a       0x3c ./source/Ringbuffer/RingBuffer.o
                0x0000380a                RbufferInit
 .text._ZN17RingBufferWrapperD0Ev
                0x00003846       0x24 ./source/Ringbuffer/RingBufferWrapper.o
                0x00003846                RingBufferWrapper::~RingBufferWrapper()
 .text._ZN17RingBufferWrapper4ReadEPhj
                0x0000386a       0x24 ./source/Ringbuffer/RingBufferWrapper.o
                0x0000386a                RingBufferWrapper::Read(unsigned char*, unsigned int)
 .text._ZN17RingBufferWrapper13NumOfElementsEv
                0x0000388e       0x1c ./source/Ringbuffer/RingBufferWrapper.o
                0x0000388e                RingBufferWrapper::NumOfElements()
 .text.EnableIRQ
                0x000038aa       0x2c ./source/MKL25Z128xxx4_Elevator.o
 .text.LPSCI_ReadByte
                0x000038d6       0x16 ./source/MKL25Z128xxx4_Elevator.o
 .text._ZdlPv   0x000038ec       0x18 ./source/cpp_config.o
                0x000038ec                operator delete(void*)
 .text.__aeabi_atexit
                0x00003904       0x16 ./source/cpp_config.o
                0x00003904                __aeabi_atexit
 .text.vListInsertEnd
                0x0000391a       0x44 ./freertos/list.o
                0x0000391a                vListInsertEnd
 .text.uxListRemove
                0x0000395e       0x50 ./freertos/list.o
                0x0000395e                uxListRemove
 .text.SVC_Handler
                0x000039ae        0xa ./freertos/port.o
                0x000039ae                SVC_Handler
 .text.ulSetInterruptMaskFromISR
                0x000039b8        0xc ./freertos/port.o
                0x000039b8                ulSetInterruptMaskFromISR
 .text.vClearInterruptMaskFromISR
                0x000039c4        0x8 ./freertos/port.o
                0x000039c4                vClearInterruptMaskFromISR
 .text.OSC_SetExtRefClkConfig
                0x000039cc       0x3e ./drivers/fsl_clock.o
 .text.OSC_SetCapLoad
                0x00003a0a       0x42 ./drivers/fsl_clock.o
 .text.CLOCK_GetPll0RefFreq
                0x00003a4c       0x10 ./drivers/fsl_clock.o
 .text.CLOCK_GetFixedFreqClkFreq
                0x00003a5c       0x30 ./drivers/fsl_clock.o
                0x00003a5c                CLOCK_GetFixedFreqClkFreq
 .text.CLOCK_SetExternalRefClkConfig
                0x00003a8c       0x16 ./drivers/fsl_clock.o
                0x00003a8c                CLOCK_SetExternalRefClkConfig
 .text.LPSCI_GetStatusFlags
                0x00003aa2       0x26 ./drivers/fsl_lpsci.o
                0x00003aa2                LPSCI_GetStatusFlags
 .text.UART_GetStatusFlags
                0x00003ac8       0x26 ./drivers/fsl_uart.o
                0x00003ac8                UART_GetStatusFlags
 .text.UART_WriteBlocking
                0x00003aee       0x3a ./drivers/fsl_uart.o
                0x00003aee                UART_WriteBlocking
 .text.BOARD_InitBootClocks
                0x00003b28        0xe ./board/clock_config.o
                0x00003b28                BOARD_InitBootClocks
 .text.BOARD_InitBootPeripherals
                0x00003b36        0xa ./board/peripherals.o
                0x00003b36                BOARD_InitBootPeripherals
 .text.BOARD_InitBootPins
                0x00003b40        0xe ./board/pin_mux.o
                0x00003b40                BOARD_InitBootPins
 .text.memset   0x00003b4e       0x10 c:/nxp/mcuxpressoide_11.1.0_3209/ide/plugins/com.nxp.mcuxpresso.tools.win32_11.1.0.201909161352/tools/bin/../lib/gcc/arm-none-eabi/8.3.1/../../../../arm-none-eabi/lib/thumb/v6-m/nofp\libc_nano.a(lib_a-memset.o)
                0x00003b4e                memset
 .text.__sfmoreglue
                0x00003b5e       0x2c c:/nxp/mcuxpressoide_11.1.0_3209/ide/plugins/com.nxp.mcuxpresso.tools.win32_11.1.0.201909161352/tools/bin/../lib/gcc/arm-none-eabi/8.3.1/../../../../arm-none-eabi/lib/thumb/v6-m/nofp\libc_nano.a(lib_a-findfp.o)
                0x00003b5e                __sfmoreglue
 .text._fwalk_reent
                0x00003b8a       0x42 c:/nxp/mcuxpressoide_11.1.0_3209/ide/plugins/com.nxp.mcuxpresso.tools.win32_11.1.0.201909161352/tools/bin/../lib/gcc/arm-none-eabi/8.3.1/../../../../arm-none-eabi/lib/thumb/v6-m/nofp\libc_nano.a(lib_a-fwalk.o)
                0x00003b8a                _fwalk_reent
 .text.__retarget_lock_init_recursive
                0x00003bcc        0x2 c:/nxp/mcuxpressoide_11.1.0_3209/ide/plugins/com.nxp.mcuxpresso.tools.win32_11.1.0.201909161352/tools/bin/../lib/gcc/arm-none-eabi/8.3.1/../../../../arm-none-eabi/lib/thumb/v6-m/nofp\libc_nano.a(lib_a-lock.o)
                0x00003bcc                __retarget_lock_init_recursive
 .text.__retarget_lock_acquire_recursive
                0x00003bce        0x2 c:/nxp/mcuxpressoide_11.1.0_3209/ide/plugins/com.nxp.mcuxpresso.tools.win32_11.1.0.201909161352/tools/bin/../lib/gcc/arm-none-eabi/8.3.1/../../../../arm-none-eabi/lib/thumb/v6-m/nofp\libc_nano.a(lib_a-lock.o)
                0x00003bce                __retarget_lock_acquire_recursive
 .text.__retarget_lock_release_recursive
                0x00003bd0        0x2 c:/nxp/mcuxpressoide_11.1.0_3209/ide/plugins/com.nxp.mcuxpresso.tools.win32_11.1.0.201909161352/tools/bin/../lib/gcc/arm-none-eabi/8.3.1/../../../../arm-none-eabi/lib/thumb/v6-m/nofp\libc_nano.a(lib_a-lock.o)
                0x00003bd0                __retarget_lock_release_recursive
 .text.__sfputc_r
                0x00003bd2       0x2a c:/nxp/mcuxpressoide_11.1.0_3209/ide/plugins/com.nxp.mcuxpresso.tools.win32_11.1.0.201909161352/tools/bin/../lib/gcc/arm-none-eabi/8.3.1/../../../../arm-none-eabi/lib/thumb/v6-m/nofp\libc_nano.a(lib_a-nano-vfprintf.o)
 .text.__sfputs_r
                0x00003bfc       0x24 c:/nxp/mcuxpressoide_11.1.0_3209/ide/plugins/com.nxp.mcuxpresso.tools.win32_11.1.0.201909161352/tools/bin/../lib/gcc/arm-none-eabi/8.3.1/../../../../arm-none-eabi/lib/thumb/v6-m/nofp\libc_nano.a(lib_a-nano-vfprintf.o)
                0x00003bfc                __sfputs_r
 .text._printf_common
                0x00003c20       0xda c:/nxp/mcuxpressoide_11.1.0_3209/ide/plugins/com.nxp.mcuxpresso.tools.win32_11.1.0.201909161352/tools/bin/../lib/gcc/arm-none-eabi/8.3.1/../../../../arm-none-eabi/lib/thumb/v6-m/nofp\libc_nano.a(lib_a-nano-vfprintf_i.o)
                0x00003c20                _printf_common
 .text.__sclose
                0x00003cfa        0xc c:/nxp/mcuxpressoide_11.1.0_3209/ide/plugins/com.nxp.mcuxpresso.tools.win32_11.1.0.201909161352/tools/bin/../lib/gcc/arm-none-eabi/8.3.1/../../../../arm-none-eabi/lib/thumb/v6-m/nofp\libc_nano.a(lib_a-stdio.o)
                0x00003cfa                __sclose
 .text.memchr   0x00003d06       0x16 c:/nxp/mcuxpressoide_11.1.0_3209/ide/plugins/com.nxp.mcuxpresso.tools.win32_11.1.0.201909161352/tools/bin/../lib/gcc/arm-none-eabi/8.3.1/../../../../arm-none-eabi/lib/thumb/v6-m/nofp\libc_nano.a(lib_a-memchr-stub.o)
                0x00003d06                memchr
 .text._ZdlPvj  0x00003d1c        0x8 c:/nxp/mcuxpressoide_11.1.0_3209/ide/plugins/com.nxp.mcuxpresso.tools.win32_11.1.0.201909161352/tools/bin/../lib/gcc/arm-none-eabi/8.3.1/../../../../arm-none-eabi/lib/thumb/v6-m/nofp\libstdc++_nano.a(del_ops.o)
                0x00003d1c                operator delete(void*, unsigned int)
 .text.error    0x00003d24       0x1c c:/nxp/mcuxpressoide_11.1.0_3209/ide/plugins/com.nxp.mcuxpresso.tools.win32_11.1.0.201909161352/tools/bin/../lib/gcc/arm-none-eabi/8.3.1/../../../../arm-none-eabi/lib/thumb/v6-m/nofp\libcr_newlib_semihost.a(syscalls.o)
 .text.checkerror
                0x00003d40       0x20 c:/nxp/mcuxpressoide_11.1.0_3209/ide/plugins/com.nxp.mcuxpresso.tools.win32_11.1.0.201909161352/tools/bin/../lib/gcc/arm-none-eabi/8.3.1/../../../../arm-none-eabi/lib/thumb/v6-m/nofp\libcr_newlib_semihost.a(syscalls.o)
 .text._swiread
                0x00003d60       0x20 c:/nxp/mcuxpressoide_11.1.0_3209/ide/plugins/com.nxp.mcuxpresso.tools.win32_11.1.0.201909161352/tools/bin/../lib/gcc/arm-none-eabi/8.3.1/../../../../arm-none-eabi/lib/thumb/v6-m/nofp\libcr_newlib_semihost.a(syscalls.o)
                0x00003d60                _swiread
 .text._read    0x00003d80       0x34 c:/nxp/mcuxpressoide_11.1.0_3209/ide/plugins/com.nxp.mcuxpresso.tools.win32_11.1.0.201909161352/tools/bin/../lib/gcc/arm-none-eabi/8.3.1/../../../../arm-none-eabi/lib/thumb/v6-m/nofp\libcr_newlib_semihost.a(syscalls.o)
                0x00003d80                _read
 .text._swilseek
                0x00003db4       0x76 c:/nxp/mcuxpressoide_11.1.0_3209/ide/plugins/com.nxp.mcuxpresso.tools.win32_11.1.0.201909161352/tools/bin/../lib/gcc/arm-none-eabi/8.3.1/../../../../arm-none-eabi/lib/thumb/v6-m/nofp\libcr_newlib_semihost.a(syscalls.o)
                0x00003db4                _swilseek
 .text._lseek   0x00003e2a        0x8 c:/nxp/mcuxpressoide_11.1.0_3209/ide/plugins/com.nxp.mcuxpresso.tools.win32_11.1.0.201909161352/tools/bin/../lib/gcc/arm-none-eabi/8.3.1/../../../../arm-none-eabi/lib/thumb/v6-m/nofp\libcr_newlib_semihost.a(syscalls.o)
                0x00003e2a                _lseek
 .text._swiwrite
                0x00003e32       0x20 c:/nxp/mcuxpressoide_11.1.0_3209/ide/plugins/com.nxp.mcuxpresso.tools.win32_11.1.0.201909161352/tools/bin/../lib/gcc/arm-none-eabi/8.3.1/../../../../arm-none-eabi/lib/thumb/v6-m/nofp\libcr_newlib_semihost.a(syscalls.o)
                0x00003e32                _swiwrite
 .text._write   0x00003e52       0x3e c:/nxp/mcuxpressoide_11.1.0_3209/ide/plugins/com.nxp.mcuxpresso.tools.win32_11.1.0.201909161352/tools/bin/../lib/gcc/arm-none-eabi/8.3.1/../../../../arm-none-eabi/lib/thumb/v6-m/nofp\libcr_newlib_semihost.a(syscalls.o)
                0x00003e52                _write
 .text._swiclose
                0x00003e90       0x18 c:/nxp/mcuxpressoide_11.1.0_3209/ide/plugins/com.nxp.mcuxpresso.tools.win32_11.1.0.201909161352/tools/bin/../lib/gcc/arm-none-eabi/8.3.1/../../../../arm-none-eabi/lib/thumb/v6-m/nofp\libcr_newlib_semihost.a(syscalls.o)
                0x00003e90                _swiclose
 .text._swistat
                0x00003ea8       0x44 c:/nxp/mcuxpressoide_11.1.0_3209/ide/plugins/com.nxp.mcuxpresso.tools.win32_11.1.0.201909161352/tools/bin/../lib/gcc/arm-none-eabi/8.3.1/../../../../arm-none-eabi/lib/thumb/v6-m/nofp\libcr_newlib_semihost.a(syscalls.o)
                0x00003ea8                _swistat
 .text._fstat   0x00003eec       0x1a c:/nxp/mcuxpressoide_11.1.0_3209/ide/plugins/com.nxp.mcuxpresso.tools.win32_11.1.0.201909161352/tools/bin/../lib/gcc/arm-none-eabi/8.3.1/../../../../arm-none-eabi/lib/thumb/v6-m/nofp\libcr_newlib_semihost.a(syscalls.o)
                0x00003eec                _fstat
 .text._isatty  0x00003f06       0x28 c:/nxp/mcuxpressoide_11.1.0_3209/ide/plugins/com.nxp.mcuxpresso.tools.win32_11.1.0.201909161352/tools/bin/../lib/gcc/arm-none-eabi/8.3.1/../../../../arm-none-eabi/lib/thumb/v6-m/nofp\libcr_newlib_semihost.a(syscalls.o)
                0x00003f06                _isatty
 *freertos*/tasks.o(SORT_BY_ALIGNMENT(.rodata*))
 *fill*         0x00003f2e        0x2 ff
 .rodata.vTaskStartScheduler.str1.4
                0x00003f30        0x5 ./freertos/tasks.o
 *fill*         0x00003f35        0x3 ff
 .rodata.xTaskGenericNotify
                0x00003f38       0x14 ./freertos/tasks.o
 .rodata.xTaskGenericNotifyFromISR
                0x00003f4c       0x14 ./freertos/tasks.o
 *(SORT_BY_ALIGNMENT(.rodata) SORT_BY_ALIGNMENT(.rodata.*) SORT_BY_ALIGNMENT(.constdata) SORT_BY_ALIGNMENT(.constdata.*))
 .rodata.RbufferNumOfElements.str1.4
                0x00003f60       0x16 ./source/Ringbuffer/RingBuffer.o
 *fill*         0x00003f76        0x2 ff
 .rodata.__func__.3788
                0x00003f78       0x15 ./source/Ringbuffer/RingBuffer.o
 *fill*         0x00003f8d        0x3 ff
 .rodata._ZTV17RingBufferWrapper
                0x00003f90       0x10 ./source/Ringbuffer/RingBufferWrapper.o
                0x00003f90                vtable for RingBufferWrapper
 .rodata.main.str1.4
                0x00003fa0        0x9 ./source/MKL25Z128xxx4_Elevator.o
 *fill*         0x00003fa9        0x3 ff
 .rodata.CLOCK_GetMcgExtClkFreq.str1.4
                0x00003fac       0x19 ./drivers/fsl_clock.o
 *fill*         0x00003fc5        0x3 ff
 .rodata.CLOCK_GetEr32kClkFreq.str1.4
                0x00003fc8        0xd ./drivers/fsl_clock.o
 *fill*         0x00003fd5        0x3 ff
 .rodata.CLOCK_GetFreq
                0x00003fd8       0x38 ./drivers/fsl_clock.o
 .rodata.CLOCK_GetPll0Freq.str1.4
                0x00004010        0xb ./drivers/fsl_clock.o
 *fill*         0x0000401b        0x1 ff
 .rodata.CLOCK_EnablePll0.str1.4
                0x0000401c        0x7 ./drivers/fsl_clock.o
 *fill*         0x00004023        0x1 ff
 .rodata.__func__.5330
                0x00004024       0x17 ./drivers/fsl_clock.o
 *fill*         0x0000403b        0x1 ff
 .rodata.__func__.5363
                0x0000403c       0x17 ./drivers/fsl_clock.o
 *fill*         0x00004053        0x1 ff
 .rodata.__func__.5371
                0x00004054       0x16 ./drivers/fsl_clock.o
 *fill*         0x0000406a        0x2 ff
 .rodata.fllFactorTable.5436
                0x0000406c       0x10 ./drivers/fsl_clock.o
 .rodata.__func__.5451
                0x0000407c       0x12 ./drivers/fsl_clock.o
 *fill*         0x0000408e        0x2 ff
 .rodata.__func__.5491
                0x00004090       0x11 ./drivers/fsl_clock.o
 *fill*         0x000040a1        0x3 ff
 .rodata.__func__.5628
                0x000040a4       0x11 ./drivers/fsl_clock.o
 *fill*         0x000040b5        0x3 ff
 .rodata.__func__.5695
                0x000040b8       0x14 ./drivers/fsl_clock.o
 .rodata.__assert_func.str1.4
                0x000040cc       0x3e ./drivers/fsl_common.o
 *fill*         0x0000410a        0x2 ff
 .rodata.DMA_EnableInterrupts.str1.4
                0x0000410c       0x37 ./drivers/fsl_dma.o
 *fill*         0x00004143        0x1 ff
 .rodata.DMA_GetInstance.str1.4
                0x00004144       0x2f ./drivers/fsl_dma.o
 *fill*         0x00004173        0x1 ff
 .rodata.DMA_CreateHandle.str1.4
                0x00004174        0xf ./drivers/fsl_dma.o
 *fill*         0x00004183        0x1 ff
 .rodata.__func__.5595
                0x00004184        0xe ./drivers/fsl_dma.o
 *fill*         0x00004192        0x2 ff
 .rodata.__func__.5463
                0x00004194       0x1c ./drivers/fsl_dma.o
 .rodata.LPSCI_GetInstance.str1.4
                0x000041b0       0x31 ./drivers/fsl_lpsci.o
 *fill*         0x000041e1        0x3 ff
 .rodata.LPSCI_ReadNonBlocking.str1.4
                0x000041e4        0x5 ./drivers/fsl_lpsci.o
 *fill*         0x000041e9        0x3 ff
 .rodata.LPSCI_Init.str1.4
                0x000041ec       0x15 ./drivers/fsl_lpsci.o
                                 0x1d (size before relaxing)
 *fill*         0x00004201        0x3 ff
 .rodata.__func__.5511
                0x00004204       0x12 ./drivers/fsl_lpsci.o
 *fill*         0x00004216        0x2 ff
 .rodata.__func__.5547
                0x00004218        0xb ./drivers/fsl_lpsci.o
 *fill*         0x00004223        0x1 ff
 .rodata.__func__.5568
                0x00004224       0x17 ./drivers/fsl_lpsci.o
 *fill*         0x0000423b        0x1 ff
 .rodata.__func__.5613
                0x0000423c       0x14 ./drivers/fsl_lpsci.o
 .rodata.__func__.5625
                0x00004250       0x13 ./drivers/fsl_lpsci.o
 *fill*         0x00004263        0x1 ff
 .rodata.SPI_GetInstance.str1.4
                0x00004264       0x2f ./drivers/fsl_spi.o
 *fill*         0x00004293        0x1 ff
 .rodata.SPI0_DriverIRQHandler.str1.4
                0x00004294        0xf ./drivers/fsl_spi.o
 *fill*         0x000042a3        0x1 ff
 .rodata.SPI1_DriverIRQHandler.str1.4
                0x000042a4        0xf ./drivers/fsl_spi.o
 *fill*         0x000042b3        0x1 ff
 .rodata.__func__.5702
                0x000042b4       0x16 ./drivers/fsl_spi.o
 *fill*         0x000042ca        0x2 ff
 .rodata.__func__.5706
                0x000042cc       0x16 ./drivers/fsl_spi.o
 *fill*         0x000042e2        0x2 ff
 .rodata.s_uartBases
                0x000042e4        0xc ./drivers/fsl_uart.o
 .rodata.s_uartClock
                0x000042f0        0xc ./drivers/fsl_uart.o
 .rodata.UART_GetInstance.str1.4
                0x000042fc       0x28 ./drivers/fsl_uart.o
 .rodata.UART_Init.str1.4
                0x00004324       0x1d ./drivers/fsl_uart.o
 .rodata.UART_WriteNonBlocking.str1.4
                0x00004324        0x5 ./drivers/fsl_uart.o
 .rodata.__func__.5514
                0x00004324       0x11 ./drivers/fsl_uart.o
 *fill*         0x00004335        0x3 ff
 .rodata.__func__.5530
                0x00004338        0xa ./drivers/fsl_uart.o
 *fill*         0x00004342        0x2 ff
 .rodata.__func__.5543
                0x00004344       0x16 ./drivers/fsl_uart.o
 *fill*         0x0000435a        0x2 ff
 .rodata.__func__.5601
                0x0000435c       0x12 ./drivers/fsl_uart.o
 *fill*         0x0000436e        0x2 ff
 .rodata.mcgConfig_BOARD_BootClockRUN
                0x00004370        0xa ./board/clock_config.o
                0x00004370                mcgConfig_BOARD_BootClockRUN
 *fill*         0x0000437a        0x2 ff
 .rodata.simConfig_BOARD_BootClockRUN
                0x0000437c        0x8 ./board/clock_config.o
                0x0000437c                simConfig_BOARD_BootClockRUN
 .rodata.oscConfig_BOARD_BootClockRUN
                0x00004384        0x8 ./board/clock_config.o
                0x00004384                oscConfig_BOARD_BootClockRUN
 .rodata.__sf_fake_stderr
                0x0000438c       0x20 c:/nxp/mcuxpressoide_11.1.0_3209/ide/plugins/com.nxp.mcuxpresso.tools.win32_11.1.0.201909161352/tools/bin/../lib/gcc/arm-none-eabi/8.3.1/../../../../arm-none-eabi/lib/thumb/v6-m/nofp\libc_nano.a(lib_a-findfp.o)
                0x0000438c                __sf_fake_stderr
 .rodata.__sf_fake_stdin
                0x000043ac       0x20 c:/nxp/mcuxpressoide_11.1.0_3209/ide/plugins/com.nxp.mcuxpresso.tools.win32_11.1.0.201909161352/tools/bin/../lib/gcc/arm-none-eabi/8.3.1/../../../../arm-none-eabi/lib/thumb/v6-m/nofp\libc_nano.a(lib_a-findfp.o)
                0x000043ac                __sf_fake_stdin
 .rodata.__sf_fake_stdout
                0x000043cc       0x20 c:/nxp/mcuxpressoide_11.1.0_3209/ide/plugins/com.nxp.mcuxpresso.tools.win32_11.1.0.201909161352/tools/bin/../lib/gcc/arm-none-eabi/8.3.1/../../../../arm-none-eabi/lib/thumb/v6-m/nofp\libc_nano.a(lib_a-findfp.o)
                0x000043cc                __sf_fake_stdout
 .rodata._global_impure_ptr
                0x000043ec        0x4 c:/nxp/mcuxpressoide_11.1.0_3209/ide/plugins/com.nxp.mcuxpresso.tools.win32_11.1.0.201909161352/tools/bin/../lib/gcc/arm-none-eabi/8.3.1/../../../../arm-none-eabi/lib/thumb/v6-m/nofp\libc_nano.a(lib_a-impure.o)
                0x000043ec                _global_impure_ptr
 .rodata._vfprintf_r.str1.1
                0x000043f0       0x11 c:/nxp/mcuxpressoide_11.1.0_3209/ide/plugins/com.nxp.mcuxpresso.tools.win32_11.1.0.201909161352/tools/bin/../lib/gcc/arm-none-eabi/8.3.1/../../../../arm-none-eabi/lib/thumb/v6-m/nofp\libc_nano.a(lib_a-nano-vfprintf.o)
 .rodata._printf_i.str1.1
                0x00004401       0x22 c:/nxp/mcuxpressoide_11.1.0_3209/ide/plugins/com.nxp.mcuxpresso.tools.win32_11.1.0.201909161352/tools/bin/../lib/gcc/arm-none-eabi/8.3.1/../../../../arm-none-eabi/lib/thumb/v6-m/nofp\libc_nano.a(lib_a-nano-vfprintf_i.o)
 .rodata.initialise_monitor_handles.str1.1
                0x00004423        0x4 c:/nxp/mcuxpressoide_11.1.0_3209/ide/plugins/com.nxp.mcuxpresso.tools.win32_11.1.0.201909161352/tools/bin/../lib/gcc/arm-none-eabi/8.3.1/../../../../arm-none-eabi/lib/thumb/v6-m/nofp\libcr_newlib_semihost.a(syscalls.o)
                0x00004428                . = ALIGN (0x4)
 *fill*         0x00004427        0x1 ff
                0x00004428                . = ALIGN (0x4)
 *(SORT_BY_ALIGNMENT(.init))
 .init          0x00004428        0x4 c:/nxp/mcuxpressoide_11.1.0_3209/ide/plugins/com.nxp.mcuxpresso.tools.win32_11.1.0.201909161352/tools/bin/../lib/gcc/arm-none-eabi/8.3.1/thumb/v6-m/nofp\crti.o
                0x00004428                _init
 .init          0x0000442c        0x8 c:/nxp/mcuxpressoide_11.1.0_3209/ide/plugins/com.nxp.mcuxpresso.tools.win32_11.1.0.201909161352/tools/bin/../lib/gcc/arm-none-eabi/8.3.1/thumb/v6-m/nofp\crtn.o
                0x00004434                . = ALIGN (0x4)
                0x00004434                __preinit_array_start = .
 *(SORT_BY_ALIGNMENT(.preinit_array))
                0x00004434                __preinit_array_end = .
                0x00004434                . = ALIGN (0x4)
                0x00004434                __init_array_start = .
 *(SORT_BY_NAME(SORT_BY_ALIGNMENT(.init_array.*)))
 *(SORT_BY_ALIGNMENT(.init_array))
 .init_array    0x00004434        0x4 ./source/MKL25Z128xxx4_Elevator.o
 .init_array    0x00004438        0x4 c:/nxp/mcuxpressoide_11.1.0_3209/ide/plugins/com.nxp.mcuxpresso.tools.win32_11.1.0.201909161352/tools/bin/../lib/gcc/arm-none-eabi/8.3.1/thumb/v6-m/nofp\crtbegin.o
                0x0000443c                __init_array_end = .
 *(SORT_BY_ALIGNMENT(.fini))
 .fini          0x0000443c        0x4 c:/nxp/mcuxpressoide_11.1.0_3209/ide/plugins/com.nxp.mcuxpresso.tools.win32_11.1.0.201909161352/tools/bin/../lib/gcc/arm-none-eabi/8.3.1/thumb/v6-m/nofp\crti.o
                0x0000443c                _fini
 .fini          0x00004440        0x8 c:/nxp/mcuxpressoide_11.1.0_3209/ide/plugins/com.nxp.mcuxpresso.tools.win32_11.1.0.201909161352/tools/bin/../lib/gcc/arm-none-eabi/8.3.1/thumb/v6-m/nofp\crtn.o
                0x00004448                . = ALIGN (0x4)
 *crtbegin.o(SORT_BY_ALIGNMENT(.ctors))
 *(SORT_BY_ALIGNMENT(EXCLUDE_FILE(*crtend.o) .ctors))
 *(SORT_BY_NAME(SORT_BY_ALIGNMENT(.ctors.*)))
 *crtend.o(SORT_BY_ALIGNMENT(.ctors))
                0x00004448                . = ALIGN (0x4)
 *crtbegin.o(SORT_BY_ALIGNMENT(.dtors))
 *(SORT_BY_ALIGNMENT(EXCLUDE_FILE(*crtend.o) .dtors))
 *(SORT_BY_NAME(SORT_BY_ALIGNMENT(.dtors.*)))
 *crtend.o(SORT_BY_ALIGNMENT(.dtors))
                0x00004448                . = ALIGN (0x4)

.glue_7         0x00004448        0x0
 .glue_7        0x00004448        0x0 linker stubs

.glue_7t        0x00004448        0x0
 .glue_7t       0x00004448        0x0 linker stubs

.vfp11_veneer   0x00004448        0x0
 .vfp11_veneer  0x00004448        0x0 linker stubs

.v4_bx          0x00004448        0x0
 .v4_bx         0x00004448        0x0 linker stubs

.iplt           0x00004448        0x0
 .iplt          0x00004448        0x0 ./utilities/fsl_debug_console.o

.rel.dyn        0x00004448        0x0
 .rel.iplt      0x00004448        0x0 ./utilities/fsl_debug_console.o

.eh_frame       0x00004448        0x0
 .eh_frame      0x00004448        0x0 c:/nxp/mcuxpressoide_11.1.0_3209/ide/plugins/com.nxp.mcuxpresso.tools.win32_11.1.0.201909161352/tools/bin/../lib/gcc/arm-none-eabi/8.3.1/thumb/v6-m/nofp\crtbegin.o

.ARM.extab
 *(SORT_BY_ALIGNMENT(.ARM.extab*) SORT_BY_ALIGNMENT(.gnu.linkonce.armextab.*))
                0x00004448                __exidx_start = .

.ARM.exidx
 *(SORT_BY_ALIGNMENT(.ARM.exidx*) SORT_BY_ALIGNMENT(.gnu.linkonce.armexidx.*))
                0x00004448                __exidx_end = .
                0x00004448                _etext = .

.m_usb_data
 *(SORT_BY_ALIGNMENT(m_usb_bdt))

.mtb_buffer_default
                0x1ffff000       0x80
 *(SORT_BY_ALIGNMENT(.mtb*))
 .mtb.$RAM1     0x1ffff000       0x80 ./source/mtb.o
                0x1ffff000                __mtb_buffer__

.uninit_RESERVED
                0x1ffff080        0x0
                0x1ffff080                _start_uninit_RESERVED = .
 *(SORT_BY_ALIGNMENT(.bss.$RESERVED*))
                0x1ffff080                . = ALIGN (0x4)
                0x1ffff080                _end_uninit_RESERVED = .

.data           0x1ffff080      0x1e4 load address 0x00004448
 FILL mask 0xff
                0x1ffff080                _data = .
                [!provide]                PROVIDE (__start_data_RAM = .)
                [!provide]                PROVIDE (__start_data_SRAM = .)
 *(SORT_BY_ALIGNMENT(vtable))
 *(SORT_BY_ALIGNMENT(.ramfunc*))
 *(SORT_BY_ALIGNMENT(CodeQuickAccess))
 *(SORT_BY_ALIGNMENT(DataQuickAccess))
 *(SORT_BY_ALIGNMENT(RamFunction))
 *(SORT_BY_ALIGNMENT(.data*))
 .data.g_tipString
                0x1ffff080       0x6b ./source/MKL25Z128xxx4_Elevator.o
                0x1ffff080                g_tipString
 *fill*         0x1ffff0eb        0x1 ff
 .data.crc_array
                0x1ffff0ec      0x100 ./source/MKL25Z128xxx4_Elevator.o
                0x1ffff0ec                crc_array
 .data.uxCriticalNesting
                0x1ffff1ec        0x4 ./freertos/port.o
 .data.s_slowIrcFreq
                0x1ffff1f0        0x4 ./drivers/fsl_clock.o
 .data.s_fastIrcFreq
                0x1ffff1f4        0x4 ./drivers/fsl_clock.o
 .data.SystemCoreClock
                0x1ffff1f8        0x4 ./CMSIS/system_MKL25Z4.o
                0x1ffff1f8                SystemCoreClock
 .data._impure_ptr
                0x1ffff1fc        0x4 c:/nxp/mcuxpressoide_11.1.0_3209/ide/plugins/com.nxp.mcuxpresso.tools.win32_11.1.0.201909161352/tools/bin/../lib/gcc/arm-none-eabi/8.3.1/../../../../arm-none-eabi/lib/thumb/v6-m/nofp\libc_nano.a(lib_a-impure.o)
                0x1ffff1fc                _impure_ptr
 .data.impure_data
                0x1ffff200       0x60 c:/nxp/mcuxpressoide_11.1.0_3209/ide/plugins/com.nxp.mcuxpresso.tools.win32_11.1.0.201909161352/tools/bin/../lib/gcc/arm-none-eabi/8.3.1/../../../../arm-none-eabi/lib/thumb/v6-m/nofp\libc_nano.a(lib_a-impure.o)
 .data          0x1ffff260        0x4 c:/nxp/mcuxpressoide_11.1.0_3209/ide/plugins/com.nxp.mcuxpresso.tools.win32_11.1.0.201909161352/tools/bin/../lib/gcc/arm-none-eabi/8.3.1/thumb/v6-m/nofp\crtbegin.o
                0x1ffff260                __dso_handle
                0x1ffff264                . = ALIGN (0x4)
                0x1ffff264                _edata = .
                [!provide]                PROVIDE (__end_data_RAM = .)
                [!provide]                PROVIDE (__end_data_SRAM = .)

.igot.plt       0x1ffff264        0x0 load address 0x0000462c
 .igot.plt      0x1ffff264        0x0 ./utilities/fsl_debug_console.o

.bss            0x1ffff264      0x27c
                0x1ffff264                _bss = .
                [!provide]                PROVIDE (__start_bss_RAM = .)
                [!provide]                PROVIDE (__start_bss_SRAM = .)
 *(SORT_BY_ALIGNMENT(.bss*))
 .bss.s_debugConsole
                0x1ffff264       0x10 ./utilities/fsl_debug_console.o
 .bss.rxBufferData
                0x1ffff274       0x64 ./source/MKL25Z128xxx4_Elevator.o
                0x1ffff274                rxBufferData
 .bss.txBufferData
                0x1ffff2d8       0x64 ./source/MKL25Z128xxx4_Elevator.o
                0x1ffff2d8                txBufferData
 .bss.ringBuffRx
                0x1ffff33c       0x20 ./source/MKL25Z128xxx4_Elevator.o
                0x1ffff33c                ringBuffRx
 .bss.ringBuffTx
                0x1ffff35c       0x20 ./source/MKL25Z128xxx4_Elevator.o
                0x1ffff35c                ringBuffTx
 .bss.pxCurrentTCB
                0x1ffff37c        0x4 ./freertos/tasks.o
                0x1ffff37c                pxCurrentTCB
 .bss.pxReadyTasksLists
                0x1ffff380       0x64 ./freertos/tasks.o
 .bss.pxDelayedTaskList
                0x1ffff3e4        0x4 ./freertos/tasks.o
 .bss.pxOverflowDelayedTaskList
                0x1ffff3e8        0x4 ./freertos/tasks.o
 .bss.xPendingReadyList
                0x1ffff3ec       0x14 ./freertos/tasks.o
 .bss.xTickCount
                0x1ffff400        0x4 ./freertos/tasks.o
 .bss.uxTopReadyPriority
                0x1ffff404        0x4 ./freertos/tasks.o
 .bss.uxPendedTicks
                0x1ffff408        0x4 ./freertos/tasks.o
 .bss.xYieldPending
                0x1ffff40c        0x4 ./freertos/tasks.o
 .bss.xNumOfOverflows
                0x1ffff410        0x4 ./freertos/tasks.o
 .bss.xNextTaskUnblockTime
                0x1ffff414        0x4 ./freertos/tasks.o
 .bss.uxSchedulerSuspended
                0x1ffff418        0x4 ./freertos/tasks.o
 .bss.g_xtal0Freq
                0x1ffff41c        0x4 ./drivers/fsl_clock.o
                0x1ffff41c                g_xtal0Freq
 .bss.g_xtal32Freq
                0x1ffff420        0x4 ./drivers/fsl_clock.o
                0x1ffff420                g_xtal32Freq
 .bss.s_DMAHandle
                0x1ffff424       0x10 ./drivers/fsl_dma.o
 .bss.s_i2cHandle
                0x1ffff434        0x8 ./drivers/fsl_i2c.o
 .bss.s_i2cMasterIsr
                0x1ffff43c        0x4 ./drivers/fsl_i2c.o
 .bss.s_i2cSlaveIsr
                0x1ffff440        0x4 ./drivers/fsl_i2c.o
 .bss.s_lpsciHandle
                0x1ffff444        0x4 ./drivers/fsl_lpsci.o
 .bss.s_lpsciIsr
                0x1ffff448        0x4 ./drivers/fsl_lpsci.o
 .bss.s_spiHandle
                0x1ffff44c        0x8 ./drivers/fsl_spi.o
 .bss.s_spiMasterIsr
                0x1ffff454        0x4 ./drivers/fsl_spi.o
 .bss.s_spiSlaveIsr
                0x1ffff458        0x4 ./drivers/fsl_spi.o
 .bss.s_uartHandle
                0x1ffff45c        0xc ./drivers/fsl_uart.o
 .bss.s_uartIsr
                0x1ffff468        0x4 ./drivers/fsl_uart.o
 .bss.__malloc_free_list
                0x1ffff46c        0x4 c:/nxp/mcuxpressoide_11.1.0_3209/ide/plugins/com.nxp.mcuxpresso.tools.win32_11.1.0.201909161352/tools/bin/../lib/gcc/arm-none-eabi/8.3.1/../../../../arm-none-eabi/lib/thumb/v6-m/nofp\libc_nano.a(lib_a-nano-mallocr.o)
                0x1ffff46c                __malloc_free_list
 .bss.__malloc_sbrk_start
                0x1ffff470        0x4 c:/nxp/mcuxpressoide_11.1.0_3209/ide/plugins/com.nxp.mcuxpresso.tools.win32_11.1.0.201909161352/tools/bin/../lib/gcc/arm-none-eabi/8.3.1/../../../../arm-none-eabi/lib/thumb/v6-m/nofp\libc_nano.a(lib_a-nano-mallocr.o)
                0x1ffff470                __malloc_sbrk_start
 .bss.__end_of_heap
                0x1ffff474        0x4 c:/nxp/mcuxpressoide_11.1.0_3209/ide/plugins/com.nxp.mcuxpresso.tools.win32_11.1.0.201909161352/tools/bin/../lib/gcc/arm-none-eabi/8.3.1/../../../../arm-none-eabi/lib/thumb/v6-m/nofp\libcr_newlib_semihost.a(_cr_sbrk.o)
                0x1ffff474                __end_of_heap
 .bss.initialized.5735
                0x1ffff478        0x4 c:/nxp/mcuxpressoide_11.1.0_3209/ide/plugins/com.nxp.mcuxpresso.tools.win32_11.1.0.201909161352/tools/bin/../lib/gcc/arm-none-eabi/8.3.1/../../../../arm-none-eabi/lib/thumb/v6-m/nofp\libcr_newlib_semihost.a(syscalls.o)
 .bss.monitor_stderr
                0x1ffff47c        0x4 c:/nxp/mcuxpressoide_11.1.0_3209/ide/plugins/com.nxp.mcuxpresso.tools.win32_11.1.0.201909161352/tools/bin/../lib/gcc/arm-none-eabi/8.3.1/../../../../arm-none-eabi/lib/thumb/v6-m/nofp\libcr_newlib_semihost.a(syscalls.o)
 .bss.monitor_stdin
                0x1ffff480        0x4 c:/nxp/mcuxpressoide_11.1.0_3209/ide/plugins/com.nxp.mcuxpresso.tools.win32_11.1.0.201909161352/tools/bin/../lib/gcc/arm-none-eabi/8.3.1/../../../../arm-none-eabi/lib/thumb/v6-m/nofp\libcr_newlib_semihost.a(syscalls.o)
 .bss.monitor_stdout
                0x1ffff484        0x4 c:/nxp/mcuxpressoide_11.1.0_3209/ide/plugins/com.nxp.mcuxpresso.tools.win32_11.1.0.201909161352/tools/bin/../lib/gcc/arm-none-eabi/8.3.1/../../../../arm-none-eabi/lib/thumb/v6-m/nofp\libcr_newlib_semihost.a(syscalls.o)
 .bss.openfiles
                0x1ffff488       0x28 c:/nxp/mcuxpressoide_11.1.0_3209/ide/plugins/com.nxp.mcuxpresso.tools.win32_11.1.0.201909161352/tools/bin/../lib/gcc/arm-none-eabi/8.3.1/../../../../arm-none-eabi/lib/thumb/v6-m/nofp\libcr_newlib_semihost.a(syscalls.o)
 .bss           0x1ffff4b0       0x1c c:/nxp/mcuxpressoide_11.1.0_3209/ide/plugins/com.nxp.mcuxpresso.tools.win32_11.1.0.201909161352/tools/bin/../lib/gcc/arm-none-eabi/8.3.1/thumb/v6-m/nofp\crtbegin.o
 .bss.new_line_flag
                0x1ffff4cc        0x1 ./source/MKL25Z128xxx4_Elevator.o
                0x1ffff4cc                new_line_flag
 *(SORT_BY_ALIGNMENT(COMMON))
 *fill*         0x1ffff4cd        0x3 
 COMMON         0x1ffff4d0        0x4 c:/nxp/mcuxpressoide_11.1.0_3209/ide/plugins/com.nxp.mcuxpresso.tools.win32_11.1.0.201909161352/tools/bin/../lib/gcc/arm-none-eabi/8.3.1/../../../../arm-none-eabi/lib/thumb/v6-m/nofp\libc_nano.a(lib_a-reent.o)
                0x1ffff4d0                errno
 COMMON         0x1ffff4d4        0x9 c:/nxp/mcuxpressoide_11.1.0_3209/ide/plugins/com.nxp.mcuxpresso.tools.win32_11.1.0.201909161352/tools/bin/../lib/gcc/arm-none-eabi/8.3.1/../../../../arm-none-eabi/lib/thumb/v6-m/nofp\libc_nano.a(lib_a-lock.o)
                0x1ffff4d4                __lock___atexit_recursive_mutex
                0x1ffff4d5                __lock___arc4random_mutex
                0x1ffff4d6                __lock___env_recursive_mutex
                0x1ffff4d7                __lock___sinit_recursive_mutex
                0x1ffff4d8                __lock___malloc_recursive_mutex
                0x1ffff4d9                __lock___at_quick_exit_mutex
                0x1ffff4da                __lock___dd_hash_mutex
                0x1ffff4db                __lock___tz_mutex
                0x1ffff4dc                __lock___sfp_recursive_mutex
                0x1ffff4e0                . = ALIGN (0x4)
 *fill*         0x1ffff4dd        0x3 
                0x1ffff4e0                _ebss = .
                [!provide]                PROVIDE (__end_bss_RAM = .)
                [!provide]                PROVIDE (__end_bss_SRAM = .)
                [!provide]                PROVIDE (end = .)

.noinit         0x1ffff4e0        0x0
                0x1ffff4e0                _noinit = .
                [!provide]                PROVIDE (__start_noinit_RAM = .)
                [!provide]                PROVIDE (__start_noinit_SRAM = .)
 *(SORT_BY_ALIGNMENT(.noinit*))
                0x1ffff4e0                . = ALIGN (0x4)
                0x1ffff4e0                _end_noinit = .
                [!provide]                PROVIDE (__end_noinit_RAM = .)
                [!provide]                PROVIDE (__end_noinit_SRAM = .)
                0x00000400                _HeapSize = 0x400

.heap           0x1ffff4e0      0x400
                0x1ffff4e0                _pvHeapStart = .
                0x1ffff8e0                . = (. + _HeapSize)
 *fill*         0x1ffff4e0      0x400 
                0x1ffff8e0                . = ALIGN (0x4)
                0x1ffff8e0                _pvHeapLimit = .
                0x00000400                _StackSize = 0x400

.heap2stackfill
                0x1ffff8e0      0x400
                0x1ffffce0                . = (. + _StackSize)
 *fill*         0x1ffff8e0      0x400 

.stack          0x20002c00        0x0
                0x20002c00                _vStackBase = .
                0x20002c00                . = ALIGN (0x4)
                0x20003000                _vStackTop = (. + _StackSize)
                0x00000000                _image_start = LOADADDR (.text)
                0x0000462c                _image_end = (LOADADDR (.data) + SIZEOF (.data))
                0x0000462c                _image_size = (_image_end - _image_start)
OUTPUT(MKL25Z128xxx4_Elevator.axf elf32-littlearm)

.debug_info     0x00000000    0x178a5
 .debug_info    0x00000000     0x1177 ./utilities/fsl_debug_console.o
 .debug_info    0x00001177      0x4e2 ./startup/startup_mkl25z4.o
 .debug_info    0x00001659      0x326 ./source/Ringbuffer/RingBuffer.o
 .debug_info    0x0000197f      0x4a5 ./source/Ringbuffer/RingBufferWrapper.o
 .debug_info    0x00001e24     0x1755 ./source/MKL25Z128xxx4_Elevator.o
 .debug_info    0x00003579     0x1282 ./source/cpp_config.o
 .debug_info    0x000047fb       0x53 ./source/mtb.o
 .debug_info    0x0000484e       0x3c ./source/semihost_hardfault.o
 .debug_info    0x0000488a      0xb6b ./freertos/list.o
 .debug_info    0x000053f5      0x24e ./freertos/port.o
 .debug_info    0x00005643     0x212f ./freertos/tasks.o
 .debug_info    0x00007772     0x2414 ./drivers/fsl_clock.o
 .debug_info    0x00009b86      0xceb ./drivers/fsl_common.o
 .debug_info    0x0000a871     0x1976 ./drivers/fsl_dma.o
 .debug_info    0x0000c1e7     0x2510 ./drivers/fsl_i2c.o
 .debug_info    0x0000e6f7     0x1f30 ./drivers/fsl_lpsci.o
 .debug_info    0x00010627     0x1e3a ./drivers/fsl_spi.o
 .debug_info    0x00012461     0x1ead ./drivers/fsl_uart.o
 .debug_info    0x0001430e      0xf83 ./board/board.o
 .debug_info    0x00015291     0x1387 ./board/clock_config.o
 .debug_info    0x00016618       0x3c ./board/peripherals.o
 .debug_info    0x00016654      0xe2c ./board/pin_mux.o
 .debug_info    0x00017480      0x425 ./CMSIS/system_MKL25Z4.o

.debug_abbrev   0x00000000     0x3a8c
 .debug_abbrev  0x00000000      0x2d0 ./utilities/fsl_debug_console.o
 .debug_abbrev  0x000002d0      0x183 ./startup/startup_mkl25z4.o
 .debug_abbrev  0x00000453      0x14a ./source/Ringbuffer/RingBuffer.o
 .debug_abbrev  0x0000059d      0x1e5 ./source/Ringbuffer/RingBufferWrapper.o
 .debug_abbrev  0x00000782      0x3c9 ./source/MKL25Z128xxx4_Elevator.o
 .debug_abbrev  0x00000b4b      0x378 ./source/cpp_config.o
 .debug_abbrev  0x00000ec3       0x46 ./source/mtb.o
 .debug_abbrev  0x00000f09       0x31 ./source/semihost_hardfault.o
 .debug_abbrev  0x00000f3a      0x22e ./freertos/list.o
 .debug_abbrev  0x00001168      0x18b ./freertos/port.o
 .debug_abbrev  0x000012f3      0x381 ./freertos/tasks.o
 .debug_abbrev  0x00001674      0x439 ./drivers/fsl_clock.o
 .debug_abbrev  0x00001aad      0x37c ./drivers/fsl_common.o
 .debug_abbrev  0x00001e29      0x38a ./drivers/fsl_dma.o
 .debug_abbrev  0x000021b3      0x42a ./drivers/fsl_i2c.o
 .debug_abbrev  0x000025dd      0x3c5 ./drivers/fsl_lpsci.o
 .debug_abbrev  0x000029a2      0x3c5 ./drivers/fsl_spi.o
 .debug_abbrev  0x00002d67      0x3df ./drivers/fsl_uart.o
 .debug_abbrev  0x00003146      0x25c ./board/board.o
 .debug_abbrev  0x000033a2      0x2e8 ./board/clock_config.o
 .debug_abbrev  0x0000368a       0x31 ./board/peripherals.o
 .debug_abbrev  0x000036bb      0x2a3 ./board/pin_mux.o
 .debug_abbrev  0x0000395e      0x12e ./CMSIS/system_MKL25Z4.o

.debug_aranges  0x00000000      0xeb0
 .debug_aranges
                0x00000000       0x48 ./utilities/fsl_debug_console.o
 .debug_aranges
                0x00000048      0x160 ./startup/startup_mkl25z4.o
 .debug_aranges
                0x000001a8       0x58 ./source/Ringbuffer/RingBuffer.o
 .debug_aranges
                0x00000200       0x58 ./source/Ringbuffer/RingBufferWrapper.o
 .debug_aranges
                0x00000258       0x60 ./source/MKL25Z128xxx4_Elevator.o
 .debug_aranges
                0x000002b8       0x48 ./source/cpp_config.o
 .debug_aranges
                0x00000300       0x18 ./source/mtb.o
 .debug_aranges
                0x00000318       0x20 ./source/semihost_hardfault.o
 .debug_aranges
                0x00000338       0x40 ./freertos/list.o
 .debug_aranges
                0x00000378       0x80 ./freertos/port.o
 .debug_aranges
                0x000003f8      0x1e8 ./freertos/tasks.o
 .debug_aranges
                0x000005e0      0x1d8 ./drivers/fsl_clock.o
 .debug_aranges
                0x000007b8       0x38 ./drivers/fsl_common.o
 .debug_aranges
                0x000007f0       0xd0 ./drivers/fsl_dma.o
 .debug_aranges
                0x000008c0      0x178 ./drivers/fsl_i2c.o
 .debug_aranges
                0x00000a38      0x118 ./drivers/fsl_lpsci.o
 .debug_aranges
                0x00000b50      0x130 ./drivers/fsl_spi.o
 .debug_aranges
                0x00000c80      0x130 ./drivers/fsl_uart.o
 .debug_aranges
                0x00000db0       0x28 ./board/board.o
 .debug_aranges
                0x00000dd8       0x58 ./board/clock_config.o
 .debug_aranges
                0x00000e30       0x20 ./board/peripherals.o
 .debug_aranges
                0x00000e50       0x38 ./board/pin_mux.o
 .debug_aranges
                0x00000e88       0x28 ./CMSIS/system_MKL25Z4.o

.debug_ranges   0x00000000      0xd38
 .debug_ranges  0x00000000       0x38 ./utilities/fsl_debug_console.o
 .debug_ranges  0x00000038      0x150 ./startup/startup_mkl25z4.o
 .debug_ranges  0x00000188       0x48 ./source/Ringbuffer/RingBuffer.o
 .debug_ranges  0x000001d0       0x48 ./source/Ringbuffer/RingBufferWrapper.o
 .debug_ranges  0x00000218       0x50 ./source/MKL25Z128xxx4_Elevator.o
 .debug_ranges  0x00000268       0x38 ./source/cpp_config.o
 .debug_ranges  0x000002a0       0x10 ./source/semihost_hardfault.o
 .debug_ranges  0x000002b0       0x30 ./freertos/list.o
 .debug_ranges  0x000002e0       0x70 ./freertos/port.o
 .debug_ranges  0x00000350      0x1d8 ./freertos/tasks.o
 .debug_ranges  0x00000528      0x1c8 ./drivers/fsl_clock.o
 .debug_ranges  0x000006f0       0x28 ./drivers/fsl_common.o
 .debug_ranges  0x00000718       0xc0 ./drivers/fsl_dma.o
 .debug_ranges  0x000007d8      0x168 ./drivers/fsl_i2c.o
 .debug_ranges  0x00000940      0x108 ./drivers/fsl_lpsci.o
 .debug_ranges  0x00000a48      0x120 ./drivers/fsl_spi.o
 .debug_ranges  0x00000b68      0x120 ./drivers/fsl_uart.o
 .debug_ranges  0x00000c88       0x18 ./board/board.o
 .debug_ranges  0x00000ca0       0x48 ./board/clock_config.o
 .debug_ranges  0x00000ce8       0x10 ./board/peripherals.o
 .debug_ranges  0x00000cf8       0x28 ./board/pin_mux.o
 .debug_ranges  0x00000d20       0x18 ./CMSIS/system_MKL25Z4.o

.debug_macro    0x00000000     0xd19b
 .debug_macro   0x00000000      0x2d1 ./utilities/fsl_debug_console.o
 .debug_macro   0x000002d1      0xaa8 ./utilities/fsl_debug_console.o
 .debug_macro   0x00000d79       0x58 ./utilities/fsl_debug_console.o
 .debug_macro   0x00000dd1       0x18 ./utilities/fsl_debug_console.o
 .debug_macro   0x00000de9       0x22 ./utilities/fsl_debug_console.o
 .debug_macro   0x00000e0b       0x58 ./utilities/fsl_debug_console.o
 .debug_macro   0x00000e63       0x94 ./utilities/fsl_debug_console.o
 .debug_macro   0x00000ef7       0x35 ./utilities/fsl_debug_console.o
 .debug_macro   0x00000f2c       0x34 ./utilities/fsl_debug_console.o
 .debug_macro   0x00000f60       0x16 ./utilities/fsl_debug_console.o
 .debug_macro   0x00000f76      0x10e ./utilities/fsl_debug_console.o
 .debug_macro   0x00001084       0x8d ./utilities/fsl_debug_console.o
 .debug_macro   0x00001111       0x16 ./utilities/fsl_debug_console.o
 .debug_macro   0x00001127       0x43 ./utilities/fsl_debug_console.o
 .debug_macro   0x0000116a       0x57 ./utilities/fsl_debug_console.o
 .debug_macro   0x000011c1       0x34 ./utilities/fsl_debug_console.o
 .debug_macro   0x000011f5       0x10 ./utilities/fsl_debug_console.o
 .debug_macro   0x00001205       0x58 ./utilities/fsl_debug_console.o
 .debug_macro   0x0000125d      0x182 ./utilities/fsl_debug_console.o
 .debug_macro   0x000013df      0x339 ./utilities/fsl_debug_console.o
 .debug_macro   0x00001718       0x16 ./utilities/fsl_debug_console.o
 .debug_macro   0x0000172e       0x29 ./utilities/fsl_debug_console.o
 .debug_macro   0x00001757      0x1a9 ./utilities/fsl_debug_console.o
 .debug_macro   0x00001900       0x1c ./utilities/fsl_debug_console.o
 .debug_macro   0x0000191c       0x22 ./utilities/fsl_debug_console.o
 .debug_macro   0x0000193e      0x103 ./utilities/fsl_debug_console.o
 .debug_macro   0x00001a41       0x6a ./utilities/fsl_debug_console.o
 .debug_macro   0x00001aab      0x1df ./utilities/fsl_debug_console.o
 .debug_macro   0x00001c8a       0x16 ./utilities/fsl_debug_console.o
 .debug_macro   0x00001ca0       0x35 ./utilities/fsl_debug_console.o
 .debug_macro   0x00001cd5       0x10 ./utilities/fsl_debug_console.o
 .debug_macro   0x00001ce5       0x3f ./utilities/fsl_debug_console.o
 .debug_macro   0x00001d24       0x3a ./utilities/fsl_debug_console.o
 .debug_macro   0x00001d5e       0x26 ./utilities/fsl_debug_console.o
 .debug_macro   0x00001d84      0x329 ./utilities/fsl_debug_console.o
 .debug_macro   0x000020ad       0x30 ./utilities/fsl_debug_console.o
 .debug_macro   0x000020dd     0x51e2 ./utilities/fsl_debug_console.o
 .debug_macro   0x000072bf     0x1352 ./utilities/fsl_debug_console.o
 .debug_macro   0x00008611       0x3a ./utilities/fsl_debug_console.o
 .debug_macro   0x0000864b       0xf4 ./utilities/fsl_debug_console.o
 .debug_macro   0x0000873f       0x35 ./utilities/fsl_debug_console.o
 .debug_macro   0x00008774       0x1c ./utilities/fsl_debug_console.o
 .debug_macro   0x00008790       0x10 ./utilities/fsl_debug_console.o
 .debug_macro   0x000087a0       0x1c ./utilities/fsl_debug_console.o
 .debug_macro   0x000087bc       0x52 ./utilities/fsl_debug_console.o
 .debug_macro   0x0000880e       0x40 ./utilities/fsl_debug_console.o
 .debug_macro   0x0000884e       0x10 ./utilities/fsl_debug_console.o
 .debug_macro   0x0000885e       0x40 ./utilities/fsl_debug_console.o
 .debug_macro   0x0000889e       0xd5 ./utilities/fsl_debug_console.o
 .debug_macro   0x00008973       0x1c ./utilities/fsl_debug_console.o
 .debug_macro   0x0000898f       0x3d ./utilities/fsl_debug_console.o
 .debug_macro   0x000089cc       0x16 ./utilities/fsl_debug_console.o
 .debug_macro   0x000089e2      0x16f ./utilities/fsl_debug_console.o
 .debug_macro   0x00008b51       0x34 ./utilities/fsl_debug_console.o
 .debug_macro   0x00008b85       0x10 ./utilities/fsl_debug_console.o
 .debug_macro   0x00008b95       0x10 ./utilities/fsl_debug_console.o
 .debug_macro   0x00008ba5       0x2a ./startup/startup_mkl25z4.o
 .debug_macro   0x00008bcf      0xb80 ./startup/startup_mkl25z4.o
 .debug_macro   0x0000974f       0xb8 ./source/Ringbuffer/RingBuffer.o
 .debug_macro   0x00009807       0x8e ./source/Ringbuffer/RingBuffer.o
 .debug_macro   0x00009895       0x51 ./source/Ringbuffer/RingBuffer.o
 .debug_macro   0x000098e6       0x5e ./source/Ringbuffer/RingBuffer.o
 .debug_macro   0x00009944      0x174 ./source/Ringbuffer/RingBuffer.o
 .debug_macro   0x00009ab8       0x6d ./source/Ringbuffer/RingBufferWrapper.o
 .debug_macro   0x00009b25      0x17b ./source/Ringbuffer/RingBufferWrapper.o
 .debug_macro   0x00009ca0       0x64 ./source/Ringbuffer/RingBufferWrapper.o
 .debug_macro   0x00009d04       0x16 ./source/Ringbuffer/RingBufferWrapper.o
 .debug_macro   0x00009d1a      0x2ee ./source/MKL25Z128xxx4_Elevator.o
 .debug_macro   0x0000a008       0x34 ./source/MKL25Z128xxx4_Elevator.o
 .debug_macro   0x0000a03c       0x16 ./source/MKL25Z128xxx4_Elevator.o
 .debug_macro   0x0000a052      0x34e ./source/MKL25Z128xxx4_Elevator.o
 .debug_macro   0x0000a3a0       0x43 ./source/MKL25Z128xxx4_Elevator.o
 .debug_macro   0x0000a3e3      0x35c ./source/MKL25Z128xxx4_Elevator.o
 .debug_macro   0x0000a73f       0x10 ./source/MKL25Z128xxx4_Elevator.o
 .debug_macro   0x0000a74f       0x35 ./source/MKL25Z128xxx4_Elevator.o
 .debug_macro   0x0000a784      0x329 ./source/MKL25Z128xxx4_Elevator.o
 .debug_macro   0x0000aaad       0x10 ./source/MKL25Z128xxx4_Elevator.o
 .debug_macro   0x0000aabd      0x137 ./source/MKL25Z128xxx4_Elevator.o
 .debug_macro   0x0000abf4       0x16 ./source/MKL25Z128xxx4_Elevator.o
 .debug_macro   0x0000ac0a       0x10 ./source/MKL25Z128xxx4_Elevator.o
 .debug_macro   0x0000ac1a      0x112 ./source/MKL25Z128xxx4_Elevator.o
 .debug_macro   0x0000ad2c       0x2e ./source/MKL25Z128xxx4_Elevator.o
 .debug_macro   0x0000ad5a       0x3a ./source/MKL25Z128xxx4_Elevator.o
 .debug_macro   0x0000ad94      0x13e ./source/cpp_config.o
 .debug_macro   0x0000aed2      0x16f ./source/cpp_config.o
 .debug_macro   0x0000b041       0x10 ./source/cpp_config.o
 .debug_macro   0x0000b051      0x3ed ./source/cpp_config.o
 .debug_macro   0x0000b43e       0x10 ./source/cpp_config.o
 .debug_macro   0x0000b44e      0x10e ./source/cpp_config.o
 .debug_macro   0x0000b55c       0x94 ./source/cpp_config.o
 .debug_macro   0x0000b5f0       0x1c ./source/cpp_config.o
 .debug_macro   0x0000b60c       0xde ./source/cpp_config.o
 .debug_macro   0x0000b6ea       0x2f ./source/mtb.o
 .debug_macro   0x0000b719       0x82 ./source/mtb.o
 .debug_macro   0x0000b79b       0x10 ./source/mtb.o
 .debug_macro   0x0000b7ab       0x11 ./source/semihost_hardfault.o
 .debug_macro   0x0000b7bc      0x179 ./freertos/list.o
 .debug_macro   0x0000b935       0xec ./freertos/port.o
 .debug_macro   0x0000ba21      0x25f ./freertos/tasks.o
 .debug_macro   0x0000bc80       0x11 ./freertos/tasks.o
 .debug_macro   0x0000bc91      0x268 ./drivers/fsl_clock.o
 .debug_macro   0x0000bef9      0x282 ./drivers/fsl_common.o
 .debug_macro   0x0000c17b      0x1be ./drivers/fsl_dma.o
 .debug_macro   0x0000c339      0x1bd ./drivers/fsl_i2c.o
 .debug_macro   0x0000c4f6       0x10 ./drivers/fsl_i2c.o
 .debug_macro   0x0000c506      0x1be ./drivers/fsl_lpsci.o
 .debug_macro   0x0000c6c4      0x1bd ./drivers/fsl_spi.o
 .debug_macro   0x0000c881       0x10 ./drivers/fsl_spi.o
 .debug_macro   0x0000c891      0x1c4 ./drivers/fsl_uart.o
 .debug_macro   0x0000ca55      0x2ab ./board/board.o
 .debug_macro   0x0000cd00      0x1f5 ./board/clock_config.o
 .debug_macro   0x0000cef5       0x1b ./board/peripherals.o
 .debug_macro   0x0000cf10      0x1c0 ./board/pin_mux.o
 .debug_macro   0x0000d0d0       0x10 ./board/pin_mux.o
 .debug_macro   0x0000d0e0       0xbb ./CMSIS/system_MKL25Z4.o

.debug_line     0x00000000     0xbee0
 .debug_line    0x00000000      0x73c ./utilities/fsl_debug_console.o
 .debug_line    0x0000073c      0x1ff ./startup/startup_mkl25z4.o
 .debug_line    0x0000093b      0x4eb ./source/Ringbuffer/RingBuffer.o
 .debug_line    0x00000e26      0x3ff ./source/Ringbuffer/RingBufferWrapper.o
 .debug_line    0x00001225      0x907 ./source/MKL25Z128xxx4_Elevator.o
 .debug_line    0x00001b2c      0x5b9 ./source/cpp_config.o
 .debug_line    0x000020e5       0xd6 ./source/mtb.o
 .debug_line    0x000021bb       0x5a ./source/semihost_hardfault.o
 .debug_line    0x00002215      0x4db ./freertos/list.o
 .debug_line    0x000026f0      0x50b ./freertos/port.o
 .debug_line    0x00002bfb     0x170c ./freertos/tasks.o
 .debug_line    0x00004307     0x14de ./drivers/fsl_clock.o
 .debug_line    0x000057e5      0x6ed ./drivers/fsl_common.o
 .debug_line    0x00005ed2      0x930 ./drivers/fsl_dma.o
 .debug_line    0x00006802     0x14a3 ./drivers/fsl_i2c.o
 .debug_line    0x00007ca5      0xf5f ./drivers/fsl_lpsci.o
 .debug_line    0x00008c04      0xce1 ./drivers/fsl_spi.o
 .debug_line    0x000098e5      0xf4d ./drivers/fsl_uart.o
 .debug_line    0x0000a832      0x665 ./board/board.o
 .debug_line    0x0000ae97      0x5f1 ./board/clock_config.o
 .debug_line    0x0000b488       0x5c ./board/peripherals.o
 .debug_line    0x0000b4e4      0x57a ./board/pin_mux.o
 .debug_line    0x0000ba5e      0x482 ./CMSIS/system_MKL25Z4.o

.debug_str      0x00000000    0x43299
 .debug_str     0x00000000    0x34d9f ./utilities/fsl_debug_console.o
                              0x35268 (size before relaxing)
 .debug_str     0x00034d9f      0x9a5 ./startup/startup_mkl25z4.o
                               0x35e6 (size before relaxing)
 .debug_str     0x00035744       0xc5 ./source/Ringbuffer/RingBuffer.o
                               0x44bc (size before relaxing)
 .debug_str     0x00035809      0x242 ./source/Ringbuffer/RingBufferWrapper.o
                               0x3cab (size before relaxing)
 .debug_str     0x00035a4b     0x20a4 ./source/MKL25Z128xxx4_Elevator.o
                              0x35fd8 (size before relaxing)
 .debug_str     0x00037aef     0x18d9 ./source/cpp_config.o
                               0x7f0b (size before relaxing)
 .debug_str     0x000393c8      0x532 ./source/mtb.o
                               0x32e9 (size before relaxing)
 .debug_str     0x000398fa       0x1f ./source/semihost_hardfault.o
                               0x2dd6 (size before relaxing)
 .debug_str     0x00039919     0x2e2d ./freertos/list.o
                               0x9ac5 (size before relaxing)
 .debug_str     0x0003c746      0xb38 ./freertos/port.o
                               0x788b (size before relaxing)
 .debug_str     0x0003d27e     0x1b98 ./freertos/tasks.o
                               0xbcb6 (size before relaxing)
 .debug_str     0x0003ee16     0x13fa ./drivers/fsl_clock.o
                              0x349f6 (size before relaxing)
 .debug_str     0x00040210      0x142 ./drivers/fsl_common.o
                              0x34213 (size before relaxing)
 .debug_str     0x00040352      0x77d ./drivers/fsl_dma.o
                              0x33cb9 (size before relaxing)
 .debug_str     0x00040acf      0xc0a ./drivers/fsl_i2c.o
                              0x341d0 (size before relaxing)
 .debug_str     0x000416d9      0x680 ./drivers/fsl_lpsci.o
                              0x33ffe (size before relaxing)
 .debug_str     0x00041d59      0x7b1 ./drivers/fsl_spi.o
                              0x33dc0 (size before relaxing)
 .debug_str     0x0004250a      0x832 ./drivers/fsl_uart.o
                              0x34021 (size before relaxing)
 .debug_str     0x00042d3c       0x37 ./board/board.o
                              0x34d71 (size before relaxing)
 .debug_str     0x00042d73      0x300 ./board/clock_config.o
                              0x33906 (size before relaxing)
 .debug_str     0x00043073       0x31 ./board/peripherals.o
                               0x2de7 (size before relaxing)
 .debug_str     0x000430a4      0x1a6 ./board/pin_mux.o
                              0x330e9 (size before relaxing)
 .debug_str     0x0004324a       0x4f ./CMSIS/system_MKL25Z4.o
                              0x2f48e (size before relaxing)

.comment        0x00000000       0x76
 .comment       0x00000000       0x76 ./utilities/fsl_debug_console.o
                                 0x77 (size before relaxing)
 .comment       0x00000076       0x77 ./startup/startup_mkl25z4.o
 .comment       0x00000076       0x77 ./source/Ringbuffer/RingBuffer.o
 .comment       0x00000076       0x77 ./source/Ringbuffer/RingBufferWrapper.o
 .comment       0x00000076       0x77 ./source/MKL25Z128xxx4_Elevator.o
 .comment       0x00000076       0x77 ./source/cpp_config.o
 .comment       0x00000076       0x77 ./source/mtb.o
 .comment       0x00000076       0x77 ./source/semihost_hardfault.o
 .comment       0x00000076       0x77 ./freertos/list.o
 .comment       0x00000076       0x77 ./freertos/port.o
 .comment       0x00000076       0x77 ./freertos/tasks.o
 .comment       0x00000076       0x77 ./drivers/fsl_clock.o
 .comment       0x00000076       0x77 ./drivers/fsl_common.o
 .comment       0x00000076       0x77 ./drivers/fsl_dma.o
 .comment       0x00000076       0x77 ./drivers/fsl_i2c.o
 .comment       0x00000076       0x77 ./drivers/fsl_lpsci.o
 .comment       0x00000076       0x77 ./drivers/fsl_spi.o
 .comment       0x00000076       0x77 ./drivers/fsl_uart.o
 .comment       0x00000076       0x77 ./board/board.o
 .comment       0x00000076       0x77 ./board/clock_config.o
 .comment       0x00000076       0x77 ./board/peripherals.o
 .comment       0x00000076       0x77 ./board/pin_mux.o
 .comment       0x00000076       0x77 ./CMSIS/system_MKL25Z4.o
 .comment       0x00000076       0x77 c:/nxp/mcuxpressoide_11.1.0_3209/ide/plugins/com.nxp.mcuxpresso.tools.win32_11.1.0.201909161352/tools/bin/../lib/gcc/arm-none-eabi/8.3.1/../../../../arm-none-eabi/lib/thumb/v6-m/nofp\libcr_newlib_semihost.a(_cr_sbrk.o)
 .comment       0x00000076       0x77 c:/nxp/mcuxpressoide_11.1.0_3209/ide/plugins/com.nxp.mcuxpresso.tools.win32_11.1.0.201909161352/tools/bin/../lib/gcc/arm-none-eabi/8.3.1/../../../../arm-none-eabi/lib/thumb/v6-m/nofp\libcr_newlib_semihost.a(syscalls.o)
 .comment       0x00000076       0x77 c:/nxp/mcuxpressoide_11.1.0_3209/ide/plugins/com.nxp.mcuxpresso.tools.win32_11.1.0.201909161352/tools/bin/../lib/gcc/arm-none-eabi/8.3.1/../../../../arm-none-eabi/lib/thumb/v6-m/nofp\libcr_newlib_semihost.a(_cr_check_heap.o)

.ARM.attributes
                0x00000000       0x2a
 .ARM.attributes
                0x00000000       0x2c ./utilities/fsl_debug_console.o
 .ARM.attributes
                0x0000002c       0x2c ./startup/startup_mkl25z4.o
 .ARM.attributes
                0x00000058       0x2c ./source/Ringbuffer/RingBuffer.o
 .ARM.attributes
                0x00000084       0x2c ./source/Ringbuffer/RingBufferWrapper.o
 .ARM.attributes
                0x000000b0       0x2c ./source/MKL25Z128xxx4_Elevator.o
 .ARM.attributes
                0x000000dc       0x2c ./source/cpp_config.o
 .ARM.attributes
                0x00000108       0x32 ./source/mtb.o
 .ARM.attributes
                0x0000013a       0x2c ./source/semihost_hardfault.o
 .ARM.attributes
                0x00000166       0x2c ./freertos/list.o
 .ARM.attributes
                0x00000192       0x2c ./freertos/port.o
 .ARM.attributes
                0x000001be       0x2c ./freertos/tasks.o
 .ARM.attributes
                0x000001ea       0x2c ./drivers/fsl_clock.o
 .ARM.attributes
                0x00000216       0x2c ./drivers/fsl_common.o
 .ARM.attributes
                0x00000242       0x2c ./drivers/fsl_dma.o
 .ARM.attributes
                0x0000026e       0x2c ./drivers/fsl_i2c.o
 .ARM.attributes
                0x0000029a       0x2c ./drivers/fsl_lpsci.o
 .ARM.attributes
                0x000002c6       0x2c ./drivers/fsl_spi.o
 .ARM.attributes
                0x000002f2       0x2c ./drivers/fsl_uart.o
 .ARM.attributes
                0x0000031e       0x2c ./board/board.o
 .ARM.attributes
                0x0000034a       0x2c ./board/clock_config.o
 .ARM.attributes
                0x00000376       0x2c ./board/peripherals.o
 .ARM.attributes
                0x000003a2       0x2c ./board/pin_mux.o
 .ARM.attributes
                0x000003ce       0x2c ./CMSIS/system_MKL25Z4.o
 .ARM.attributes
                0x000003fa       0x1e c:/nxp/mcuxpressoide_11.1.0_3209/ide/plugins/com.nxp.mcuxpresso.tools.win32_11.1.0.201909161352/tools/bin/../lib/gcc/arm-none-eabi/8.3.1/thumb/v6-m/nofp\libgcc.a(_udivsi3.o)
 .ARM.attributes
                0x00000418       0x1e c:/nxp/mcuxpressoide_11.1.0_3209/ide/plugins/com.nxp.mcuxpresso.tools.win32_11.1.0.201909161352/tools/bin/../lib/gcc/arm-none-eabi/8.3.1/thumb/v6-m/nofp\libgcc.a(_dvmd_tls.o)
 .ARM.attributes
                0x00000436       0x2c c:/nxp/mcuxpressoide_11.1.0_3209/ide/plugins/com.nxp.mcuxpresso.tools.win32_11.1.0.201909161352/tools/bin/../lib/gcc/arm-none-eabi/8.3.1/../../../../arm-none-eabi/lib/thumb/v6-m/nofp\libc_nano.a(lib_a-init.o)
 .ARM.attributes
                0x00000462       0x2c c:/nxp/mcuxpressoide_11.1.0_3209/ide/plugins/com.nxp.mcuxpresso.tools.win32_11.1.0.201909161352/tools/bin/../lib/gcc/arm-none-eabi/8.3.1/../../../../arm-none-eabi/lib/thumb/v6-m/nofp\libc_nano.a(lib_a-malloc.o)
 .ARM.attributes
                0x0000048e       0x2c c:/nxp/mcuxpressoide_11.1.0_3209/ide/plugins/com.nxp.mcuxpresso.tools.win32_11.1.0.201909161352/tools/bin/../lib/gcc/arm-none-eabi/8.3.1/../../../../arm-none-eabi/lib/thumb/v6-m/nofp\libc_nano.a(lib_a-memset.o)
 .ARM.attributes
                0x000004ba       0x2c c:/nxp/mcuxpressoide_11.1.0_3209/ide/plugins/com.nxp.mcuxpresso.tools.win32_11.1.0.201909161352/tools/bin/../lib/gcc/arm-none-eabi/8.3.1/../../../../arm-none-eabi/lib/thumb/v6-m/nofp\libc_nano.a(lib_a-nano-freer.o)
 .ARM.attributes
                0x000004e6       0x2c c:/nxp/mcuxpressoide_11.1.0_3209/ide/plugins/com.nxp.mcuxpresso.tools.win32_11.1.0.201909161352/tools/bin/../lib/gcc/arm-none-eabi/8.3.1/../../../../arm-none-eabi/lib/thumb/v6-m/nofp\libc_nano.a(lib_a-nano-mallocr.o)
 .ARM.attributes
                0x00000512       0x2c c:/nxp/mcuxpressoide_11.1.0_3209/ide/plugins/com.nxp.mcuxpresso.tools.win32_11.1.0.201909161352/tools/bin/../lib/gcc/arm-none-eabi/8.3.1/../../../../arm-none-eabi/lib/thumb/v6-m/nofp\libc_nano.a(lib_a-printf.o)
 .ARM.attributes
                0x0000053e       0x2c c:/nxp/mcuxpressoide_11.1.0_3209/ide/plugins/com.nxp.mcuxpresso.tools.win32_11.1.0.201909161352/tools/bin/../lib/gcc/arm-none-eabi/8.3.1/../../../../arm-none-eabi/lib/thumb/v6-m/nofp\libc_nano.a(lib_a-sbrkr.o)
 .ARM.attributes