Archive member included to satisfy reference by file (symbol)

c:/nxp/mcuxpressoide_11.1.0_3209/ide/plugins/com.nxp.mcuxpresso.tools.win32_11.1.0.201909161352/tools/bin/../lib/gcc/arm-none-eabi/8.3.1/thumb/v6-m/nofp\libgcc.a(_udivsi3.o)
                              ./freertos/fsl_tickless_lptmr.o (__aeabi_uidiv)
c:/nxp/mcuxpressoide_11.1.0_3209/ide/plugins/com.nxp.mcuxpresso.tools.win32_11.1.0.201909161352/tools/bin/../lib/gcc/arm-none-eabi/8.3.1/thumb/v6-m/nofp\libgcc.a(_divsi3.o)
                              ./drivers/fsl_tpm.o (__aeabi_idiv)
c:/nxp/mcuxpressoide_11.1.0_3209/ide/plugins/com.nxp.mcuxpresso.tools.win32_11.1.0.201909161352/tools/bin/../lib/gcc/arm-none-eabi/8.3.1/thumb/v6-m/nofp\libgcc.a(_dvmd_tls.o)
                              c:/nxp/mcuxpressoide_11.1.0_3209/ide/plugins/com.nxp.mcuxpresso.tools.win32_11.1.0.201909161352/tools/bin/../lib/gcc/arm-none-eabi/8.3.1/thumb/v6-m/nofp\libgcc.a(_udivsi3.o) (__aeabi_idiv0)
c:/nxp/mcuxpressoide_11.1.0_3209/ide/plugins/com.nxp.mcuxpresso.tools.win32_11.1.0.201909161352/tools/bin/../lib/gcc/arm-none-eabi/8.3.1/thumb/v6-m/nofp\libgcc.a(_aeabi_uldivmod.o)
                              ./source/Mytimer.o (__aeabi_uldivmod)
c:/nxp/mcuxpressoide_11.1.0_3209/ide/plugins/com.nxp.mcuxpresso.tools.win32_11.1.0.201909161352/tools/bin/../lib/gcc/arm-none-eabi/8.3.1/thumb/v6-m/nofp\libgcc.a(_muldi3.o)
                              ./source/Mytimer.o (__aeabi_lmul)
c:/nxp/mcuxpressoide_11.1.0_3209/ide/plugins/com.nxp.mcuxpresso.tools.win32_11.1.0.201909161352/tools/bin/../lib/gcc/arm-none-eabi/8.3.1/thumb/v6-m/nofp\libgcc.a(_udivmoddi4.o)
                              c:/nxp/mcuxpressoide_11.1.0_3209/ide/plugins/com.nxp.mcuxpresso.tools.win32_11.1.0.201909161352/tools/bin/../lib/gcc/arm-none-eabi/8.3.1/thumb/v6-m/nofp\libgcc.a(_aeabi_uldivmod.o) (__udivmoddi4)
c:/nxp/mcuxpressoide_11.1.0_3209/ide/plugins/com.nxp.mcuxpresso.tools.win32_11.1.0.201909161352/tools/bin/../lib/gcc/arm-none-eabi/8.3.1/thumb/v6-m/nofp\libgcc.a(_clzdi2.o)
                              c:/nxp/mcuxpressoide_11.1.0_3209/ide/plugins/com.nxp.mcuxpresso.tools.win32_11.1.0.201909161352/tools/bin/../lib/gcc/arm-none-eabi/8.3.1/thumb/v6-m/nofp\libgcc.a(_udivmoddi4.o) (__clzdi2)
c:/nxp/mcuxpressoide_11.1.0_3209/ide/plugins/com.nxp.mcuxpresso.tools.win32_11.1.0.201909161352/tools/bin/../lib/gcc/arm-none-eabi/8.3.1/thumb/v6-m/nofp\libgcc.a(_clzsi2.o)
                              c:/nxp/mcuxpressoide_11.1.0_3209/ide/plugins/com.nxp.mcuxpresso.tools.win32_11.1.0.201909161352/tools/bin/../lib/gcc/arm-none-eabi/8.3.1/thumb/v6-m/nofp\libgcc.a(_clzdi2.o) (__clzsi2)
c:/nxp/mcuxpressoide_11.1.0_3209/ide/plugins/com.nxp.mcuxpresso.tools.win32_11.1.0.201909161352/tools/bin/../lib/gcc/arm-none-eabi/8.3.1/../../../../arm-none-eabi/lib/thumb/v6-m/nofp\libc_nano.a(lib_a-init.o)
                              ./startup/startup_mkl25z4.o (__libc_init_array)
c:/nxp/mcuxpressoide_11.1.0_3209/ide/plugins/com.nxp.mcuxpresso.tools.win32_11.1.0.201909161352/tools/bin/../lib/gcc/arm-none-eabi/8.3.1/../../../../arm-none-eabi/lib/thumb/v6-m/nofp\libc_nano.a(lib_a-malloc.o)
                              ./source/cpp_config.o (malloc)
c:/nxp/mcuxpressoide_11.1.0_3209/ide/plugins/com.nxp.mcuxpresso.tools.win32_11.1.0.201909161352/tools/bin/../lib/gcc/arm-none-eabi/8.3.1/../../../../arm-none-eabi/lib/thumb/v6-m/nofp\libc_nano.a(lib_a-memcpy-stub.o)
                              ./source/Commands.o (memcpy)
c:/nxp/mcuxpressoide_11.1.0_3209/ide/plugins/com.nxp.mcuxpresso.tools.win32_11.1.0.201909161352/tools/bin/../lib/gcc/arm-none-eabi/8.3.1/../../../../arm-none-eabi/lib/thumb/v6-m/nofp\libc_nano.a(lib_a-memset.o)
                              ./freertos/tasks.o (memset)
c:/nxp/mcuxpressoide_11.1.0_3209/ide/plugins/com.nxp.mcuxpresso.tools.win32_11.1.0.201909161352/tools/bin/../lib/gcc/arm-none-eabi/8.3.1/../../../../arm-none-eabi/lib/thumb/v6-m/nofp\libc_nano.a(lib_a-nano-freer.o)
                              c:/nxp/mcuxpressoide_11.1.0_3209/ide/plugins/com.nxp.mcuxpresso.tools.win32_11.1.0.201909161352/tools/bin/../lib/gcc/arm-none-eabi/8.3.1/../../../../arm-none-eabi/lib/thumb/v6-m/nofp\libc_nano.a(lib_a-malloc.o) (_free_r)
c:/nxp/mcuxpressoide_11.1.0_3209/ide/plugins/com.nxp.mcuxpresso.tools.win32_11.1.0.201909161352/tools/bin/../lib/gcc/arm-none-eabi/8.3.1/../../../../arm-none-eabi/lib/thumb/v6-m/nofp\libc_nano.a(lib_a-nano-mallocr.o)
                              c:/nxp/mcuxpressoide_11.1.0_3209/ide/plugins/com.nxp.mcuxpresso.tools.win32_11.1.0.201909161352/tools/bin/../lib/gcc/arm-none-eabi/8.3.1/../../../../arm-none-eabi/lib/thumb/v6-m/nofp\libc_nano.a(lib_a-malloc.o) (_malloc_r)
c:/nxp/mcuxpressoide_11.1.0_3209/ide/plugins/com.nxp.mcuxpresso.tools.win32_11.1.0.201909161352/tools/bin/../lib/gcc/arm-none-eabi/8.3.1/../../../../arm-none-eabi/lib/thumb/v6-m/nofp\libc_nano.a(lib_a-printf.o)
                              ./source/Control.o (printf)
[...]
Memory Configuration

Name             Origin             Length             Attributes
PROGRAM_FLASH    0x00000000         0x00020000         xr
SRAM             0x1ffff000         0x00004000         xrw
*default*        0x00000000         0xffffffff

Linker script and memory map

LOAD ./utilities/fsl_debug_console.o
LOAD ./startup/startup_mkl25z4.o
LOAD ./source/Ringbuffer/RingBuffer.o
LOAD ./source/Ringbuffer/RingBufferWrapper.o
LOAD ./source/Commands.o
LOAD ./source/Control.o
LOAD ./source/MKL25Z128xxx4_Elevator.o
LOAD ./source/Mytimer.o
LOAD ./source/Myuart.o
LOAD ./source/cpp_config.o
LOAD ./source/mtb.o
LOAD ./source/semihost_hardfault.o
LOAD ./freertos/croutine.o
LOAD ./freertos/event_groups.o
LOAD ./freertos/fsl_tickless_lptmr.o
LOAD ./freertos/fsl_tickless_systick.o
LOAD ./freertos/heap_4.o
LOAD ./freertos/list.o
LOAD ./freertos/port.o
LOAD ./freertos/queue.o
LOAD ./freertos/tasks.o
LOAD ./freertos/timers.o
LOAD ./drivers/fsl_adc16.o
LOAD ./drivers/fsl_clock.o
LOAD ./drivers/fsl_cmp.o
LOAD ./drivers/fsl_common.o
LOAD ./drivers/fsl_cop.o
LOAD ./drivers/fsl_dac.o
LOAD ./drivers/fsl_dma.o
LOAD ./drivers/fsl_dmamux.o
LOAD ./drivers/fsl_flash.o
LOAD ./drivers/fsl_gpio.o
LOAD ./drivers/fsl_i2c.o
LOAD ./drivers/fsl_i2c_dma.o
LOAD ./drivers/fsl_i2c_freertos.o
LOAD ./drivers/fsl_llwu.o
LOAD ./drivers/fsl_lpsci.o
LOAD ./drivers/fsl_lpsci_dma.o
LOAD ./drivers/fsl_lpsci_freertos.o
LOAD ./drivers/fsl_lptmr.o
LOAD ./drivers/fsl_pit.o
LOAD ./drivers/fsl_pmc.o
LOAD ./drivers/fsl_rcm.o
LOAD ./drivers/fsl_rtc.o
LOAD ./drivers/fsl_sim.o
LOAD ./drivers/fsl_smc.o
LOAD ./drivers/fsl_spi.o
LOAD ./drivers/fsl_spi_dma.o
LOAD ./drivers/fsl_spi_freertos.o
LOAD ./drivers/fsl_tpm.o
LOAD ./drivers/fsl_tsi_v4.o
LOAD ./drivers/fsl_uart.o
LOAD ./drivers/fsl_uart_dma.o
LOAD ./drivers/fsl_uart_freertos.o
LOAD ./board/board.o
LOAD ./board/clock_config.o
LOAD ./board/peripherals.o
LOAD ./board/pin_mux.o
LOAD ./CMSIS_driver/fsl_i2c_cmsis.o
LOAD ./CMSIS_driver/fsl_lpsci_cmsis.o
LOAD ./CMSIS_driver/fsl_spi_cmsis.o
LOAD ./CMSIS_driver/fsl_uart_cmsis.o
LOAD ./CMSIS/system_MKL25Z4.o
START GROUP
LOAD c:/nxp/mcuxpressoide_11.1.0_3209/ide/plugins/com.nxp.mcuxpresso.tools.win32_11.1.0.201909161352/tools/bin/../lib/gcc/arm-none-eabi/8.3.1/thumb/v6-m/nofp\libgcc.a
LOAD c:/nxp/mcuxpressoide_11.1.0_3209/ide/plugins/com.nxp.mcuxpresso.tools.win32_11.1.0.201909161352/tools/bin/../lib/gcc/arm-none-eabi/8.3.1/../../../../arm-none-eabi/lib/thumb/v6-m/nofp\libc_nano.a
LOAD c:/nxp/mcuxpressoide_11.1.0_3209/ide/plugins/com.nxp.mcuxpresso.tools.win32_11.1.0.201909161352/tools/bin/../lib/gcc/arm-none-eabi/8.3.1/../../../../arm-none-eabi/lib/thumb/v6-m/nofp\libstdc++_nano.a
LOAD c:/nxp/mcuxpressoide_11.1.0_3209/ide/plugins/com.nxp.mcuxpresso.tools.win32_11.1.0.201909161352/tools/bin/../lib/gcc/arm-none-eabi/8.3.1/../../../../arm-none-eabi/lib/thumb/v6-m/nofp\libm.a
LOAD c:/nxp/mcuxpressoide_11.1.0_3209/ide/plugins/com.nxp.mcuxpresso.tools.win32_11.1.0.201909161352/tools/bin/../lib/gcc/arm-none-eabi/8.3.1/../../../../arm-none-eabi/lib/thumb/v6-m/nofp\libcr_newlib_semihost.a
LOAD c:/nxp/mcuxpressoide_11.1.0_3209/ide/plugins/com.nxp.mcuxpresso.tools.win32_11.1.0.201909161352/tools/bin/../lib/gcc/arm-none-eabi/8.3.1/thumb/v6-m/nofp\crti.o
LOAD c:/nxp/mcuxpressoide_11.1.0_3209/ide/plugins/com.nxp.mcuxpresso.tools.win32_11.1.0.201909161352/tools/bin/../lib/gcc/arm-none-eabi/8.3.1/thumb/v6-m/nofp\crtn.o
LOAD c:/nxp/mcuxpressoide_11.1.0_3209/ide/plugins/com.nxp.mcuxpresso.tools.win32_11.1.0.201909161352/tools/bin/../lib/gcc/arm-none-eabi/8.3.1/thumb/v6-m/nofp\crtbegin.o
LOAD c:/nxp/mcuxpressoide_11.1.0_3209/ide/plugins/com.nxp.mcuxpresso.tools.win32_11.1.0.201909161352/tools/bin/../lib/gcc/arm-none-eabi/8.3.1/thumb/v6-m/nofp\crtend.o
END GROUP
                0x00000000                __base_PROGRAM_FLASH = 0x0
                0x00000000                __base_Flash = 0x0
                0x00020000                __top_PROGRAM_FLASH = 0x20000
                0x00020000                __top_Flash = 0x20000
                0x1ffff000                __base_SRAM = 0x1ffff000
                0x1ffff000                __base_RAM = 0x1ffff000
                0x20003000                __top_SRAM = 0x20003000
                0x20003000                __top_RAM = 0x20003000

.text           0x00000000     0x51cc
 FILL mask 0xff
                0x00000000                __vectors_start__ = ABSOLUTE (.)
 *(SORT_BY_ALIGNMENT(.isr_vector))
 .isr_vector    0x00000000       0xc0 ./startup/startup_mkl25z4.o
                0x00000000                g_pfnVectors
                0x00000000                __Vectors
                0x000000c0                . = ALIGN (0x4)
                0x000000c0                __section_table_start = .
                0x000000c0                __data_section_table = .
                0x000000c0        0x4 LONG 0x51cc LOADADDR (.data)
                0x000000c4        0x4 LONG 0x1ffff080 ADDR (.data)
                0x000000c8        0x4 LONG 0x174 SIZEOF (.data)
                0x000000cc                __data_section_table_end = .
                0x000000cc                __bss_section_table = .
                0x000000cc        0x4 LONG 0x1ffff1f4 ADDR (.bss)
                0x000000d0        0x4 LONG 0x174 SIZEOF (.bss)
                0x000000d4                __bss_section_table_end = .
                0x000000d4                __section_table_end = .
 *(SORT_BY_ALIGNMENT(.after_vectors*))
 .after_vectors.reset
                0x000000d4       0x50 ./startup/startup_mkl25z4.o
                0x000000d4                ResetISR
 .after_vectors.init_data
                0x00000124       0x12 ./startup/startup_mkl25z4.o
                0x00000124                data_init(unsigned int, unsigned int, unsigned int)
 .after_vectors.init_bss
                0x00000136       0x10 ./startup/startup_mkl25z4.o
                0x00000136                bss_init(unsigned int, unsigned int)
 .after_vectors
                0x00000146      0x106 ./startup/startup_mkl25z4.o
                0x00000146                NMI_Handler
                0x00000150                PORTD_DriverIRQHandler
                0x00000150                LPTMR0_DriverIRQHandler
                0x00000150                Reserved39_DriverIRQHandler
                0x00000150                PIT_DriverIRQHandler
                0x00000150                CMP0_DriverIRQHandler
                0x00000150                ADC0_DriverIRQHandler
                0x00000150                TPM0_DriverIRQHandler
                0x00000150                TPM2_DriverIRQHandler
                0x00000150                RTC_DriverIRQHandler
                0x00000150                TPM1_DriverIRQHandler
                0x00000150                TSI0_DriverIRQHandler
                0x00000150                RTC_Seconds_DriverIRQHandler
                0x00000150                PORTA_DriverIRQHandler
                0x00000150                LLWU_DriverIRQHandler
                0x00000150                MCG_DriverIRQHandler
                0x00000150                Reserved45_DriverIRQHandler
                0x00000150                Reserved20_DriverIRQHandler
                0x00000150                DAC0_DriverIRQHandler
                0x00000150                FTFA_DriverIRQHandler
                0x00000150                IntDefaultHandler
                0x00000150                USB0_DriverIRQHandler
                0x00000150                LVD_LVW_DriverIRQHandler
                0x00000152                DMA0_IRQHandler
                0x0000015a                DMA1_IRQHandler
                0x00000162                DMA2_IRQHandler
                0x0000016a                DMA3_IRQHandler
                0x00000172                Reserved20_IRQHandler
                0x0000017a                FTFA_IRQHandler
                0x00000182                LVD_LVW_IRQHandler
                0x0000018a                LLWU_IRQHandler
                0x00000192                I2C0_IRQHandler
                0x0000019a                I2C1_IRQHandler
                0x000001a2                SPI0_IRQHandler
                0x000001aa                SPI1_IRQHandler
                0x000001ba                UART1_IRQHandler
                0x000001c2                UART2_IRQHandler
                0x000001ca                ADC0_IRQHandler
                0x000001d2                CMP0_IRQHandler
                0x000001da                TPM0_IRQHandler
                0x000001e2                TPM1_IRQHandler
                0x000001ea                TPM2_IRQHandler
                0x000001f2                RTC_IRQHandler
                0x000001fa                RTC_Seconds_IRQHandler
                0x00000202                PIT_IRQHandler
                0x00000204                Reserved39_IRQHandler
                0x0000020c                USB0_IRQHandler
                0x00000214                DAC0_IRQHandler
                0x0000021c                TSI0_IRQHandler
                0x00000224                MCG_IRQHandler
                0x0000022c                LPTMR0_IRQHandler
                0x00000234                Reserved45_IRQHandler
                0x0000023c                PORTA_IRQHandler
                0x00000244                PORTD_IRQHandler
                0x00000400                . = 0x400
 *fill*         0x0000024c      0x1b4 ff
                0x00000400                PROVIDE (__FLASH_CONFIG_START__ = .)
 *(SORT_BY_ALIGNMENT(.FlashConfig))
 .FlashConfig   0x00000400       0x10 ./startup/startup_mkl25z4.o
                0x00000410                PROVIDE (__FLASH_CONFIG_END__ = .)
                0x00000001                ASSERT (! ((__FLASH_CONFIG_START__ == __FLASH_CONFIG_END__)), Linker Flash Config Support Enabled, but no .FlashConfig section provided within application)
 *(SORT_BY_ALIGNMENT(.text*))
 .text.PendSV_Handler
                0x00000410       0x48 ./freertos/port.o
                0x00000410                PendSV_Handler
 .text.DbgConsole_Init
                0x00000458       0xf0 ./utilities/fsl_debug_console.o
                0x00000458                DbgConsole_Init
 .text.RbufferNumOfElements
                0x00000548       0x34 ./source/Ringbuffer/RingBuffer.o
                0x00000548                RbufferNumOfElements
 .text._ZN17RingBufferWrapperC2EPhj
                0x0000057c       0x30 ./source/Ringbuffer/RingBufferWrapper.o
                0x0000057c                RingBufferWrapper::RingBufferWrapper(unsigned char*, unsigned int)
                0x0000057c                RingBufferWrapper::RingBufferWrapper(unsigned char*, unsigned int)
 .text._ZN17RingBufferWrapperD2Ev
                0x000005ac       0x28 ./source/Ringbuffer/RingBufferWrapper.o
                0x000005ac                RingBufferWrapper::~RingBufferWrapper()
                0x000005ac                RingBufferWrapper::~RingBufferWrapper()
 .text.NVIC_EnableIRQ
                0x000005d4       0x2c ./source/Commands.o
 .text.NVIC_DisableIRQ
                0x00000600       0x30 ./source/Commands.o
 .text._ZN8CommandsC2Ev
                0x00000630       0x40 ./source/Commands.o
                0x00000630                Commands::Commands()
                0x00000630                Commands::Commands()
 .text._ZN8CommandsD2Ev
                0x00000670       0x40 ./source/Commands.o
                0x00000670                Commands::~Commands()
                0x00000670                Commands::~Commands()
 .text._ZN8Commands8get_crc8EPKhh
                0x000006b0       0x68 ./source/Commands.o
                0x000006b0                Commands::get_crc8(unsigned char const*, unsigned char)
 .text._ZN7ControlC2Ev
                0x00000718       0x40 ./source/Control.o
                0x00000718                Control::Control()
                0x00000718                Control::Control()
 .text._ZN7ControlD2Ev
                0x00000758       0x28 ./source/Control.o
                0x00000758                Control::~Control()
                0x00000758                Control::~Control()
 .text._ZN7Control16evaluate_messageEPhj
                0x00000780      0x150 ./source/Control.o
                0x00000780                Control::evaluate_message(unsigned char*, unsigned int)
 .text._ZN7Control18read_from_terminalEPhj
                0x000008d0       0x58 ./source/Control.o
                0x000008d0                Control::read_from_terminal(unsigned char*, unsigned int)
 .text.NVIC_EnableIRQ
                0x00000928       0x2c ./source/Myuart.o
 .text.NVIC_DisableIRQ
                0x00000954       0x30 ./source/Myuart.o
 .text.CLOCK_SetLpsci0Clock
                0x00000984       0x38 ./source/Myuart.o
 .text._ZN7My_uart10uart_writeEPhj
                0x000009bc       0x30 ./source/Myuart.o
                0x000009bc                My_uart::uart_write(unsigned char*, unsigned int)
 .text._ZN7My_uartC2Ev
                0x000009ec       0x90 ./source/Myuart.o
                0x000009ec                My_uart::My_uart()
                0x000009ec                My_uart::My_uart()
 .text._ZN7My_uartD2Ev
                0x00000a7c       0x28 ./source/Myuart.o
                0x00000a7c                My_uart::~My_uart()
                0x00000a7c                My_uart::~My_uart()
 .text._ZN7My_uart12get_instanceEv
                0x00000aa4       0x30 ./source/Myuart.o
                0x00000aa4                My_uart::get_instance()
 .text.UART0_IRQHandler
                0x00000ad4      0x168 ./source/Myuart.o
                0x00000ad4                UART0_IRQHandler
 .text.HardFault_Handler
                0x00000c3c       0x30 ./source/semihost_hardfault.o
                0x00000c3c                HardFault_Handler
 .text.vPortYield
                0x00000c6c       0x20 ./freertos/port.o
                0x00000c6c                vPortYield
 .text.vPortEnterCritical
                0x00000c8c       0x24 ./freertos/port.o
                0x00000c8c                vPortEnterCritical
 .text.vPortExitCritical
                0x00000cb0       0x30 ./freertos/port.o
                0x00000cb0                vPortExitCritical
 .text.SysTick_Handler
                0x00000ce0       0x34 ./freertos/port.o
                0x00000ce0                SysTick_Handler
 .text.xTaskIncrementTick
                0x00000d14      0x14c ./freertos/tasks.o
                0x00000d14                xTaskIncrementTick
 .text.vTaskSwitchContext
                0x00000e60       0xa4 ./freertos/tasks.o
                0x00000e60                vTaskSwitchContext
 .text.prvResetNextTaskUnblockTime
                0x00000f04       0x48 ./freertos/tasks.o
 .text.xTaskGenericNotify
                0x00000f4c      0x118 ./freertos/tasks.o
                0x00000f4c                xTaskGenericNotify
 .text.xTaskGenericNotifyFromISR
                0x00001064      0x154 ./freertos/tasks.o
                0x00001064                xTaskGenericNotifyFromISR
 .text.CLOCK_SetEr32kClock
                0x000011b8       0x34 ./drivers/fsl_clock.o
 .text.CLOCK_SetPllFllSelClock
                0x000011ec       0x38 ./drivers/fsl_clock.o
 .text.CLOCK_GetMcgExtClkFreq
                0x00001224       0x34 ./drivers/fsl_clock.o
 .text.CLOCK_GetFllExtRefClkFreq
                0x00001258       0xa4 ./drivers/fsl_clock.o
 .text.CLOCK_GetInternalRefClkSelectFreq
                0x000012fc       0x40 ./drivers/fsl_clock.o
 .text.CLOCK_GetFllRefClkFreq
                0x0000133c       0x2c ./drivers/fsl_clock.o
 .text.CLOCK_GetOscRangeFromFreq
                0x00001368       0x4c ./drivers/fsl_clock.o
 .text.CLOCK_GetOsc0ErClkFreq
                0x000013b4       0x4c ./drivers/fsl_clock.o
                0x000013b4                CLOCK_GetOsc0ErClkFreq
 .text.CLOCK_GetEr32kClkFreq
                0x00001400       0x84 ./drivers/fsl_clock.o
                0x00001400                CLOCK_GetEr32kClkFreq
 .text.CLOCK_GetPllFllSelClkFreq
                0x00001484       0x4c ./drivers/fsl_clock.o
                0x00001484                CLOCK_GetPllFllSelClkFreq
 .text.CLOCK_GetFreq
                0x000014d0       0xe0 ./drivers/fsl_clock.o
                0x000014d0                CLOCK_GetFreq
 .text.CLOCK_SetSimConfig
                0x000015b0       0x38 ./drivers/fsl_clock.o
                0x000015b0                CLOCK_SetSimConfig
 .text.CLOCK_GetOutClkFreq
                0x000015e8       0x68 ./drivers/fsl_clock.o
                0x000015e8                CLOCK_GetOutClkFreq
 .text.CLOCK_GetFllFreq
                0x00001650       0x84 ./drivers/fsl_clock.o
                0x00001650                CLOCK_GetFllFreq
 .text.CLOCK_GetInternalRefClkFreq
                0x000016d4       0x28 ./drivers/fsl_clock.o
                0x000016d4                CLOCK_GetInternalRefClkFreq
 .text.CLOCK_GetPll0Freq
                0x000016fc       0x80 ./drivers/fsl_clock.o
                0x000016fc                CLOCK_GetPll0Freq
 .text.CLOCK_SetInternalRefClkConfig
                0x0000177c      0x124 ./drivers/fsl_clock.o
                0x0000177c                CLOCK_SetInternalRefClkConfig
 .text.CLOCK_EnablePll0
                0x000018a0       0xa0 ./drivers/fsl_clock.o
                0x000018a0                CLOCK_EnablePll0
 .text.CLOCK_InitOsc0
                0x00001940       0x94 ./drivers/fsl_clock.o
                0x00001940                CLOCK_InitOsc0
 .text.CLOCK_SetPbeMode
                0x000019d4       0xc0 ./drivers/fsl_clock.o
                0x000019d4                CLOCK_SetPbeMode
 .text.CLOCK_BootToPeeMode
                0x00001a94       0x80 ./drivers/fsl_clock.o
                0x00001a94                CLOCK_BootToPeeMode
 .text.__assert_func
                0x00001b14       0x28 ./drivers/fsl_common.o
                0x00001b14                __assert_func
 .text.DMA_ClearChannelStatusFlags
                0x00001b3c       0x64 ./drivers/fsl_dma.o
 .text.DMA_HandleIRQ
                0x00001ba0       0x60 ./drivers/fsl_dma.o
                0x00001ba0                DMA_HandleIRQ
 .text.DMA0_DriverIRQHandler
                0x00001c00       0x18 ./drivers/fsl_dma.o
                0x00001c00                DMA0_DriverIRQHandler
 .text.DMA1_DriverIRQHandler
                0x00001c18       0x18 ./drivers/fsl_dma.o
                0x00001c18                DMA1_DriverIRQHandler
 .text.DMA2_DriverIRQHandler
                0x00001c30       0x18 ./drivers/fsl_dma.o
                0x00001c30                DMA2_DriverIRQHandler
 .text.DMA3_DriverIRQHandler
                0x00001c48       0x18 ./drivers/fsl_dma.o
                0x00001c48                DMA3_DriverIRQHandler
 .text.I2C_TransferCommonIRQHandler
                0x00001c60       0x54 ./drivers/fsl_i2c.o
 .text.I2C0_DriverIRQHandler
                0x00001cb4       0x20 ./drivers/fsl_i2c.o
                0x00001cb4                I2C0_DriverIRQHandler
 .text.I2C1_DriverIRQHandler
                0x00001cd4       0x20 ./drivers/fsl_i2c.o
                0x00001cd4                I2C1_DriverIRQHandler
 .text.CLOCK_EnableClock
                0x00001cf4       0x34 ./drivers/fsl_lpsci.o
 .text.LPSCI_GetInstance
                0x00001d28       0x54 ./drivers/fsl_lpsci.o
                0x00001d28                LPSCI_GetInstance
 .text.LPSCI_Init
                0x00001d7c      0x268 ./drivers/fsl_lpsci.o
                0x00001d7c                LPSCI_Init
 .text.LPSCI_GetDefaultConfig
                0x00001fe4       0x54 ./drivers/fsl_lpsci.o
                0x00001fe4                LPSCI_GetDefaultConfig
 .text.LPSCI_EnableInterrupts
                0x00002038       0x58 ./drivers/fsl_lpsci.o
                0x00002038                LPSCI_EnableInterrupts
 .text.LPSCI_DisableInterrupts
                0x00002090       0x64 ./drivers/fsl_lpsci.o
                0x00002090                LPSCI_DisableInterrupts
 .text.LPSCI_ClearStatusFlags
                0x000020f4       0x94 ./drivers/fsl_lpsci.o
                0x000020f4                LPSCI_ClearStatusFlags
 .text.LPSCI_WriteBlocking
                0x00002188       0x5c ./drivers/fsl_lpsci.o
                0x00002188                LPSCI_WriteBlocking
 .text.LPSCI_ReadBlocking
                0x000021e4       0xd0 ./drivers/fsl_lpsci.o
                0x000021e4                LPSCI_ReadBlocking
 .text.UART0_DriverIRQHandler
                0x000022b4       0x24 ./drivers/fsl_lpsci.o
                0x000022b4                UART0_DriverIRQHandler
 .text.SPI_CommonIRQHandler
                0x000022d8       0x54 ./drivers/fsl_spi.o
 .text.SPI0_DriverIRQHandler
                0x0000232c       0x40 ./drivers/fsl_spi.o
                0x0000232c                SPI0_DriverIRQHandler
 .text.SPI1_DriverIRQHandler
                0x0000236c       0x40 ./drivers/fsl_spi.o
                0x0000236c                SPI1_DriverIRQHandler
 .text.CLOCK_EnableClock
                0x000023ac       0x34 ./drivers/fsl_uart.o
 .text.UART_GetInstance
                0x000023e0       0x60 ./drivers/fsl_uart.o
                0x000023e0                UART_GetInstance
 .text.UART_Init
                0x00002440      0x1f0 ./drivers/fsl_uart.o
                0x00002440                UART_Init
 .text.UART_GetDefaultConfig
                0x00002630       0x54 ./drivers/fsl_uart.o
                0x00002630                UART_GetDefaultConfig
 .text.UART_ReadBlocking
                0x00002684       0xa8 ./drivers/fsl_uart.o
                0x00002684                UART_ReadBlocking
 .text.UART1_DriverIRQHandler
                0x0000272c       0x24 ./drivers/fsl_uart.o
                0x0000272c                UART1_DriverIRQHandler
 .text.UART2_DriverIRQHandler
                0x00002750       0x24 ./drivers/fsl_uart.o
                0x00002750                UART2_DriverIRQHandler
 .text.CLOCK_SetLpsci0Clock
                0x00002774       0x38 ./board/board.o
 .text.BOARD_InitDebugConsole
                0x000027ac       0x30 ./board/board.o
                0x000027ac                BOARD_InitDebugConsole
 .text.CLOCK_SetSimSafeDivs
                0x000027dc       0x20 ./board/clock_config.o
 .text.CLOCK_SetXtal0Freq
                0x000027fc       0x1c ./board/clock_config.o
 .text.CLOCK_CONFIG_SetFllExtRefDiv
                0x00002818       0x3c ./board/clock_config.o
 .text.BOARD_BootClockRUN
                0x00002854       0x64 ./board/clock_config.o
                0x00002854                BOARD_BootClockRUN
 .text.CLOCK_EnableClock
                0x000028b8       0x34 ./board/pin_mux.o
 .text.PORT_SetPinMux
                0x000028ec       0x40 ./board/pin_mux.o
 .text.BOARD_InitPins
                0x0000292c       0x4c ./board/pin_mux.o
                0x0000292c                BOARD_InitPins
 .text.SystemInit
                0x00002978       0x18 ./CMSIS/system_MKL25Z4.o
                0x00002978                SystemInit
 .text          0x00002990      0x114 c:/nxp/mcuxpressoide_11.1.0_3209/ide/plugins/com.nxp.mcuxpresso.tools.win32_11.1.0.201909161352/tools/bin/../lib/gcc/arm-none-eabi/8.3.1/thumb/v6-m/nofp\libgcc.a(_udivsi3.o)
                0x00002990                __aeabi_uidiv
                0x00002990                __udivsi3
                0x00002a9c                __aeabi_uidivmod
 .text          0x00002aa4        0x4 c:/nxp/mcuxpressoide_11.1.0_3209/ide/plugins/com.nxp.mcuxpresso.tools.win32_11.1.0.201909161352/tools/bin/../lib/gcc/arm-none-eabi/8.3.1/thumb/v6-m/nofp\libgcc.a(_dvmd_tls.o)
                0x00002aa4                __aeabi_idiv0
                0x00002aa4                __aeabi_ldiv0
 .text.__libc_init_array
                0x00002aa8       0x48 c:/nxp/mcuxpressoide_11.1.0_3209/ide/plugins/com.nxp.mcuxpresso.tools.win32_11.1.0.201909161352/tools/bin/../lib/gcc/arm-none-eabi/8.3.1/../../../../arm-none-eabi/lib/thumb/v6-m/nofp\libc_nano.a(lib_a-init.o)
                0x00002aa8                __libc_init_array
 .text.malloc   0x00002af0       0x14 c:/nxp/mcuxpressoide_11.1.0_3209/ide/plugins/com.nxp.mcuxpresso.tools.win32_11.1.0.201909161352/tools/bin/../lib/gcc/arm-none-eabi/8.3.1/../../../../arm-none-eabi/lib/thumb/v6-m/nofp\libc_nano.a(lib_a-malloc.o)
                0x00002af0                malloc
 .text.free     0x00002b04       0x14 c:/nxp/mcuxpressoide_11.1.0_3209/ide/plugins/com.nxp.mcuxpresso.tools.win32_11.1.0.201909161352/tools/bin/../lib/gcc/arm-none-eabi/8.3.1/../../../../arm-none-eabi/lib/thumb/v6-m/nofp\libc_nano.a(lib_a-malloc.o)
                0x00002b04                free
 .text._free_r  0x00002b18       0x94 c:/nxp/mcuxpressoide_11.1.0_3209/ide/plugins/com.nxp.mcuxpresso.tools.win32_11.1.0.201909161352/tools/bin/../lib/gcc/arm-none-eabi/8.3.1/../../../../arm-none-eabi/lib/thumb/v6-m/nofp\libc_nano.a(lib_a-nano-freer.o)
                0x00002b18                _free_r
 .text._malloc_r
                0x00002bac       0xbc c:/nxp/mcuxpressoide_11.1.0_3209/ide/plugins/com.nxp.mcuxpresso.tools.win32_11.1.0.201909161352/tools/bin/../lib/gcc/arm-none-eabi/8.3.1/../../../../arm-none-eabi/lib/thumb/v6-m/nofp\libc_nano.a(lib_a-nano-mallocr.o)
                0x00002bac                _malloc_r
 .text.printf   0x00002c68       0x34 c:/nxp/mcuxpressoide_11.1.0_3209/ide/plugins/com.nxp.mcuxpresso.tools.win32_11.1.0.201909161352/tools/bin/../lib/gcc/arm-none-eabi/8.3.1/../../../../arm-none-eabi/lib/thumb/v6-m/nofp\libc_nano.a(lib_a-printf.o)
                0x00002c68                iprintf
                0x00002c68                printf
 .text._sbrk_r  0x00002c9c       0x24 c:/nxp/mcuxpressoide_11.1.0_3209/ide/plugins/com.nxp.mcuxpresso.tools.win32_11.1.0.201909161352/tools/bin/../lib/gcc/arm-none-eabi/8.3.1/../../../../arm-none-eabi/lib/thumb/v6-m/nofp\libc_nano.a(lib_a-sbrkr.o)
                0x00002c9c                _sbrk_r
 .text.std      0x00002cc0       0x48 c:/nxp/mcuxpressoide_11.1.0_3209/ide/plugins/com.nxp.mcuxpresso.tools.win32_11.1.0.201909161352/tools/bin/../lib/gcc/arm-none-eabi/8.3.1/../../../../arm-none-eabi/lib/thumb/v6-m/nofp\libc_nano.a(lib_a-findfp.o)
 .text._cleanup_r
                0x00002d08       0x10 c:/nxp/mcuxpressoide_11.1.0_3209/ide/plugins/com.nxp.mcuxpresso.tools.win32_11.1.0.201909161352/tools/bin/../lib/gcc/arm-none-eabi/8.3.1/../../../../arm-none-eabi/lib/thumb/v6-m/nofp\libc_nano.a(lib_a-findfp.o)
                0x00002d08                _cleanup_r
 .text.__sfp_lock_acquire
                0x00002d18       0x10 c:/nxp/mcuxpressoide_11.1.0_3209/ide/plugins/com.nxp.mcuxpresso.tools.win32_11.1.0.201909161352/tools/bin/../lib/gcc/arm-none-eabi/8.3.1/../../../../arm-none-eabi/lib/thumb/v6-m/nofp\libc_nano.a(lib_a-findfp.o)
                0x00002d18                __sfp_lock_acquire
 .text.__sfp_lock_release
                0x00002d28       0x10 c:/nxp/mcuxpressoide_11.1.0_3209/ide/plugins/com.nxp.mcuxpresso.tools.win32_11.1.0.201909161352/tools/bin/../lib/gcc/arm-none-eabi/8.3.1/../../../../arm-none-eabi/lib/thumb/v6-m/nofp\libc_nano.a(lib_a-findfp.o)
                0x00002d28                __sfp_lock_release
 .text.__sinit_lock_acquire
                0x00002d38       0x10 c:/nxp/mcuxpressoide_11.1.0_3209/ide/plugins/com.nxp.mcuxpresso.tools.win32_11.1.0.201909161352/tools/bin/../lib/gcc/arm-none-eabi/8.3.1/../../../../arm-none-eabi/lib/thumb/v6-m/nofp\libc_nano.a(lib_a-findfp.o)
                0x00002d38                __sinit_lock_acquire
 .text.__sinit_lock_release
                0x00002d48       0x10 c:/nxp/mcuxpressoide_11.1.0_3209/ide/plugins/com.nxp.mcuxpresso.tools.win32_11.1.0.201909161352/tools/bin/../lib/gcc/arm-none-eabi/8.3.1/../../../../arm-none-eabi/lib/thumb/v6-m/nofp\libc_nano.a(lib_a-findfp.o)
                0x00002d48                __sinit_lock_release
 .text.__sinit  0x00002d58       0x70 c:/nxp/mcuxpressoide_11.1.0_3209/ide/plugins/com.nxp.mcuxpresso.tools.win32_11.1.0.201909161352/tools/bin/../lib/gcc/arm-none-eabi/8.3.1/../../../../arm-none-eabi/lib/thumb/v6-m/nofp\libc_nano.a(lib_a-findfp.o)
                0x00002d58                __sinit
 .text.__sfp    0x00002dc8       0x90 c:/nxp/mcuxpressoide_11.1.0_3209/ide/plugins/com.nxp.mcuxpresso.tools.win32_11.1.0.201909161352/tools/bin/../lib/gcc/arm-none-eabi/8.3.1/../../../../arm-none-eabi/lib/thumb/v6-m/nofp\libc_nano.a(lib_a-findfp.o)
                0x00002dc8                __sfp
 .text.__malloc_lock
                0x00002e58       0x10 c:/nxp/mcuxpressoide_11.1.0_3209/ide/plugins/com.nxp.mcuxpresso.tools.win32_11.1.0.201909161352/tools/bin/../lib/gcc/arm-none-eabi/8.3.1/../../../../arm-none-eabi/lib/thumb/v6-m/nofp\libc_nano.a(lib_a-mlock.o)
                0x00002e58                __malloc_lock
 .text.__malloc_unlock
                0x00002e68       0x10 c:/nxp/mcuxpressoide_11.1.0_3209/ide/plugins/com.nxp.mcuxpresso.tools.win32_11.1.0.201909161352/tools/bin/../lib/gcc/arm-none-eabi/8.3.1/../../../../arm-none-eabi/lib/thumb/v6-m/nofp\libc_nano.a(lib_a-mlock.o)
                0x00002e68                __malloc_unlock
 .text._vfprintf_r
                0x00002e78      0x26c c:/nxp/mcuxpressoide_11.1.0_3209/ide/plugins/com.nxp.mcuxpresso.tools.win32_11.1.0.201909161352/tools/bin/../lib/gcc/arm-none-eabi/8.3.1/../../../../arm-none-eabi/lib/thumb/v6-m/nofp\libc_nano.a(lib_a-nano-vfprintf.o)
                0x00002e78                _vfprintf_r
                0x00002e78                _vfiprintf_r
 .text._printf_i
                0x000030e4      0x214 c:/nxp/mcuxpressoide_11.1.0_3209/ide/plugins/com.nxp.mcuxpresso.tools.win32_11.1.0.201909161352/tools/bin/../lib/gcc/arm-none-eabi/8.3.1/../../../../arm-none-eabi/lib/thumb/v6-m/nofp\libc_nano.a(lib_a-nano-vfprintf_i.o)
                0x000030e4                _printf_i
 .text.__sread  0x000032f8       0x28 c:/nxp/mcuxpressoide_11.1.0_3209/ide/plugins/com.nxp.mcuxpresso.tools.win32_11.1.0.201909161352/tools/bin/../lib/gcc/arm-none-eabi/8.3.1/../../../../arm-none-eabi/lib/thumb/v6-m/nofp\libc_nano.a(lib_a-stdio.o)
                0x000032f8                __sread
 .text.__swrite
                0x00003320       0x38 c:/nxp/mcuxpressoide_11.1.0_3209/ide/plugins/com.nxp.mcuxpresso.tools.win32_11.1.0.201909161352/tools/bin/../lib/gcc/arm-none-eabi/8.3.1/../../../../arm-none-eabi/lib/thumb/v6-m/nofp\libc_nano.a(lib_a-stdio.o)
                0x00003320                __swrite
 .text.__sseek  0x00003358       0x2c c:/nxp/mcuxpressoide_11.1.0_3209/ide/plugins/com.nxp.mcuxpresso.tools.win32_11.1.0.201909161352/tools/bin/../lib/gcc/arm-none-eabi/8.3.1/../../../../arm-none-eabi/lib/thumb/v6-m/nofp\libc_nano.a(lib_a-stdio.o)
                0x00003358                __sseek
 .text.__swbuf_r
                0x00003384       0xac c:/nxp/mcuxpressoide_11.1.0_3209/ide/plugins/com.nxp.mcuxpresso.tools.win32_11.1.0.201909161352/tools/bin/../lib/gcc/arm-none-eabi/8.3.1/../../../../arm-none-eabi/lib/thumb/v6-m/nofp\libc_nano.a(lib_a-wbuf.o)
                0x00003384                __swbuf_r
 .text._write_r
                0x00003430       0x28 c:/nxp/mcuxpressoide_11.1.0_3209/ide/plugins/com.nxp.mcuxpresso.tools.win32_11.1.0.201909161352/tools/bin/../lib/gcc/arm-none-eabi/8.3.1/../../../../arm-none-eabi/lib/thumb/v6-m/nofp\libc_nano.a(lib_a-writer.o)
                0x00003430                _write_r
 .text.__swsetup_r
                0x00003458       0xec c:/nxp/mcuxpressoide_11.1.0_3209/ide/plugins/com.nxp.mcuxpresso.tools.win32_11.1.0.201909161352/tools/bin/../lib/gcc/arm-none-eabi/8.3.1/../../../../arm-none-eabi/lib/thumb/v6-m/nofp\libc_nano.a(lib_a-wsetup.o)
                0x00003458                __swsetup_r
 .text._close_r
                0x00003544       0x24 c:/nxp/mcuxpressoide_11.1.0_3209/ide/plugins/com.nxp.mcuxpresso.tools.win32_11.1.0.201909161352/tools/bin/../lib/gcc/arm-none-eabi/8.3.1/../../../../arm-none-eabi/lib/thumb/v6-m/nofp\libc_nano.a(lib_a-closer.o)
                0x00003544                _close_r
 .text.__sflush_r
                0x00003568      0x114 c:/nxp/mcuxpressoide_11.1.0_3209/ide/plugins/com.nxp.mcuxpresso.tools.win32_11.1.0.201909161352/tools/bin/../lib/gcc/arm-none-eabi/8.3.1/../../../../arm-none-eabi/lib/thumb/v6-m/nofp\libc_nano.a(lib_a-fflush.o)
                0x00003568                __sflush_r
 .text._fflush_r
                0x0000367c       0x80 c:/nxp/mcuxpressoide_11.1.0_3209/ide/plugins/com.nxp.mcuxpresso.tools.win32_11.1.0.201909161352/tools/bin/../lib/gcc/arm-none-eabi/8.3.1/../../../../arm-none-eabi/lib/thumb/v6-m/nofp\libc_nano.a(lib_a-fflush.o)
                0x0000367c                _fflush_r
 .text._lseek_r
                0x000036fc       0x28 c:/nxp/mcuxpressoide_11.1.0_3209/ide/plugins/com.nxp.mcuxpresso.tools.win32_11.1.0.201909161352/tools/bin/../lib/gcc/arm-none-eabi/8.3.1/../../../../arm-none-eabi/lib/thumb/v6-m/nofp\libc_nano.a(lib_a-lseekr.o)
                0x000036fc                _lseek_r
 .text.__swhatbuf_r
                0x00003724       0x50 c:/nxp/mcuxpressoide_11.1.0_3209/ide/plugins/com.nxp.mcuxpresso.tools.win32_11.1.0.201909161352/tools/bin/../lib/gcc/arm-none-eabi/8.3.1/../../../../arm-none-eabi/lib/thumb/v6-m/nofp\libc_nano.a(lib_a-makebuf.o)
                0x00003724                __swhatbuf_r
 .text.__smakebuf_r
                0x00003774       0x88 c:/nxp/mcuxpressoide_11.1.0_3209/ide/plugins/com.nxp.mcuxpresso.tools.win32_11.1.0.201909161352/tools/bin/../lib/gcc/arm-none-eabi/8.3.1/../../../../arm-none-eabi/lib/thumb/v6-m/nofp\libc_nano.a(lib_a-makebuf.o)
                0x00003774                __smakebuf_r
 .text._read_r  0x000037fc       0x28 c:/nxp/mcuxpressoide_11.1.0_3209/ide/plugins/com.nxp.mcuxpresso.tools.win32_11.1.0.201909161352/tools/bin/../lib/gcc/arm-none-eabi/8.3.1/../../../../arm-none-eabi/lib/thumb/v6-m/nofp\libc_nano.a(lib_a-readr.o)
                0x000037fc                _read_r
 .text._fstat_r
                0x00003824       0x24 c:/nxp/mcuxpressoide_11.1.0_3209/ide/plugins/com.nxp.mcuxpresso.tools.win32_11.1.0.201909161352/tools/bin/../lib/gcc/arm-none-eabi/8.3.1/../../../../arm-none-eabi/lib/thumb/v6-m/nofp\libc_nano.a(lib_a-fstatr.o)
                0x00003824                _fstat_r
 .text._isatty_r
                0x00003848       0x24 c:/nxp/mcuxpressoide_11.1.0_3209/ide/plugins/com.nxp.mcuxpresso.tools.win32_11.1.0.201909161352/tools/bin/../lib/gcc/arm-none-eabi/8.3.1/../../../../arm-none-eabi/lib/thumb/v6-m/nofp\libc_nano.a(lib_a-isattyr.o)
                0x00003848                _isatty_r
 .text._sbrk    0x0000386c       0x40 c:/nxp/mcuxpressoide_11.1.0_3209/ide/plugins/com.nxp.mcuxpresso.tools.win32_11.1.0.201909161352/tools/bin/../lib/gcc/arm-none-eabi/8.3.1/../../../../arm-none-eabi/lib/thumb/v6-m/nofp\libcr_newlib_semihost.a(_cr_sbrk.o)
                0x0000386c                _sbrk
 .text.initialise_monitor_handles
                0x000038ac       0xa0 c:/nxp/mcuxpressoide_11.1.0_3209/ide/plugins/com.nxp.mcuxpresso.tools.win32_11.1.0.201909161352/tools/bin/../lib/gcc/arm-none-eabi/8.3.1/../../../../arm-none-eabi/lib/thumb/v6-m/nofp\libcr_newlib_semihost.a(syscalls.o)
 .text.findslot
                0x0000394c       0x24 c:/nxp/mcuxpressoide_11.1.0_3209/ide/plugins/com.nxp.mcuxpresso.tools.win32_11.1.0.201909161352/tools/bin/../lib/gcc/arm-none-eabi/8.3.1/../../../../arm-none-eabi/lib/thumb/v6-m/nofp\libcr_newlib_semihost.a(syscalls.o)
 .text._close   0x00003970       0x4c c:/nxp/mcuxpressoide_11.1.0_3209/ide/plugins/com.nxp.mcuxpresso.tools.win32_11.1.0.201909161352/tools/bin/../lib/gcc/arm-none-eabi/8.3.1/../../../../arm-none-eabi/lib/thumb/v6-m/nofp\libcr_newlib_semihost.a(syscalls.o)
                0x00003970                _close
 .text.__check_heap_overflow
                0x000039bc       0x14 c:/nxp/mcuxpressoide_11.1.0_3209/ide/plugins/com.nxp.mcuxpresso.tools.win32_11.1.0.201909161352/tools/bin/../lib/gcc/arm-none-eabi/8.3.1/../../../../arm-none-eabi/lib/thumb/v6-m/nofp\libcr_newlib_semihost.a(_cr_check_heap.o)
                0x000039bc                __check_heap_overflow
 .text          0x000039d0       0x48 c:/nxp/mcuxpressoide_11.1.0_3209/ide/plugins/com.nxp.mcuxpresso.tools.win32_11.1.0.201909161352/tools/bin/../lib/gcc/arm-none-eabi/8.3.1/thumb/v6-m/nofp\crtbegin.o
 .text.__errno  0x00003a18        0xc c:/nxp/mcuxpressoide_11.1.0_3209/ide/plugins/com.nxp.mcuxpresso.tools.win32_11.1.0.201909161352/tools/bin/../lib/gcc/arm-none-eabi/8.3.1/../../../../arm-none-eabi/lib/thumb/v6-m/nofp\libc_nano.a(lib_a-errno.o)
                0x00003a18                __errno
 .text.UART_EnableTx
                0x00003a24       0x40 ./utilities/fsl_debug_console.o
 .text.UART_EnableRx
                0x00003a64       0x40 ./utilities/fsl_debug_console.o
 .text.LPSCI_EnableTx
                0x00003aa4       0x40 ./utilities/fsl_debug_console.o
 .text.LPSCI_EnableRx
                0x00003ae4       0x40 ./utilities/fsl_debug_console.o
 .text.incrementAddress
                0x00003b24       0x36 ./source/Ringbuffer/RingBuffer.o
                0x00003b24                incrementAddress
 .text.RbufferWrite
                0x00003b5a       0x88 ./source/Ringbuffer/RingBuffer.o
                0x00003b5a                RbufferWrite
 .text.RbufferRead
                0x00003be2       0x68 ./source/Ringbuffer/RingBuffer.o
                0x00003be2                RbufferRead
 .text.RbufferInit
                0x00003c4a       0x3c ./source/Ringbuffer/RingBuffer.o
                0x00003c4a                RbufferInit
 .text._ZN17RingBufferWrapperD0Ev
                0x00003c86       0x24 ./source/Ringbuffer/RingBufferWrapper.o
                0x00003c86                RingBufferWrapper::~RingBufferWrapper()
 .text._ZN17RingBufferWrapper4ReadEPhj
                0x00003caa       0x24 ./source/Ringbuffer/RingBufferWrapper.o
                0x00003caa                RingBufferWrapper::Read(unsigned char*, unsigned int)
 .text._ZN17RingBufferWrapper5WriteEPKhj
                0x00003cce       0x24 ./source/Ringbuffer/RingBufferWrapper.o
                0x00003cce                RingBufferWrapper::Write(unsigned char const*, unsigned int)
 .text._ZN17RingBufferWrapper13NumOfElementsEv
                0x00003cf2       0x1c ./source/Ringbuffer/RingBufferWrapper.o
                0x00003cf2                RingBufferWrapper::NumOfElements()
 .text.EnableIRQ
                0x00003d0e       0x2c ./source/Commands.o
 .text.DisableIRQ
                0x00003d3a       0x2c ./source/Commands.o
 .text._ZN8CommandsD0Ev
                0x00003d66       0x24 ./source/Commands.o
                0x00003d66                Commands::~Commands()
 .text._ZN8Commands15msg_in_callbackEv
                0x00003d8a      0x15c ./source/Commands.o
                0x00003d8a                Commands::msg_in_callback()
 .text._ZN8Commands12send_commandEhPhj
                0x00003ee6      0x16c ./source/Commands.o
                0x00003ee6                Commands::send_command(unsigned char, unsigned char*, unsigned int)
 .text._ZN8Commands8send_ackEPhj
                0x00004052       0xda ./source/Commands.o
                0x00004052                Commands::send_ack(unsigned char*, unsigned int)
 .text._ZN8Commands8send_msgEPhj
                0x0000412c       0x2e ./source/Commands.o
                0x0000412c                Commands::send_msg(unsigned char*, unsigned int)
 .text._ZN8Commands16get_crc_from_msgEPhj
                0x0000415a       0xb6 ./source/Commands.o
                0x0000415a                Commands::get_crc_from_msg(unsigned char*, unsigned int)
 .text._ZN7ControlD0Ev
                0x00004210       0x24 ./source/Control.o
                0x00004210                Control::~Control()
 .text._ZN7Control12read_messageEv
                0x00004234       0xcc ./source/Control.o
                0x00004234                Control::read_message()
 .text._ZN7Control17evaluate_positionEhh
                0x00004300       0x20 ./source/Control.o
                0x00004300                Control::evaluate_position(unsigned char, unsigned char)
 .text._ZN7Control15evaluate_buttonEh
                0x00004320       0x7c ./source/Control.o
                0x00004320                Control::evaluate_button(unsigned char)
 .text._ZN7Control10motor_moveEl
                0x0000439c       0x4c ./source/Control.o
                0x0000439c                Control::motor_move(long)
 .text._ZN7Control4doorEh
                0x000043e8       0x26 ./source/Control.o
                0x000043e8                Control::door(unsigned char)
 .text._ZN7Control15emergency_breakEh
                0x0000440e       0x26 ./source/Control.o
                0x0000440e                Control::emergency_break(unsigned char)
 .text._ZN7Control3ledEhh
                0x00004434       0x32 ./source/Control.o
                0x00004434                Control::led(unsigned char, unsigned char)
 .text.main     0x00004466       0x32 ./source/MKL25Z128xxx4_Elevator.o
                0x00004466                main
 .text.EnableIRQ
                0x00004498       0x2c ./source/Myuart.o
 .text.DisableIRQ
                0x000044c4       0x2c ./source/Myuart.o
 .text._ZN7My_uart20ring_get_readed_dataEPhj
                0x000044f0       0x22 ./source/Myuart.o
                0x000044f0                My_uart::ring_get_readed_data(unsigned char*, unsigned int)
 .text._ZN7My_uart10ring_writeEPhj
                0x00004512       0x22 ./source/Myuart.o
                0x00004512                My_uart::ring_write(unsigned char*, unsigned int)
 .text._ZN7My_uart20ring_get_readed_sizeEv
                0x00004534       0x1c ./source/Myuart.o
                0x00004534                My_uart::ring_get_readed_size()
 .text._ZN7My_uartD0Ev
                0x00004550       0x24 ./source/Myuart.o
                0x00004550                My_uart::~My_uart()
 .text._Znwj    0x00004574       0x1a ./source/cpp_config.o
                0x00004574                operator new(unsigned int)
 .text._ZdlPv   0x0000458e       0x18 ./source/cpp_config.o
                0x0000458e                operator delete(void*)
 .text.vListInsertEnd
                0x000045a6       0x44 ./freertos/list.o
                0x000045a6                vListInsertEnd
 .text.uxListRemove
                0x000045ea       0x50 ./freertos/list.o
                0x000045ea                uxListRemove
 .text.SVC_Handler
                0x0000463a        0xa ./freertos/port.o
                0x0000463a                SVC_Handler
 .text.ulSetInterruptMaskFromISR
                0x00004644        0xc ./freertos/port.o
                0x00004644                ulSetInterruptMaskFromISR
 .text.vClearInterruptMaskFromISR
                0x00004650        0x8 ./freertos/port.o
                0x00004650                vClearInterruptMaskFromISR
 .text.OSC_SetExtRefClkConfig
                0x00004658       0x3e ./drivers/fsl_clock.o
 .text.OSC_SetCapLoad
                0x00004696       0x42 ./drivers/fsl_clock.o
 .text.CLOCK_GetPll0RefFreq
                0x000046d8       0x10 ./drivers/fsl_clock.o
 .text.CLOCK_GetFixedFreqClkFreq
                0x000046e8       0x30 ./drivers/fsl_clock.o
                0x000046e8                CLOCK_GetFixedFreqClkFreq
 .text.CLOCK_SetExternalRefClkConfig
                0x00004718       0x16 ./drivers/fsl_clock.o
                0x00004718                CLOCK_SetExternalRefClkConfig
 .text.LPSCI_GetStatusFlags
                0x0000472e       0x26 ./drivers/fsl_lpsci.o
                0x0000472e                LPSCI_GetStatusFlags
 .text.UART_GetStatusFlags
                0x00004754       0x26 ./drivers/fsl_uart.o
                0x00004754                UART_GetStatusFlags
 .text.UART_WriteBlocking
                0x0000477a       0x3a ./drivers/fsl_uart.o
                0x0000477a                UART_WriteBlocking
 .text.BOARD_InitBootClocks
                0x000047b4        0xe ./board/clock_config.o
                0x000047b4                BOARD_InitBootClocks
 .text.BOARD_InitBootPeripherals
                0x000047c2        0xa ./board/peripherals.o
                0x000047c2                BOARD_InitBootPeripherals
 .text.BOARD_InitBootPins
                0x000047cc        0xe ./board/pin_mux.o
                0x000047cc                BOARD_InitBootPins
 .text.memcpy   0x000047da       0x12 c:/nxp/mcuxpressoide_11.1.0_3209/ide/plugins/com.nxp.mcuxpresso.tools.win32_11.1.0.201909161352/tools/bin/../lib/gcc/arm-none-eabi/8.3.1/../../../../arm-none-eabi/lib/thumb/v6-m/nofp\libc_nano.a(lib_a-memcpy-stub.o)
                0x000047da                memcpy
 .text.memset   0x000047ec       0x10 c:/nxp/mcuxpressoide_11.1.0_3209/ide/plugins/com.nxp.mcuxpresso.tools.win32_11.1.0.201909161352/tools/bin/../lib/gcc/arm-none-eabi/8.3.1/../../../../arm-none-eabi/lib/thumb/v6-m/nofp\libc_nano.a(lib_a-memset.o)
                0x000047ec                memset
 .text.__sfmoreglue
                0x000047fc       0x2c c:/nxp/mcuxpressoide_11.1.0_3209/ide/plugins/com.nxp.mcuxpresso.tools.win32_11.1.0.201909161352/tools/bin/../lib/gcc/arm-none-eabi/8.3.1/../../../../arm-none-eabi/lib/thumb/v6-m/nofp\libc_nano.a(lib_a-findfp.o)
                0x000047fc                __sfmoreglue
 .text._fwalk_reent
                0x00004828       0x42 c:/nxp/mcuxpressoide_11.1.0_3209/ide/plugins/com.nxp.mcuxpresso.tools.win32_11.1.0.201909161352/tools/bin/../lib/gcc/arm-none-eabi/8.3.1/../../../../arm-none-eabi/lib/thumb/v6-m/nofp\libc_nano.a(lib_a-fwalk.o)
                0x00004828                _fwalk_reent
 .text.__retarget_lock_init_recursive
                0x0000486a        0x2 c:/nxp/mcuxpressoide_11.1.0_3209/ide/plugins/com.nxp.mcuxpresso.tools.win32_11.1.0.201909161352/tools/bin/../lib/gcc/arm-none-eabi/8.3.1/../../../../arm-none-eabi/lib/thumb/v6-m/nofp\libc_nano.a(lib_a-lock.o)
                0x0000486a                __retarget_lock_init_recursive
 .text.__retarget_lock_acquire_recursive
                0x0000486c        0x2 c:/nxp/mcuxpressoide_11.1.0_3209/ide/plugins/com.nxp.mcuxpresso.tools.win32_11.1.0.201909161352/tools/bin/../lib/gcc/arm-none-eabi/8.3.1/../../../../arm-none-eabi/lib/thumb/v6-m/nofp\libc_nano.a(lib_a-lock.o)
                0x0000486c                __retarget_lock_acquire_recursive
 .text.__retarget_lock_release_recursive
                0x0000486e        0x2 c:/nxp/mcuxpressoide_11.1.0_3209/ide/plugins/com.nxp.mcuxpresso.tools.win32_11.1.0.201909161352/tools/bin/../lib/gcc/arm-none-eabi/8.3.1/../../../../arm-none-eabi/lib/thumb/v6-m/nofp\libc_nano.a(lib_a-lock.o)
                0x0000486e                __retarget_lock_release_recursive
 .text.__sfputc_r
                0x00004870       0x2a c:/nxp/mcuxpressoide_11.1.0_3209/ide/plugins/com.nxp.mcuxpresso.tools.win32_11.1.0.201909161352/tools/bin/../lib/gcc/arm-none-eabi/8.3.1/../../../../arm-none-eabi/lib/thumb/v6-m/nofp\libc_nano.a(lib_a-nano-vfprintf.o)
 .text.__sfputs_r
                0x0000489a       0x24 c:/nxp/mcuxpressoide_11.1.0_3209/ide/plugins/com.nxp.mcuxpresso.tools.win32_11.1.0.201909161352/tools/bin/../lib/gcc/arm-none-eabi/8.3.1/../../../../arm-none-eabi/lib/thumb/v6-m/nofp\libc_nano.a(lib_a-nano-vfprintf.o)
                0x0000489a                __sfputs_r
 .text._printf_common
                0x000048be       0xda c:/nxp/mcuxpressoide_11.1.0_3209/ide/plugins/com.nxp.mcuxpresso.tools.win32_11.1.0.201909161352/tools/bin/../lib/gcc/arm-none-eabi/8.3.1/../../../../arm-none-eabi/lib/thumb/v6-m/nofp\libc_nano.a(lib_a-nano-vfprintf_i.o)
                0x000048be                _printf_common
 .text.__sclose
                0x00004998        0xc c:/nxp/mcuxpressoide_11.1.0_3209/ide/plugins/com.nxp.mcuxpresso.tools.win32_11.1.0.201909161352/tools/bin/../lib/gcc/arm-none-eabi/8.3.1/../../../../arm-none-eabi/lib/thumb/v6-m/nofp\libc_nano.a(lib_a-stdio.o)
                0x00004998                __sclose
 .text.memchr   0x000049a4       0x16 c:/nxp/mcuxpressoide_11.1.0_3209/ide/plugins/com.nxp.mcuxpresso.tools.win32_11.1.0.201909161352/tools/bin/../lib/gcc/arm-none-eabi/8.3.1/../../../../arm-none-eabi/lib/thumb/v6-m/nofp\libc_nano.a(lib_a-memchr-stub.o)
                0x000049a4                memchr
 .text._ZdlPvj  0x000049ba        0x8 c:/nxp/mcuxpressoide_11.1.0_3209/ide/plugins/com.nxp.mcuxpresso.tools.win32_11.1.0.201909161352/tools/bin/../lib/gcc/arm-none-eabi/8.3.1/../../../../arm-none-eabi/lib/thumb/v6-m/nofp\libstdc++_nano.a(del_ops.o)
                0x000049ba                operator delete(void*, unsigned int)
 .text.error    0x000049c2       0x1c c:/nxp/mcuxpressoide_11.1.0_3209/ide/plugins/com.nxp.mcuxpresso.tools.win32_11.1.0.201909161352/tools/bin/../lib/gcc/arm-none-eabi/8.3.1/../../../../arm-none-eabi/lib/thumb/v6-m/nofp\libcr_newlib_semihost.a(syscalls.o)
 .text.checkerror
                0x000049de       0x20 c:/nxp/mcuxpressoide_11.1.0_3209/ide/plugins/com.nxp.mcuxpresso.tools.win32_11.1.0.201909161352/tools/bin/../lib/gcc/arm-none-eabi/8.3.1/../../../../arm-none-eabi/lib/thumb/v6-m/nofp\libcr_newlib_semihost.a(syscalls.o)
 .text._swiread
                0x000049fe       0x20 c:/nxp/mcuxpressoide_11.1.0_3209/ide/plugins/com.nxp.mcuxpresso.tools.win32_11.1.0.201909161352/tools/bin/../lib/gcc/arm-none-eabi/8.3.1/../../../../arm-none-eabi/lib/thumb/v6-m/nofp\libcr_newlib_semihost.a(syscalls.o)
                0x000049fe                _swiread
 .text._read    0x00004a1e       0x34 c:/nxp/mcuxpressoide_11.1.0_3209/ide/plugins/com.nxp.mcuxpresso.tools.win32_11.1.0.201909161352/tools/bin/../lib/gcc/arm-none-eabi/8.3.1/../../../../arm-none-eabi/lib/thumb/v6-m/nofp\libcr_newlib_semihost.a(syscalls.o)
                0x00004a1e                _read
 .text._swilseek
                0x00004a52       0x76 c:/nxp/mcuxpressoide_11.1.0_3209/ide/plugins/com.nxp.mcuxpresso.tools.win32_11.1.0.201909161352/tools/bin/../lib/gcc/arm-none-eabi/8.3.1/../../../../arm-none-eabi/lib/thumb/v6-m/nofp\libcr_newlib_semihost.a(syscalls.o)
                0x00004a52                _swilseek
 .text._lseek   0x00004ac8        0x8 c:/nxp/mcuxpressoide_11.1.0_3209/ide/plugins/com.nxp.mcuxpresso.tools.win32_11.1.0.201909161352/tools/bin/../lib/gcc/arm-none-eabi/8.3.1/../../../../arm-none-eabi/lib/thumb/v6-m/nofp\libcr_newlib_semihost.a(syscalls.o)
                0x00004ac8                _lseek
 .text._swiwrite
                0x00004ad0       0x20 c:/nxp/mcuxpressoide_11.1.0_3209/ide/plugins/com.nxp.mcuxpresso.tools.win32_11.1.0.201909161352/tools/bin/../lib/gcc/arm-none-eabi/8.3.1/../../../../arm-none-eabi/lib/thumb/v6-m/nofp\libcr_newlib_semihost.a(syscalls.o)
                0x00004ad0                _swiwrite
 .text._write   0x00004af0       0x3e c:/nxp/mcuxpressoide_11.1.0_3209/ide/plugins/com.nxp.mcuxpresso.tools.win32_11.1.0.201909161352/tools/bin/../lib/gcc/arm-none-eabi/8.3.1/../../../../arm-none-eabi/lib/thumb/v6-m/nofp\libcr_newlib_semihost.a(syscalls.o)
                0x00004af0                _write
 .text._swiclose
                0x00004b2e       0x18 c:/nxp/mcuxpressoide_11.1.0_3209/ide/plugins/com.nxp.mcuxpresso.tools.win32_11.1.0.201909161352/tools/bin/../lib/gcc/arm-none-eabi/8.3.1/../../../../arm-none-eabi/lib/thumb/v6-m/nofp\libcr_newlib_semihost.a(syscalls.o)
                0x00004b2e                _swiclose
 .text._swistat
                0x00004b46       0x44 c:/nxp/mcuxpressoide_11.1.0_3209/ide/plugins/com.nxp.mcuxpresso.tools.win32_11.1.0.201909161352/tools/bin/../lib/gcc/arm-none-eabi/8.3.1/../../../../arm-none-eabi/lib/thumb/v6-m/nofp\libcr_newlib_semihost.a(syscalls.o)
                0x00004b46                _swistat
 .text._fstat   0x00004b8a       0x1a c:/nxp/mcuxpressoide_11.1.0_3209/ide/plugins/com.nxp.mcuxpresso.tools.win32_11.1.0.201909161352/tools/bin/../lib/gcc/arm-none-eabi/8.3.1/../../../../arm-none-eabi/lib/thumb/v6-m/nofp\libcr_newlib_semihost.a(syscalls.o)
                0x00004b8a                _fstat
 .text._isatty  0x00004ba4       0x28 c:/nxp/mcuxpressoide_11.1.0_3209/ide/plugins/com.nxp.mcuxpresso.tools.win32_11.1.0.201909161352/tools/bin/../lib/gcc/arm-none-eabi/8.3.1/../../../../arm-none-eabi/lib/thumb/v6-m/nofp\libcr_newlib_semihost.a(syscalls.o)
                0x00004ba4                _isatty
 *freertos*/tasks.o(SORT_BY_ALIGNMENT(.rodata*))
 .rodata.vTaskStartScheduler.str1.4
                0x00004bcc        0x5 ./freertos/tasks.o
 *fill*         0x00004bd1        0x3 ff
 .rodata.xTaskGenericNotify
                0x00004bd4       0x14 ./freertos/tasks.o
 .rodata.xTaskGenericNotifyFromISR
                0x00004be8       0x14 ./freertos/tasks.o
 *(SORT_BY_ALIGNMENT(.rodata) SORT_BY_ALIGNMENT(.rodata.*) SORT_BY_ALIGNMENT(.constdata) SORT_BY_ALIGNMENT(.constdata.*))
 .rodata.RbufferNumOfElements.str1.4
                0x00004bfc       0x16 ./source/Ringbuffer/RingBuffer.o
 *fill*         0x00004c12        0x2 ff
 .rodata.__func__.3788
                0x00004c14       0x15 ./source/Ringbuffer/RingBuffer.o
 *fill*         0x00004c29        0x3 ff
 .rodata._ZTV17RingBufferWrapper
                0x00004c2c       0x10 ./source/Ringbuffer/RingBufferWrapper.o
                0x00004c2c                vtable for RingBufferWrapper
 .rodata._ZTV8Commands
                0x00004c3c       0x10 ./source/Commands.o
                0x00004c3c                vtable for Commands
 .rodata._ZN7Control16evaluate_messageEPhj
                0x00004c4c       0x40 ./source/Control.o
 .rodata._ZN7Control18read_from_terminalEPhj.str1.4
                0x00004c8c       0x1f ./source/Control.o
                                 0x22 (size before relaxing)
 *fill*         0x00004cab        0x1 ff
 .rodata._ZTV7Control
                0x00004cac       0x10 ./source/Control.o
                0x00004cac                vtable for Control
 .rodata._ZN7My_uart10uart_writeEPhj.str1.4
                0x00004cbc        0x2 ./source/Myuart.o
 *fill*         0x00004cbe        0x2 ff
 .rodata.UART0_IRQHandler.str1.4
                0x00004cc0       0x61 ./source/Myuart.o
 *fill*         0x00004d21        0x3 ff
 .rodata._ZTV7My_uart
                0x00004d24       0x10 ./source/Myuart.o
                0x00004d24                vtable for My_uart
 .rodata.CLOCK_GetMcgExtClkFreq.str1.4
                0x00004d34       0x19 ./drivers/fsl_clock.o
 *fill*         0x00004d4d        0x3 ff
 .rodata.CLOCK_GetEr32kClkFreq.str1.4
                0x00004d50        0xd ./drivers/fsl_clock.o
 *fill*         0x00004d5d        0x3 ff
 .rodata.CLOCK_GetFreq
                0x00004d60       0x38 ./drivers/fsl_clock.o
 .rodata.CLOCK_GetPll0Freq.str1.4
                0x00004d98        0xb ./drivers/fsl_clock.o
 *fill*         0x00004da3        0x1 ff
 .rodata.CLOCK_EnablePll0.str1.4
                0x00004da4        0x7 ./drivers/fsl_clock.o
 *fill*         0x00004dab        0x1 ff
 .rodata.__func__.5330
                0x00004dac       0x17 ./drivers/fsl_clock.o
 *fill*         0x00004dc3        0x1 ff
 .rodata.__func__.5363
                0x00004dc4       0x17 ./drivers/fsl_clock.o
 *fill*         0x00004ddb        0x1 ff
 .rodata.__func__.5371
                0x00004ddc       0x16 ./drivers/fsl_clock.o
 *fill*         0x00004df2        0x2 ff
 .rodata.fllFactorTable.5436
                0x00004df4       0x10 ./drivers/fsl_clock.o
 .rodata.__func__.5451
                0x00004e04       0x12 ./drivers/fsl_clock.o
 *fill*         0x00004e16        0x2 ff
 .rodata.__func__.5491
                0x00004e18       0x11 ./drivers/fsl_clock.o
 *fill*         0x00004e29        0x3 ff
 .rodata.__func__.5628
                0x00004e2c       0x11 ./drivers/fsl_clock.o
 *fill*         0x00004e3d        0x3 ff
 .rodata.__func__.5695
                0x00004e40       0x14 ./drivers/fsl_clock.o
 .rodata.__assert_func.str1.4
                0x00004e54       0x3e ./drivers/fsl_common.o
 *fill*         0x00004e92        0x2 ff
 .rodata.DMA_EnableInterrupts.str1.4
                0x00004e94       0x37 ./drivers/fsl_dma.o
 *fill*         0x00004ecb        0x1 ff
 .rodata.DMA_GetInstance.str1.4
                0x00004ecc       0x2f ./drivers/fsl_dma.o
 *fill*         0x00004efb        0x1 ff
 .rodata.DMA_CreateHandle.str1.4
                0x00004efc        0xf ./drivers/fsl_dma.o
 *fill*         0x00004f0b        0x1 ff
 .rodata.__func__.5595
                0x00004f0c        0xe ./drivers/fsl_dma.o
 *fill*         0x00004f1a        0x2 ff
 .rodata.__func__.5463
                0x00004f1c       0x1c ./drivers/fsl_dma.o
 .rodata.LPSCI_GetInstance.str1.4
                0x00004f38       0x31 ./drivers/fsl_lpsci.o
 *fill*         0x00004f69        0x3 ff
 .rodata.LPSCI_ReadNonBlocking.str1.4
                0x00004f6c        0x5 ./drivers/fsl_lpsci.o
 *fill*         0x00004f71        0x3 ff
 .rodata.LPSCI_Init.str1.4
                0x00004f74       0x15 ./drivers/fsl_lpsci.o
                                 0x1d (size before relaxing)
 *fill*         0x00004f89        0x3 ff
 .rodata.__func__.5511
                0x00004f8c       0x12 ./drivers/fsl_lpsci.o
 *fill*         0x00004f9e        0x2 ff
 .rodata.__func__.5547
                0x00004fa0        0xb ./drivers/fsl_lpsci.o
 *fill*         0x00004fab        0x1 ff
 .rodata.__func__.5568
                0x00004fac       0x17 ./drivers/fsl_lpsci.o
 *fill*         0x00004fc3        0x1 ff
 .rodata.__func__.5613
                0x00004fc4       0x14 ./drivers/fsl_lpsci.o
 .rodata.__func__.5625
                0x00004fd8       0x13 ./drivers/fsl_lpsci.o
 *fill*         0x00004feb        0x1 ff
 .rodata.SPI_GetInstance.str1.4
                0x00004fec       0x2f ./drivers/fsl_spi.o
 *fill*         0x0000501b        0x1 ff
 .rodata.SPI0_DriverIRQHandler.str1.4
                0x0000501c        0xf ./drivers/fsl_spi.o
 *fill*         0x0000502b        0x1 ff
 .rodata.SPI1_DriverIRQHandler.str1.4
                0x0000502c        0xf ./drivers/fsl_spi.o
 *fill*         0x0000503b        0x1 ff
 .rodata.__func__.5702
                0x0000503c       0x16 ./drivers/fsl_spi.o
 *fill*         0x00005052        0x2 ff
 .rodata.__func__.5706
                0x00005054       0x16 ./drivers/fsl_spi.o
 *fill*         0x0000506a        0x2 ff
 .rodata.s_uartBases
                0x0000506c        0xc ./drivers/fsl_uart.o
 .rodata.s_uartClock
                0x00005078        0xc ./drivers/fsl_uart.o
 .rodata.UART_GetInstance.str1.4
                0x00005084       0x28 ./drivers/fsl_uart.o
 .rodata.UART_Init.str1.4
                0x000050ac       0x1d ./drivers/fsl_uart.o
 .rodata.UART_WriteNonBlocking.str1.4
                0x000050ac        0x5 ./drivers/fsl_uart.o
 .rodata.__func__.5514
                0x000050ac       0x11 ./drivers/fsl_uart.o
 *fill*         0x000050bd        0x3 ff
 .rodata.__func__.5530
                0x000050c0        0xa ./drivers/fsl_uart.o
 *fill*         0x000050ca        0x2 ff
 .rodata.__func__.5543
                0x000050cc       0x16 ./drivers/fsl_uart.o
 *fill*         0x000050e2        0x2 ff
 .rodata.__func__.5601
                0x000050e4       0x12 ./drivers/fsl_uart.o
 *fill*         0x000050f6        0x2 ff
 .rodata.mcgConfig_BOARD_BootClockRUN
                0x000050f8        0xa ./board/clock_config.o
                0x000050f8                mcgConfig_BOARD_BootClockRUN
 *fill*         0x00005102        0x2 ff
 .rodata.simConfig_BOARD_BootClockRUN
                0x00005104        0x8 ./board/clock_config.o
                0x00005104                simConfig_BOARD_BootClockRUN
 .rodata.oscConfig_BOARD_BootClockRUN
                0x0000510c        0x8 ./board/clock_config.o
                0x0000510c                oscConfig_BOARD_BootClockRUN
 .rodata.__sf_fake_stderr
                0x00005114       0x20 c:/nxp/mcuxpressoide_11.1.0_3209/ide/plugins/com.nxp.mcuxpresso.tools.win32_11.1.0.201909161352/tools/bin/../lib/gcc/arm-none-eabi/8.3.1/../../../../arm-none-eabi/lib/thumb/v6-m/nofp\libc_nano.a(lib_a-findfp.o)
                0x00005114                __sf_fake_stderr
 .rodata.__sf_fake_stdin
                0x00005134       0x20 c:/nxp/mcuxpressoide_11.1.0_3209/ide/plugins/com.nxp.mcuxpresso.tools.win32_11.1.0.201909161352/tools/bin/../lib/gcc/arm-none-eabi/8.3.1/../../../../arm-none-eabi/lib/thumb/v6-m/nofp\libc_nano.a(lib_a-findfp.o)
                0x00005134                __sf_fake_stdin
 .rodata.__sf_fake_stdout
                0x00005154       0x20 c:/nxp/mcuxpressoide_11.1.0_3209/ide/plugins/com.nxp.mcuxpresso.tools.win32_11.1.0.201909161352/tools/bin/../lib/gcc/arm-none-eabi/8.3.1/../../../../arm-none-eabi/lib/thumb/v6-m/nofp\libc_nano.a(lib_a-findfp.o)
                0x00005154                __sf_fake_stdout
 .rodata._global_impure_ptr
                0x00005174        0x4 c:/nxp/mcuxpressoide_11.1.0_3209/ide/plugins/com.nxp.mcuxpresso.tools.win32_11.1.0.201909161352/tools/bin/../lib/gcc/arm-none-eabi/8.3.1/../../../../arm-none-eabi/lib/thumb/v6-m/nofp\libc_nano.a(lib_a-impure.o)
                0x00005174                _global_impure_ptr
 .rodata._vfprintf_r.str1.1
                0x00005178       0x11 c:/nxp/mcuxpressoide_11.1.0_3209/ide/plugins/com.nxp.mcuxpresso.tools.win32_11.1.0.201909161352/tools/bin/../lib/gcc/arm-none-eabi/8.3.1/../../../../arm-none-eabi/lib/thumb/v6-m/nofp\libc_nano.a(lib_a-nano-vfprintf.o)
 .rodata._printf_i.str1.1
                0x00005189       0x22 c:/nxp/mcuxpressoide_11.1.0_3209/ide/plugins/com.nxp.mcuxpresso.tools.win32_11.1.0.201909161352/tools/bin/../lib/gcc/arm-none-eabi/8.3.1/../../../../arm-none-eabi/lib/thumb/v6-m/nofp\libc_nano.a(lib_a-nano-vfprintf_i.o)
 .rodata.initialise_monitor_handles.str1.1
                0x000051ab        0x4 c:/nxp/mcuxpressoide_11.1.0_3209/ide/plugins/com.nxp.mcuxpresso.tools.win32_11.1.0.201909161352/tools/bin/../lib/gcc/arm-none-eabi/8.3.1/../../../../arm-none-eabi/lib/thumb/v6-m/nofp\libcr_newlib_semihost.a(syscalls.o)
                0x000051b0                . = ALIGN (0x4)
 *fill*         0x000051af        0x1 ff
                0x000051b0                . = ALIGN (0x4)
 *(SORT_BY_ALIGNMENT(.init))
 .init          0x000051b0        0x4 c:/nxp/mcuxpressoide_11.1.0_3209/ide/plugins/com.nxp.mcuxpresso.tools.win32_11.1.0.201909161352/tools/bin/../lib/gcc/arm-none-eabi/8.3.1/thumb/v6-m/nofp\crti.o
                0x000051b0                _init
 .init          0x000051b4        0x8 c:/nxp/mcuxpressoide_11.1.0_3209/ide/plugins/com.nxp.mcuxpresso.tools.win32_11.1.0.201909161352/tools/bin/../lib/gcc/arm-none-eabi/8.3.1/thumb/v6-m/nofp\crtn.o
                0x000051bc                . = ALIGN (0x4)
                0x000051bc                __preinit_array_start = .
 *(SORT_BY_ALIGNMENT(.preinit_array))
                0x000051bc                __preinit_array_end = .
                0x000051bc                . = ALIGN (0x4)
                0x000051bc                __init_array_start = .
 *(SORT_BY_NAME(SORT_BY_ALIGNMENT(.init_array.*)))
 *(SORT_BY_ALIGNMENT(.init_array))
 .init_array    0x000051bc        0x4 c:/nxp/mcuxpressoide_11.1.0_3209/ide/plugins/com.nxp.mcuxpresso.tools.win32_11.1.0.201909161352/tools/bin/../lib/gcc/arm-none-eabi/8.3.1/thumb/v6-m/nofp\crtbegin.o
                0x000051c0                __init_array_end = .
 *(SORT_BY_ALIGNMENT(.fini))
 .fini          0x000051c0        0x4 c:/nxp/mcuxpressoide_11.1.0_3209/ide/plugins/com.nxp.mcuxpresso.tools.win32_11.1.0.201909161352/tools/bin/../lib/gcc/arm-none-eabi/8.3.1/thumb/v6-m/nofp\crti.o
                0x000051c0                _fini
 .fini          0x000051c4        0x8 c:/nxp/mcuxpressoide_11.1.0_3209/ide/plugins/com.nxp.mcuxpresso.tools.win32_11.1.0.201909161352/tools/bin/../lib/gcc/arm-none-eabi/8.3.1/thumb/v6-m/nofp\crtn.o
                0x000051cc                . = ALIGN (0x4)
 *crtbegin.o(SORT_BY_ALIGNMENT(.ctors))
 *(SORT_BY_ALIGNMENT(EXCLUDE_FILE(*crtend.o) .ctors))
 *(SORT_BY_NAME(SORT_BY_ALIGNMENT(.ctors.*)))
 *crtend.o(SORT_BY_ALIGNMENT(.ctors))
                0x000051cc                . = ALIGN (0x4)
 *crtbegin.o(SORT_BY_ALIGNMENT(.dtors))
 *(SORT_BY_ALIGNMENT(EXCLUDE_FILE(*crtend.o) .dtors))
 *(SORT_BY_NAME(SORT_BY_ALIGNMENT(.dtors.*)))
 *crtend.o(SORT_BY_ALIGNMENT(.dtors))
                0x000051cc                . = ALIGN (0x4)

.glue_7         0x000051cc        0x0
 .glue_7        0x000051cc        0x0 linker stubs

.glue_7t        0x000051cc        0x0
 .glue_7t       0x000051cc        0x0 linker stubs

.vfp11_veneer   0x000051cc        0x0
 .vfp11_veneer  0x000051cc        0x0 linker stubs

.v4_bx          0x000051cc        0x0
 .v4_bx         0x000051cc        0x0 linker stubs

.iplt           0x000051cc        0x0
 .iplt          0x000051cc        0x0 ./utilities/fsl_debug_console.o

.rel.dyn        0x000051cc        0x0
 .rel.iplt      0x000051cc        0x0 ./utilities/fsl_debug_console.o

.eh_frame       0x000051cc        0x0
 .eh_frame      0x000051cc        0x0 c:/nxp/mcuxpressoide_11.1.0_3209/ide/plugins/com.nxp.mcuxpresso.tools.win32_11.1.0.201909161352/tools/bin/../lib/gcc/arm-none-eabi/8.3.1/thumb/v6-m/nofp\crtbegin.o

.ARM.extab
 *(SORT_BY_ALIGNMENT(.ARM.extab*) SORT_BY_ALIGNMENT(.gnu.linkonce.armextab.*))
                0x000051cc                __exidx_start = .

.ARM.exidx
 *(SORT_BY_ALIGNMENT(.ARM.exidx*) SORT_BY_ALIGNMENT(.gnu.linkonce.armexidx.*))
                0x000051cc                __exidx_end = .
                0x000051cc                _etext = .

.m_usb_data
 *(SORT_BY_ALIGNMENT(m_usb_bdt))

.mtb_buffer_default
                0x1ffff000       0x80
 *(SORT_BY_ALIGNMENT(.mtb*))
 .mtb.$RAM1     0x1ffff000       0x80 ./source/mtb.o
                0x1ffff000                __mtb_buffer__

.uninit_RESERVED
                0x1ffff080        0x0
                0x1ffff080                _start_uninit_RESERVED = .
 *(SORT_BY_ALIGNMENT(.bss.$RESERVED*))
                0x1ffff080                . = ALIGN (0x4)
                0x1ffff080                _end_uninit_RESERVED = .

.data           0x1ffff080      0x174 load address 0x000051cc
 FILL mask 0xff
                0x1ffff080                _data = .
                [!provide]                PROVIDE (__start_data_RAM = .)
                [!provide]                PROVIDE (__start_data_SRAM = .)
 *(SORT_BY_ALIGNMENT(vtable))
 *(SORT_BY_ALIGNMENT(.ramfunc*))
 *(SORT_BY_ALIGNMENT(CodeQuickAccess))
 *(SORT_BY_ALIGNMENT(DataQuickAccess))
 *(SORT_BY_ALIGNMENT(RamFunction))
 *(SORT_BY_ALIGNMENT(.data*))
 .data.crc_array
                0x1ffff080      0x100 ./source/Commands.o
                0x1ffff080                crc_array
 .data.uxCriticalNesting
                0x1ffff180        0x4 ./freertos/port.o
 .data.s_slowIrcFreq
                0x1ffff184        0x4 ./drivers/fsl_clock.o
 .data.s_fastIrcFreq
                0x1ffff188        0x4 ./drivers/fsl_clock.o
 .data.SystemCoreClock
                0x1ffff18c        0x4 ./CMSIS/system_MKL25Z4.o
                0x1ffff18c                SystemCoreClock
 .data._impure_ptr
                0x1ffff190        0x4 c:/nxp/mcuxpressoide_11.1.0_3209/ide/plugins/com.nxp.mcuxpresso.tools.win32_11.1.0.201909161352/tools/bin/../lib/gcc/arm-none-eabi/8.3.1/../../../../arm-none-eabi/lib/thumb/v6-m/nofp\libc_nano.a(lib_a-impure.o)
                0x1ffff190                _impure_ptr
 .data.impure_data
                0x1ffff194       0x60 c:/nxp/mcuxpressoide_11.1.0_3209/ide/plugins/com.nxp.mcuxpresso.tools.win32_11.1.0.201909161352/tools/bin/../lib/gcc/arm-none-eabi/8.3.1/../../../../arm-none-eabi/lib/thumb/v6-m/nofp\libc_nano.a(lib_a-impure.o)
                0x1ffff1f4                . = ALIGN (0x4)
                0x1ffff1f4                _edata = .
                [!provide]                PROVIDE (__end_data_RAM = .)
                [!provide]                PROVIDE (__end_data_SRAM = .)

.igot.plt       0x1ffff1f4        0x0 load address 0x00005340
 .igot.plt      0x1ffff1f4        0x0 ./utilities/fsl_debug_console.o

.bss            0x1ffff1f4      0x174
                0x1ffff1f4                _bss = .
                [!provide]                PROVIDE (__start_bss_RAM = .)
                [!provide]                PROVIDE (__start_bss_SRAM = .)
 *(SORT_BY_ALIGNMENT(.bss*))
 .bss.s_debugConsole
                0x1ffff1f4       0x10 ./utilities/fsl_debug_console.o
 .bss._ZN7My_uart8instanceE
                0x1ffff204        0x4 ./source/Myuart.o
                0x1ffff204                My_uart::instance
 .bss.pxCurrentTCB
                0x1ffff208        0x4 ./freertos/tasks.o
                0x1ffff208                pxCurrentTCB
 .bss.pxReadyTasksLists
                0x1ffff20c       0x64 ./freertos/tasks.o
 .bss.pxDelayedTaskList
                0x1ffff270        0x4 ./freertos/tasks.o
 .bss.pxOverflowDelayedTaskList
                0x1ffff274        0x4 ./freertos/tasks.o
 .bss.xPendingReadyList
                0x1ffff278       0x14 ./freertos/tasks.o
 .bss.xTickCount
                0x1ffff28c        0x4 ./freertos/tasks.o
 .bss.uxTopReadyPriority
                0x1ffff290        0x4 ./freertos/tasks.o
 .bss.uxPendedTicks
                0x1ffff294        0x4 ./freertos/tasks.o
 .bss.xYieldPending
                0x1ffff298        0x4 ./freertos/tasks.o
 .bss.xNumOfOverflows
                0x1ffff29c        0x4 ./freertos/tasks.o
 .bss.xNextTaskUnblockTime
                0x1ffff2a0        0x4 ./freertos/tasks.o
 .bss.uxSchedulerSuspended
                0x1ffff2a4        0x4 ./freertos/tasks.o
 .bss.g_xtal0Freq
                0x1ffff2a8        0x4 ./drivers/fsl_clock.o
                0x1ffff2a8                g_xtal0Freq
 .bss.g_xtal32Freq
                0x1ffff2ac        0x4 ./drivers/fsl_clock.o
                0x1ffff2ac                g_xtal32Freq
 .bss.s_DMAHandle
                0x1ffff2b0       0x10 ./drivers/fsl_dma.o
 .bss.s_i2cHandle
                0x1ffff2c0        0x8 ./drivers/fsl_i2c.o
 .bss.s_i2cMasterIsr
                0x1ffff2c8        0x4 ./drivers/fsl_i2c.o
 .bss.s_i2cSlaveIsr
                0x1ffff2cc        0x4 ./drivers/fsl_i2c.o
 .bss.s_lpsciHandle
                0x1ffff2d0        0x4 ./drivers/fsl_lpsci.o
 .bss.s_lpsciIsr
                0x1ffff2d4        0x4 ./drivers/fsl_lpsci.o
 .bss.s_spiHandle
                0x1ffff2d8        0x8 ./drivers/fsl_spi.o
 .bss.s_spiMasterIsr
                0x1ffff2e0        0x4 ./drivers/fsl_spi.o
 .bss.s_spiSlaveIsr
                0x1ffff2e4        0x4 ./drivers/fsl_spi.o
 .bss.s_uartHandle
                0x1ffff2e8        0xc ./drivers/fsl_uart.o
 .bss.s_uartIsr
                0x1ffff2f4        0x4 ./drivers/fsl_uart.o
 .bss.__malloc_free_list
                0x1ffff2f8        0x4 c:/nxp/mcuxpressoide_11.1.0_3209/ide/plugins/com.nxp.mcuxpresso.tools.win32_11.1.0.201909161352/tools/bin/../lib/gcc/arm-none-eabi/8.3.1/../../../../arm-none-eabi/lib/thumb/v6-m/nofp\libc_nano.a(lib_a-nano-mallocr.o)
                0x1ffff2f8                __malloc_free_list
 .bss.__malloc_sbrk_start
                0x1ffff2fc        0x4 c:/nxp/mcuxpressoide_11.1.0_3209/ide/plugins/com.nxp.mcuxpresso.tools.win32_11.1.0.201909161352/tools/bin/../lib/gcc/arm-none-eabi/8.3.1/../../../../arm-none-eabi/lib/thumb/v6-m/nofp\libc_nano.a(lib_a-nano-mallocr.o)
                0x1ffff2fc                __malloc_sbrk_start
 .bss.__end_of_heap
                0x1ffff300        0x4 c:/nxp/mcuxpressoide_11.1.0_3209/ide/plugins/com.nxp.mcuxpresso.tools.win32_11.1.0.201909161352/tools/bin/../lib/gcc/arm-none-eabi/8.3.1/../../../../arm-none-eabi/lib/thumb/v6-m/nofp\libcr_newlib_semihost.a(_cr_sbrk.o)
                0x1ffff300                __end_of_heap
 .bss.initialized.5735
                0x1ffff304        0x4 c:/nxp/mcuxpressoide_11.1.0_3209/ide/plugins/com.nxp.mcuxpresso.tools.win32_11.1.0.201909161352/tools/bin/../lib/gcc/arm-none-eabi/8.3.1/../../../../arm-none-eabi/lib/thumb/v6-m/nofp\libcr_newlib_semihost.a(syscalls.o)
 .bss.monitor_stderr
                0x1ffff308        0x4 c:/nxp/mcuxpressoide_11.1.0_3209/ide/plugins/com.nxp.mcuxpresso.tools.win32_11.1.0.201909161352/tools/bin/../lib/gcc/arm-none-eabi/8.3.1/../../../../arm-none-eabi/lib/thumb/v6-m/nofp\libcr_newlib_semihost.a(syscalls.o)
 .bss.monitor_stdin
                0x1ffff30c        0x4 c:/nxp/mcuxpressoide_11.1.0_3209/ide/plugins/com.nxp.mcuxpresso.tools.win32_11.1.0.201909161352/tools/bin/../lib/gcc/arm-none-eabi/8.3.1/../../../../arm-none-eabi/lib/thumb/v6-m/nofp\libcr_newlib_semihost.a(syscalls.o)
 .bss.monitor_stdout
                0x1ffff310        0x4 c:/nxp/mcuxpressoide_11.1.0_3209/ide/plugins/com.nxp.mcuxpresso.tools.win32_11.1.0.201909161352/tools/bin/../lib/gcc/arm-none-eabi/8.3.1/../../../../arm-none-eabi/lib/thumb/v6-m/nofp\libcr_newlib_semihost.a(syscalls.o)
 .bss.openfiles
                0x1ffff314       0x28 c:/nxp/mcuxpressoide_11.1.0_3209/ide/plugins/com.nxp.mcuxpresso.tools.win32_11.1.0.201909161352/tools/bin/../lib/gcc/arm-none-eabi/8.3.1/../../../../arm-none-eabi/lib/thumb/v6-m/nofp\libcr_newlib_semihost.a(syscalls.o)
 .bss           0x1ffff33c       0x1c c:/nxp/mcuxpressoide_11.1.0_3209/ide/plugins/com.nxp.mcuxpresso.tools.win32_11.1.0.201909161352/tools/bin/../lib/gcc/arm-none-eabi/8.3.1/thumb/v6-m/nofp\crtbegin.o
 *(SORT_BY_ALIGNMENT(COMMON))
 COMMON         0x1ffff358        0x4 c:/nxp/mcuxpressoide_11.1.0_3209/ide/plugins/com.nxp.mcuxpresso.tools.win32_11.1.0.201909161352/tools/bin/../lib/gcc/arm-none-eabi/8.3.1/../../../../arm-none-eabi/lib/thumb/v6-m/nofp\libc_nano.a(lib_a-reent.o)
                0x1ffff358                errno
 COMMON         0x1ffff35c        0x9 c:/nxp/mcuxpressoide_11.1.0_3209/ide/plugins/com.nxp.mcuxpresso.tools.win32_11.1.0.201909161352/tools/bin/../lib/gcc/arm-none-eabi/8.3.1/../../../../arm-none-eabi/lib/thumb/v6-m/nofp\libc_nano.a(lib_a-lock.o)
                0x1ffff35c                __lock___atexit_recursive_mutex
                0x1ffff35d                __lock___arc4random_mutex
                0x1ffff35e                __lock___env_recursive_mutex
                0x1ffff35f                __lock___sinit_recursive_mutex
                0x1ffff360                __lock___malloc_recursive_mutex
                0x1ffff361                __lock___at_quick_exit_mutex
                0x1ffff362                __lock___dd_hash_mutex
                0x1ffff363                __lock___tz_mutex
                0x1ffff364                __lock___sfp_recursive_mutex
                0x1ffff368                . = ALIGN (0x4)
 *fill*         0x1ffff365        0x3 
                0x1ffff368                _ebss = .
                [!provide]                PROVIDE (__end_bss_RAM = .)
                [!provide]                PROVIDE (__end_bss_SRAM = .)
                [!provide]                PROVIDE (end = .)

.noinit         0x1ffff368        0x0
                0x1ffff368                _noinit = .
                [!provide]                PROVIDE (__start_noinit_RAM = .)
                [!provide]                PROVIDE (__start_noinit_SRAM = .)
 *(SORT_BY_ALIGNMENT(.noinit*))
                0x1ffff368                . = ALIGN (0x4)
                0x1ffff368                _end_noinit = .
                [!provide]                PROVIDE (__end_noinit_RAM = .)
                [!provide]                PROVIDE (__end_noinit_SRAM = .)
                0x00000400                _HeapSize = 0x400

.heap           0x1ffff368      0x400
                0x1ffff368                _pvHeapStart = .
                0x1ffff768                . = (. + _HeapSize)
 *fill*         0x1ffff368      0x400 
                0x1ffff768                . = ALIGN (0x4)
                0x1ffff768                _pvHeapLimit = .
                0x00000400                _StackSize = 0x400

.heap2stackfill
                0x1ffff768      0x400
                0x1ffffb68                . = (. + _StackSize)
 *fill*         0x1ffff768      0x400 

.stack          0x20002c00        0x0
                0x20002c00                _vStackBase = .
                0x20002c00                . = ALIGN (0x4)
                0x20003000                _vStackTop = (. + _StackSize)
                0x00000000                _image_start = LOADADDR (.text)
                0x00005340                _image_end = (LOADADDR (.data) + SIZEOF (.data))
                0x00005340                _image_size = (_image_end - _image_start)
OUTPUT(MKL25Z128xxx4_Elevator.axf elf32-littlearm)

.debug_info     0x00000000    0x1a4f8
 .debug_info    0x00000000     0x1177 ./utilities/fsl_debug_console.o
 .debug_info    0x00001177      0x4f4 ./startup/startup_mkl25z4.o
 .debug_info    0x0000166b      0x326 ./source/Ringbuffer/RingBuffer.o
 .debug_info    0x00001991      0x4a5 ./source/Ringbuffer/RingBufferWrapper.o
 .debug_info    0x00001e36     0x11b5 ./source/Commands.o
 .debug_info    0x00002feb     0x1099 ./source/Control.o
 .debug_info    0x00004084      0xc9f ./source/MKL25Z128xxx4_Elevator.o
 .debug_info    0x00004d23     0x14a9 ./source/Myuart.o
 .debug_info    0x000061cc     0x1282 ./source/cpp_config.o
 .debug_info    0x0000744e       0x53 ./source/mtb.o
 .debug_info    0x000074a1       0x3c ./source/semihost_hardfault.o
 .debug_info    0x000074dd      0xb6b ./freertos/list.o
 .debug_info    0x00008048      0x24e ./freertos/port.o
 .debug_info    0x00008296     0x212f ./freertos/tasks.o
 .debug_info    0x0000a3c5     0x2414 ./drivers/fsl_clock.o
 .debug_info    0x0000c7d9      0xceb ./drivers/fsl_common.o
 .debug_info    0x0000d4c4     0x1976 ./drivers/fsl_dma.o
 .debug_info    0x0000ee3a     0x2510 ./drivers/fsl_i2c.o
 .debug_info    0x0001134a     0x1f30 ./drivers/fsl_lpsci.o
 .debug_info    0x0001327a     0x1e3a ./drivers/fsl_spi.o
 .debug_info    0x000150b4     0x1ead ./drivers/fsl_uart.o
 .debug_info    0x00016f61      0xf83 ./board/board.o
 .debug_info    0x00017ee4     0x1387 ./board/clock_config.o
 .debug_info    0x0001926b       0x3c ./board/peripherals.o
 .debug_info    0x000192a7      0xe2c ./board/pin_mux.o
 .debug_info    0x0001a0d3      0x425 ./CMSIS/system_MKL25Z4.o

.debug_abbrev   0x00000000     0x4554
 .debug_abbrev  0x00000000      0x2d0 ./utilities/fsl_debug_console.o
 .debug_abbrev  0x000002d0      0x1b0 ./startup/startup_mkl25z4.o
 .debug_abbrev  0x00000480      0x14a ./source/Ringbuffer/RingBuffer.o
 .debug_abbrev  0x000005ca      0x1e5 ./source/Ringbuffer/RingBufferWrapper.o
 .debug_abbrev  0x000007af      0x433 ./source/Commands.o
 .debug_abbrev  0x00000be2      0x394 ./source/Control.o
 .debug_abbrev  0x00000f76      0x220 ./source/MKL25Z128xxx4_Elevator.o
 .debug_abbrev  0x00001196      0x47d ./source/Myuart.o
 .debug_abbrev  0x00001613      0x378 ./source/cpp_config.o
 .debug_abbrev  0x0000198b       0x46 ./source/mtb.o
 .debug_abbrev  0x000019d1       0x31 ./source/semihost_hardfault.o
 .debug_abbrev  0x00001a02      0x22e ./freertos/list.o
 .debug_abbrev  0x00001c30      0x18b ./freertos/port.o
 .debug_abbrev  0x00001dbb      0x381 ./freertos/tasks.o
 .debug_abbrev  0x0000213c      0x439 ./drivers/fsl_clock.o
 .debug_abbrev  0x00002575      0x37c ./drivers/fsl_common.o
 .debug_abbrev  0x000028f1      0x38a ./drivers/fsl_dma.o
 .debug_abbrev  0x00002c7b      0x42a ./drivers/fsl_i2c.o
 .debug_abbrev  0x000030a5      0x3c5 ./drivers/fsl_lpsci.o
 .debug_abbrev  0x0000346a      0x3c5 ./drivers/fsl_spi.o
 .debug_abbrev  0x0000382f      0x3df ./drivers/fsl_uart.o
 .debug_abbrev  0x00003c0e      0x25c ./board/board.o
 .debug_abbrev  0x00003e6a      0x2e8 ./board/clock_config.o
 .debug_abbrev  0x00004152       0x31 ./board/peripherals.o
 .debug_abbrev  0x00004183      0x2a3 ./board/pin_mux.o
 .debug_abbrev  0x00004426      0x12e ./CMSIS/system_MKL25Z4.o

.debug_aranges  0x00000000     0x1010
 .debug_aranges
                0x00000000       0x48 ./utilities/fsl_debug_console.o
 .debug_aranges
                0x00000048      0x160 ./startup/startup_mkl25z4.o
 .debug_aranges
                0x000001a8       0x58 ./source/Ringbuffer/RingBuffer.o
 .debug_aranges
                0x00000200       0x58 ./source/Ringbuffer/RingBufferWrapper.o
 .debug_aranges
                0x00000258       0x80 ./source/Commands.o
 .debug_aranges
                0x000002d8       0x98 ./source/Control.o
 .debug_aranges
                0x00000370       0x20 ./source/MKL25Z128xxx4_Elevator.o
 .debug_aranges
                0x00000390       0x88 ./source/Myuart.o
 .debug_aranges
                0x00000418       0x48 ./source/cpp_config.o
 .debug_aranges
                0x00000460       0x18 ./source/mtb.o
 .debug_aranges
                0x00000478       0x20 ./source/semihost_hardfault.o
 .debug_aranges
                0x00000498       0x40 ./freertos/list.o
 .debug_aranges
                0x000004d8       0x80 ./freertos/port.o
 .debug_aranges
                0x00000558      0x1e8 ./freertos/tasks.o
 .debug_aranges
                0x00000740      0x1d8 ./drivers/fsl_clock.o
 .debug_aranges
                0x00000918       0x38 ./drivers/fsl_common.o
 .debug_aranges
                0x00000950       0xd0 ./drivers/fsl_dma.o
 .debug_aranges
                0x00000a20      0x178 ./drivers/fsl_i2c.o
 .debug_aranges
                0x00000b98      0x118 ./drivers/fsl_lpsci.o
 .debug_aranges
                0x00000cb0      0x130 ./drivers/fsl_spi.o
 .debug_aranges
                0x00000de0      0x130 ./drivers/fsl_uart.o
 .debug_aranges
                0x00000f10       0x28 ./board/board.o
 .debug_aranges
                0x00000f38       0x58 ./board/clock_config.o
 .debug_aranges
                0x00000f90       0x20 ./board/peripherals.o
 .debug_aranges
                0x00000fb0       0x38 ./board/pin_mux.o
 .debug_aranges
                0x00000fe8       0x28 ./CMSIS/system_MKL25Z4.o

.debug_ranges   0x00000000      0xe68
 .debug_ranges  0x00000000       0x38 ./utilities/fsl_debug_console.o
 .debug_ranges  0x00000038      0x150 ./startup/startup_mkl25z4.o
 .debug_ranges  0x00000188       0x48 ./source/Ringbuffer/RingBuffer.o
 .debug_ranges  0x000001d0       0x48 ./source/Ringbuffer/RingBufferWrapper.o
 .debug_ranges  0x00000218       0x70 ./source/Commands.o
 .debug_ranges  0x00000288       0x88 ./source/Control.o
 .debug_ranges  0x00000310       0x10 ./source/MKL25Z128xxx4_Elevator.o
 .debug_ranges  0x00000320       0x78 ./source/Myuart.o
 .debug_ranges  0x00000398       0x38 ./source/cpp_config.o
 .debug_ranges  0x000003d0       0x10 ./source/semihost_hardfault.o
 .debug_ranges  0x000003e0       0x30 ./freertos/list.o
 .debug_ranges  0x00000410       0x70 ./freertos/port.o
 .debug_ranges  0x00000480      0x1d8 ./freertos/tasks.o
 .debug_ranges  0x00000658      0x1c8 ./drivers/fsl_clock.o
 .debug_ranges  0x00000820       0x28 ./drivers/fsl_common.o
 .debug_ranges  0x00000848       0xc0 ./drivers/fsl_dma.o
 .debug_ranges  0x00000908      0x168 ./drivers/fsl_i2c.o
 .debug_ranges  0x00000a70      0x108 ./drivers/fsl_lpsci.o
 .debug_ranges  0x00000b78      0x120 ./drivers/fsl_spi.o
 .debug_ranges  0x00000c98      0x120 ./drivers/fsl_uart.o
 .debug_ranges  0x00000db8       0x18 ./board/board.o
 .debug_ranges  0x00000dd0       0x48 ./board/clock_config.o
 .debug_ranges  0x00000e18       0x10 ./board/peripherals.o
 .debug_ranges  0x00000e28       0x28 ./board/pin_mux.o
 .debug_ranges  0x00000e50       0x18 ./CMSIS/system_MKL25Z4.o

.debug_macro    0x00000000     0xde67
 .debug_macro   0x00000000      0x2d1 ./utilities/fsl_debug_console.o
 .debug_macro   0x000002d1      0xaa8 ./utilities/fsl_debug_console.o
 .debug_macro   0x00000d79       0x58 ./utilities/fsl_debug_console.o
 .debug_macro   0x00000dd1       0x18 ./utilities/fsl_debug_console.o
 .debug_macro   0x00000de9       0x22 ./utilities/fsl_debug_console.o
 .debug_macro   0x00000e0b       0x58 ./utilities/fsl_debug_console.o
 .debug_macro   0x00000e63       0x94 ./utilities/fsl_debug_console.o
 .debug_macro   0x00000ef7       0x35 ./utilities/fsl_debug_console.o
 .debug_macro   0x00000f2c       0x34 ./utilities/fsl_debug_console.o
 .debug_macro   0x00000f60       0x16 ./utilities/fsl_debug_console.o
 .debug_macro   0x00000f76      0x10e ./utilities/fsl_debug_console.o
 .debug_macro   0x00001084       0x8d ./utilities/fsl_debug_console.o
 .debug_macro   0x00001111       0x16 ./utilities/fsl_debug_console.o
 .debug_macro   0x00001127       0x43 ./utilities/fsl_debug_console.o
 .debug_macro   0x0000116a       0x57 ./utilities/fsl_debug_console.o
 .debug_macro   0x000011c1       0x34 ./utilities/fsl_debug_console.o
 .debug_macro   0x000011f5       0x10 ./utilities/fsl_debug_console.o
 .debug_macro   0x00001205       0x58 ./utilities/fsl_debug_console.o
 .debug_macro   0x0000125d      0x182 ./utilities/fsl_debug_console.o
 .debug_macro   0x000013df      0x339 ./utilities/fsl_debug_console.o
 .debug_macro   0x00001718       0x16 ./utilities/fsl_debug_console.o
 .debug_macro   0x0000172e       0x29 ./utilities/fsl_debug_console.o
 .debug_macro   0x00001757      0x1a9 ./utilities/fsl_debug_console.o
 .debug_macro   0x00001900       0x1c ./utilities/fsl_debug_console.o
 .debug_macro   0x0000191c       0x22 ./utilities/fsl_debug_console.o
 .debug_macro   0x0000193e      0x103 ./utilities/fsl_debug_console.o
 .debug_macro   0x00001a41       0x6a ./utilities/fsl_debug_console.o
 .debug_macro   0x00001aab      0x1df ./utilities/fsl_debug_console.o
 .debug_macro   0x00001c8a       0x16 ./utilities/fsl_debug_console.o
 .debug_macro   0x00001ca0       0x35 ./utilities/fsl_debug_console.o
 .debug_macro   0x00001cd5       0x10 ./utilities/fsl_debug_console.o
 .debug_macro   0x00001ce5       0x3f ./utilities/fsl_debug_console.o
 .debug_macro   0x00001d24       0x3a ./utilities/fsl_debug_console.o
 .debug_macro   0x00001d5e       0x26 ./utilities/fsl_debug_console.o
 .debug_macro   0x00001d84      0x329 ./utilities/fsl_debug_console.o
 .debug_macro   0x000020ad       0x30 ./utilities/fsl_debug_console.o
 .debug_macro   0x000020dd     0x51e2 ./utilities/fsl_debug_console.o
 .debug_macro   0x000072bf     0x1352 ./utilities/fsl_debug_console.o
 .debug_macro   0x00008611       0x3a ./utilities/fsl_debug_console.o
 .debug_macro   0x0000864b       0xf4 ./utilities/fsl_debug_console.o
 .debug_macro   0x0000873f       0x35 ./utilities/fsl_debug_console.o
 .debug_macro   0x00008774       0x1c ./utilities/fsl_debug_console.o
 .debug_macro   0x00008790       0x10 ./utilities/fsl_debug_console.o
 .debug_macro   0x000087a0       0x1c ./utilities/fsl_debug_console.o
 .debug_macro   0x000087bc       0x52 ./utilities/fsl_debug_console.o
 .debug_macro   0x0000880e       0x40 ./utilities/fsl_debug_console.o
 .debug_macro   0x0000884e       0x10 ./utilities/fsl_debug_console.o
 .debug_macro   0x0000885e       0x40 ./utilities/fsl_debug_console.o
 .debug_macro   0x0000889e       0xd5 ./utilities/fsl_debug_console.o
 .debug_macro   0x00008973       0x1c ./utilities/fsl_debug_console.o
 .debug_macro   0x0000898f       0x3d ./utilities/fsl_debug_console.o
 .debug_macro   0x000089cc       0x16 ./utilities/fsl_debug_console.o
 .debug_macro   0x000089e2      0x16f ./utilities/fsl_debug_console.o
 .debug_macro   0x00008b51       0x34 ./utilities/fsl_debug_console.o
 .debug_macro   0x00008b85       0x10 ./utilities/fsl_debug_console.o
 .debug_macro   0x00008b95       0x10 ./utilities/fsl_debug_console.o
 .debug_macro   0x00008ba5       0x2a ./startup/startup_mkl25z4.o
 .debug_macro   0x00008bcf      0xb80 ./startup/startup_mkl25z4.o
 .debug_macro   0x0000974f       0xb8 ./source/Ringbuffer/RingBuffer.o
 .debug_macro   0x00009807       0x8e ./source/Ringbuffer/RingBuffer.o
 .debug_macro   0x00009895       0x51 ./source/Ringbuffer/RingBuffer.o
 .debug_macro   0x000098e6       0x5e ./source/Ringbuffer/RingBuffer.o
 .debug_macro   0x00009944      0x174 ./source/Ringbuffer/RingBuffer.o
 .debug_macro   0x00009ab8       0x6d ./source/Ringbuffer/RingBufferWrapper.o
 .debug_macro   0x00009b25      0x17b ./source/Ringbuffer/RingBufferWrapper.o
 .debug_macro   0x00009ca0       0x64 ./source/Ringbuffer/RingBufferWrapper.o
 .debug_macro   0x00009d04       0x16 ./source/Ringbuffer/RingBufferWrapper.o
 .debug_macro   0x00009d1a      0x2dd ./source/Commands.o
 .debug_macro   0x00009ff7       0x34 ./source/Commands.o
 .debug_macro   0x0000a02b       0x16 ./source/Commands.o
 .debug_macro   0x0000a041      0x34e ./source/Commands.o
 .debug_macro   0x0000a38f       0x43 ./source/Commands.o
 .debug_macro   0x0000a3d2      0x35c ./source/Commands.o
 .debug_macro   0x0000a72e       0x10 ./source/Commands.o
 .debug_macro   0x0000a73e       0x35 ./source/Commands.o
 .debug_macro   0x0000a773      0x329 ./source/Commands.o
 .debug_macro   0x0000aa9c       0x10 ./source/Commands.o
 .debug_macro   0x0000aaac      0x137 ./source/Commands.o
 .debug_macro   0x0000abe3       0x10 ./source/Commands.o
 .debug_macro   0x0000abf3       0x10 ./source/Commands.o
 .debug_macro   0x0000ac03       0x34 ./source/Commands.o
 .debug_macro   0x0000ac37      0x148 ./source/Commands.o
 .debug_macro   0x0000ad7f      0x313 ./source/Control.o
 .debug_macro   0x0000b092       0x22 ./source/Control.o
 .debug_macro   0x0000b0b4       0x3c ./source/Control.o
 .debug_macro   0x0000b0f0       0x2c ./source/Control.o
 .debug_macro   0x0000b11c       0x52 ./source/Control.o
 .debug_macro   0x0000b16e      0x336 ./source/MKL25Z128xxx4_Elevator.o
 .debug_macro   0x0000b4a4       0x16 ./source/MKL25Z128xxx4_Elevator.o
 .debug_macro   0x0000b4ba       0x10 ./source/MKL25Z128xxx4_Elevator.o
 .debug_macro   0x0000b4ca      0x112 ./source/MKL25Z128xxx4_Elevator.o
 .debug_macro   0x0000b5dc       0x2e ./source/MKL25Z128xxx4_Elevator.o
 .debug_macro   0x0000b60a       0x3a ./source/MKL25Z128xxx4_Elevator.o
 .debug_macro   0x0000b644      0x14e ./source/MKL25Z128xxx4_Elevator.o
 .debug_macro   0x0000b792      0x2ce ./source/Myuart.o
 .debug_macro   0x0000ba60      0x13e ./source/cpp_config.o
 .debug_macro   0x0000bb9e      0x16f ./source/cpp_config.o
 .debug_macro   0x0000bd0d       0x10 ./source/cpp_config.o
 .debug_macro   0x0000bd1d      0x3ed ./source/cpp_config.o
 .debug_macro   0x0000c10a       0x10 ./source/cpp_config.o
 .debug_macro   0x0000c11a      0x10e ./source/cpp_config.o
 .debug_macro   0x0000c228       0x94 ./source/cpp_config.o
 .debug_macro   0x0000c2bc       0x1c ./source/cpp_config.o
 .debug_macro   0x0000c2d8       0xde ./source/cpp_config.o
 .debug_macro   0x0000c3b6       0x2f ./source/mtb.o
 .debug_macro   0x0000c3e5       0x82 ./source/mtb.o
 .debug_macro   0x0000c467       0x10 ./source/mtb.o
 .debug_macro   0x0000c477       0x11 ./source/semihost_hardfault.o
 .debug_macro   0x0000c488      0x179 ./freertos/list.o
 .debug_macro   0x0000c601       0xec ./freertos/port.o
 .debug_macro   0x0000c6ed      0x25f ./freertos/tasks.o
 .debug_macro   0x0000c94c       0x11 ./freertos/tasks.o
 .debug_macro   0x0000c95d      0x268 ./drivers/fsl_clock.o
 .debug_macro   0x0000cbc5      0x282 ./drivers/fsl_common.o
 .debug_macro   0x0000ce47      0x1be ./drivers/fsl_dma.o
 .debug_macro   0x0000d005      0x1bd ./drivers/fsl_i2c.o
 .debug_macro   0x0000d1c2       0x10 ./drivers/fsl_i2c.o
 .debug_macro   0x0000d1d2      0x1be ./drivers/fsl_lpsci.o
 .debug_macro   0x0000d390      0x1bd ./drivers/fsl_spi.o
 .debug_macro   0x0000d54d       0x10 ./drivers/fsl_spi.o
 .debug_macro   0x0000d55d      0x1c4 ./drivers/fsl_uart.o
 .debug_macro   0x0000d721      0x2ab ./board/board.o
 .debug_macro   0x0000d9cc      0x1f5 ./board/clock_config.o
 .debug_macro   0x0000dbc1       0x1b ./board/peripherals.o
 .debug_macro   0x0000dbdc      0x1c0 ./board/pin_mux.o
 .debug_macro   0x0000dd9c       0x10 ./board/pin_mux.o
 .debug_macro   0x0000ddac       0xbb ./CMSIS/system_MKL25Z4.o

.debug_line     0x00000000     0xdaaf
 .debug_line    0x00000000      0x73c ./utilities/fsl_debug_console.o
 .debug_line    0x0000073c      0x1fa ./startup/startup_mkl25z4.o
 .debug_line    0x00000936      0x4eb ./source/Ringbuffer/RingBuffer.o
 .debug_line    0x00000e21      0x3ff ./source/Ringbuffer/RingBufferWrapper.o
 .debug_line    0x00001220      0x9d8 ./source/Commands.o
 .debug_line    0x00001bf8      0x97a ./source/Control.o
 .debug_line    0x00002572      0x81a ./source/MKL25Z128xxx4_Elevator.o
 .debug_line    0x00002d8c      0x96f ./source/Myuart.o
 .debug_line    0x000036fb      0x5b9 ./source/cpp_config.o
 .debug_line    0x00003cb4       0xd6 ./source/mtb.o
 .debug_line    0x00003d8a       0x5a ./source/semihost_hardfault.o
 .debug_line    0x00003de4      0x4db ./freertos/list.o
 .debug_line    0x000042bf      0x50b ./freertos/port.o
 .debug_line    0x000047ca     0x170c ./freertos/tasks.o
 .debug_line    0x00005ed6     0x14de ./drivers/fsl_clock.o
 .debug_line    0x000073b4      0x6ed ./drivers/fsl_common.o
 .debug_line    0x00007aa1      0x930 ./drivers/fsl_dma.o
 .debug_line    0x000083d1     0x14a3 ./drivers/fsl_i2c.o
 .debug_line    0x00009874      0xf5f ./drivers/fsl_lpsci.o
 .debug_line    0x0000a7d3      0xce1 ./drivers/fsl_spi.o
 .debug_line    0x0000b4b4      0xf4d ./drivers/fsl_uart.o
 .debug_line    0x0000c401      0x665 ./board/board.o
 .debug_line    0x0000ca66      0x5f1 ./board/clock_config.o
 .debug_line    0x0000d057       0x5c ./board/peripherals.o
 .debug_line    0x0000d0b3      0x57a ./board/pin_mux.o
 .debug_line    0x0000d62d      0x482 ./CMSIS/system_MKL25Z4.o

.debug_str      0x00000000    0x440db
 .debug_str     0x00000000    0x34d98 ./utilities/fsl_debug_console.o
                              0x35268 (size before relaxing)
 .debug_str     0x00034d98      0x9ca ./startup/startup_mkl25z4.o
                               0x360b (size before relaxing)
 .debug_str     0x00035762       0xc5 ./source/Ringbuffer/RingBuffer.o
                               0x44bc (size before relaxing)
 .debug_str     0x00035827      0x242 ./source/Ringbuffer/RingBufferWrapper.o
                               0x3cab (size before relaxing)
 .debug_str     0x00035a69     0x1529 ./source/Commands.o
                              0x34ed2 (size before relaxing)
 .debug_str     0x00036f92      0x540 ./source/Control.o
                              0x34fbb (size before relaxing)
 .debug_str     0x000374d2      0xe49 ./source/MKL25Z128xxx4_Elevator.o
                              0x35ac4 (size before relaxing)
 .debug_str     0x0003831b      0x61f ./source/Myuart.o
                              0x34f04 (size before relaxing)
 .debug_str     0x0003893a     0x18d9 ./source/cpp_config.o
                               0x7f0b (size before relaxing)
 .debug_str     0x0003a213      0x532 ./source/mtb.o
                               0x32e9 (size before relaxing)
 .debug_str     0x0003a745       0x1f ./source/semihost_hardfault.o
                               0x2dd6 (size before relaxing)
 .debug_str     0x0003a764     0x2e2d ./freertos/list.o
                               0x9ac5 (size before relaxing)
 .debug_str     0x0003d591      0xb38 ./freertos/port.o
                               0x788b (size before relaxing)
 .debug_str     0x0003e0c9     0x1b98 ./freertos/tasks.o
                               0xbcb6 (size before relaxing)
 .debug_str     0x0003fc61     0x13fa ./drivers/fsl_clock.o