Control.cpp:14:1:Control::Control()	16	static
Control.cpp:29:1:Control::~Control()	16	static
Control.cpp:29:1:virtual Control::~Control()	16	static
Control.cpp:36:6:void Control::read_message()	72	dynamic
Control.cpp:51:6:void Control::evaluate_message(uint8_t*, size_t)	72	dynamic
Control.cpp:132:6:void Control::evaluate_position(uint8_t, uint8_t)	16	static
Control.cpp:174:6:void Control::evaluate_button(uint8_t)	32	static
Control.cpp:218:6:void Control::motor_move(int32_t)	32	static
Control.cpp:230:6:void Control::motor_stop()	16	static
Control.cpp:235:6:void Control::door(uint8_t)	16	static
Control.cpp:239:6:void Control::emergency_break(uint8_t)	16	static
Control.cpp:244:6:void Control::display(uint8_t)	40	static
Control.cpp:269:6:void Control::led(uint8_t, uint8_t)	16	static
Control.cpp:273:6:void Control::send_to_terminal(uint8_t*, size_t)	24	static
Control.cpp:277:6:void Control::read_from_terminal(uint8_t*, size_t)	32	static
Control.cpp:286:6:void Control::all_floor_led(uint8_t)	24	static
Control.cpp:294:6:void Control::watchdog(uint8_t)	16	static
