core_cm0plus.h:745:22:void NVIC_EnableIRQ(IRQn_Type)	16	static
fsl_common.h:212:20:void EnableIRQ(IRQn_Type)	16	static
fsl_clock.h:620:20:void CLOCK_SetLpsci0Clock(uint32_t)	16	static
fsl_lpsci.h:516:23:uint8_t LPSCI_ReadByte(UART0_Type*)	16	static
MKL25Z128xxx4_Elevator.cpp:121:9:uint8_t get_crc8(const uint8_t*, uint8_t)	32	static
MKL25Z128xxx4_Elevator.cpp:138:17:void UART0_IRQHandler()	24	static
MKL25Z128xxx4_Elevator.cpp:176:5:int main()	80	dynamic
MKL25Z128xxx4_Elevator.cpp:237:1:void __static_initialization_and_destruction_0(int, int)	16	static
MKL25Z128xxx4_Elevator.cpp:237:1:cpp)	8	static
