core_cm0plus.h:745:22:void NVIC_EnableIRQ(IRQn_Type)	16	static
fsl_common.h:212:20:void EnableIRQ(IRQn_Type)	16	static
fsl_pit.h:127:20:void PIT_GetDefaultConfig(pit_config_t*)	16	static
fsl_pit.h:181:20:void PIT_EnableInterrupts(PIT_Type*, pit_chnl_t, uint32_t)	24	static
fsl_pit.h:242:20:void PIT_ClearStatusFlags(PIT_Type*, pit_chnl_t, uint32_t)	24	static
fsl_pit.h:268:20:void PIT_SetTimerPeriod(PIT_Type*, pit_chnl_t, uint32_t)	24	static
fsl_pit.h:308:20:void PIT_StartTimer(PIT_Type*, pit_chnl_t)	16	static
Mytimer.cpp:10:1:Mytimer::Mytimer(uint32_t)	32	static
Mytimer.cpp:22:1:Mytimer::~Mytimer()	16	static
Mytimer.cpp:22:1:virtual Mytimer::~Mytimer()	16	static
Mytimer.cpp:26:6:void PIT_IRQHandler()	8	static
Mytimer.cpp:33:6:void Mytimer::timer_handler()	16	static
